Archive member included because of file (symbol)

.\CortexM3\ARM_GCC_493\Debug\LAB2.a(cyfitter_cfg.o)
                              .\CortexM3\ARM_GCC_493\Debug\Cm3Start.o (cyfitter_cfg)
.\CortexM3\ARM_GCC_493\Debug\LAB2.a(LCD_Char_1.o)
                              .\CortexM3\ARM_GCC_493\Debug\main.o (LCD_Char_1_PrintString)
.\CortexM3\ARM_GCC_493\Debug\LAB2.a(ADC_DelSig_1.o)
                              .\CortexM3\ARM_GCC_493\Debug\main.o (ADC_DelSig_1_Start)
.\CortexM3\ARM_GCC_493\Debug\LAB2.a(ADC_DelSig_1_INT.o)
                              .\CortexM3\ARM_GCC_493\Debug\LAB2.a(ADC_DelSig_1.o) (ADC_DelSig_1_ISR1)
.\CortexM3\ARM_GCC_493\Debug\LAB2.a(MAC_unit_1_go_to_mac.o)
                              .\CortexM3\ARM_GCC_493\Debug\main.o (MAC_unit_1_go_to_mac_Write)
.\CortexM3\ARM_GCC_493\Debug\LAB2.a(Pin_2.o)
                              .\CortexM3\ARM_GCC_493\Debug\main.o (Pin_2_Read)
.\CortexM3\ARM_GCC_493\Debug\LAB2.a(ADC_DelSig_1_Ext_CP_Clk.o)
                              .\CortexM3\ARM_GCC_493\Debug\LAB2.a(ADC_DelSig_1.o) (ADC_DelSig_1_Ext_CP_Clk_SetModeRegister)
.\CortexM3\ARM_GCC_493\Debug\LAB2.a(ADC_DelSig_1_theACLK.o)
                              .\CortexM3\ARM_GCC_493\Debug\LAB2.a(ADC_DelSig_1.o) (ADC_DelSig_1_theACLK_SetModeRegister)
.\CortexM3\ARM_GCC_493\Debug\LAB2.a(CyBootAsmGnu.o)
                              .\CortexM3\ARM_GCC_493\Debug\LAB2.a(cyfitter_cfg.o) (CyDelayCycles)
.\CortexM3\ARM_GCC_493\Debug\LAB2.a(CyLib.o)
                              .\CortexM3\ARM_GCC_493\Debug\Cm3Start.o (CyHalt)
.\CortexM3\ARM_GCC_493\Debug\LAB2.a(cyPm.o)
                              .\CortexM3\ARM_GCC_493\Debug\LAB2.a(CyLib.o) (CyPmReadStatus)
.\CortexM3\ARM_GCC_493\Debug\LAB2.a(SPIM_1.o)
                              .\CortexM3\ARM_GCC_493\Debug\tft.o (SPIM_1_ReadTxStatus)
.\CortexM3\ARM_GCC_493\Debug\LAB2.a(DC.o)
                              .\CortexM3\ARM_GCC_493\Debug\tft.o (DC_Write)
.\CortexM3\ARM_GCC_493\Debug\LAB2.a(SPIM_1_IntClock.o)
                              .\CortexM3\ARM_GCC_493\Debug\LAB2.a(SPIM_1.o) (SPIM_1_IntClock_Start)
.\CortexM3\ARM_GCC_493\Debug\LAB2.a(ADC_DelSig_1_AMux.o)
                              .\CortexM3\ARM_GCC_493\Debug\LAB2.a(ADC_DelSig_1.o) (ADC_DelSig_1_AMux_Select)
.\CortexM3\ARM_GCC_493\Debug\LAB2.a(ADC_SAR_1.o)
                              .\CortexM3\ARM_GCC_493\Debug\main.o (ADC_SAR_1_Start)
.\CortexM3\ARM_GCC_493\Debug\LAB2.a(ADC_SAR_1_INT.o)
                              .\CortexM3\ARM_GCC_493\Debug\LAB2.a(ADC_SAR_1.o) (ADC_SAR_1_ISR)
.\CortexM3\ARM_GCC_493\Debug\LAB2.a(ADC_SAR_1_theACLK.o)
                              .\CortexM3\ARM_GCC_493\Debug\LAB2.a(ADC_SAR_1.o) (ADC_SAR_1_theACLK_SetModeRegister)
.\CortexM3\ARM_GCC_493\Debug\LAB2.a(CyFlash.o)
                              .\CortexM3\ARM_GCC_493\Debug\LAB2.a(cyPm.o) (CyFlash_SetWaitCycles)
.\CortexM3\ARM_GCC_493\Debug\LAB2.a(CySpc.o)
                              .\CortexM3\ARM_GCC_493\Debug\LAB2.a(CyFlash.o) (CySpcStart)
c:/program files (x86)/cypress/psoc creator/3.3/psoc creator/import/gnu/arm/4.9.3/bin/../lib/gcc/arm-none-eabi/4.9.3/armv7-m\libgcc.a(_arm_addsubdf3.o)
                              .\CortexM3\ARM_GCC_493\Debug\LAB2.a(ADC_DelSig_1.o) (__aeabi_f2d)
c:/program files (x86)/cypress/psoc creator/3.3/psoc creator/import/gnu/arm/4.9.3/bin/../lib/gcc/arm-none-eabi/4.9.3/armv7-m\libgcc.a(_arm_cmpdf2.o)
                              .\CortexM3\ARM_GCC_493\Debug\LAB2.a(ADC_DelSig_1.o) (__aeabi_dcmpgt)
c:/program files (x86)/cypress/psoc creator/3.3/psoc creator/import/gnu/arm/4.9.3/bin/../lib/gcc/arm-none-eabi/4.9.3/armv7-m\libgcc.a(_arm_addsubsf3.o)
                              .\CortexM3\ARM_GCC_493\Debug\LAB2.a(ADC_DelSig_1.o) (__aeabi_ui2f)
c:/program files (x86)/cypress/psoc creator/3.3/psoc creator/import/gnu/arm/4.9.3/bin/../lib/gcc/arm-none-eabi/4.9.3/armv7-m\libgcc.a(_arm_muldivsf3.o)
                              .\CortexM3\ARM_GCC_493\Debug\LAB2.a(ADC_DelSig_1.o) (__aeabi_fmul)
c:/program files (x86)/cypress/psoc creator/3.3/psoc creator/import/gnu/arm/4.9.3/bin/../lib/gcc/arm-none-eabi/4.9.3/armv7-m\libgcc.a(_arm_fixunssfsi.o)
                              .\CortexM3\ARM_GCC_493\Debug\LAB2.a(ADC_DelSig_1.o) (__aeabi_f2uiz)
c:/program files (x86)/cypress/psoc creator/3.3/psoc creator/import/gnu/arm/4.9.3/bin/../lib/gcc/arm-none-eabi/4.9.3/armv7-m\libgcc.a(_aeabi_ldivmod.o)
                              .\CortexM3\ARM_GCC_493\Debug\LAB2.a(ADC_SAR_1.o) (__aeabi_ldivmod)
c:/program files (x86)/cypress/psoc creator/3.3/psoc creator/import/gnu/arm/4.9.3/bin/../lib/gcc/arm-none-eabi/4.9.3/armv7-m\libgcc.a(bpabi.o)
                              c:/program files (x86)/cypress/psoc creator/3.3/psoc creator/import/gnu/arm/4.9.3/bin/../lib/gcc/arm-none-eabi/4.9.3/armv7-m\libgcc.a(_aeabi_ldivmod.o) (__gnu_ldivmod_helper)
c:/program files (x86)/cypress/psoc creator/3.3/psoc creator/import/gnu/arm/4.9.3/bin/../lib/gcc/arm-none-eabi/4.9.3/armv7-m\libgcc.a(_dvmd_tls.o)
[...]
Memory Configuration

Name             Origin             Length             Attributes
rom              0x00000000         0x00040000         xr
ram              0x1fff8000         0x00010000         xrw
*default*        0x00000000         0xffffffff

Linker script and memory map

LOAD c:/program files (x86)/cypress/psoc creator/3.3/psoc creator/import/gnu/arm/4.9.3/bin/../lib/gcc/arm-none-eabi/4.9.3/armv7-m/crti.o
LOAD c:/program files (x86)/cypress/psoc creator/3.3/psoc creator/import/gnu/arm/4.9.3/bin/../lib/gcc/arm-none-eabi/4.9.3/armv7-m/crtbegin.o
LOAD c:/program files (x86)/cypress/psoc creator/3.3/psoc creator/import/gnu/arm/4.9.3/bin/../lib/gcc/arm-none-eabi/4.9.3/../../../../arm-none-eabi/lib/armv7-m/crt0.o
START GROUP
LOAD .\CortexM3\ARM_GCC_493\Debug\main.o
LOAD .\CortexM3\ARM_GCC_493\Debug\tft.o
LOAD .\CortexM3\ARM_GCC_493\Debug\cymetadata.o
LOAD .\CortexM3\ARM_GCC_493\Debug\Cm3Start.o
LOAD .\CortexM3\ARM_GCC_493\Debug\LAB2.a
LOAD C:\Program Files (x86)\Cypress\PSoC Creator\3.3\PSoC Creator\psoc\content\cycomponentlibrary\CyComponentLibrary.cylib\CortexM3\ARM_GCC_493\Debug\CyComponentLibrary.a
END GROUP
START GROUP
LOAD c:/program files (x86)/cypress/psoc creator/3.3/psoc creator/import/gnu/arm/4.9.3/bin/../lib/gcc/arm-none-eabi/4.9.3/armv7-m\libgcc.a
LOAD c:/program files (x86)/cypress/psoc creator/3.3/psoc creator/import/gnu/arm/4.9.3/bin/../lib/gcc/arm-none-eabi/4.9.3/../../../../arm-none-eabi/lib/armv7-m\libg_nano.a
LOAD c:/program files (x86)/cypress/psoc creator/3.3/psoc creator/import/gnu/arm/4.9.3/bin/../lib/gcc/arm-none-eabi/4.9.3/../../../../arm-none-eabi/lib/armv7-m\libc_nano.a
END GROUP
START GROUP
LOAD c:/program files (x86)/cypress/psoc creator/3.3/psoc creator/import/gnu/arm/4.9.3/bin/../lib/gcc/arm-none-eabi/4.9.3/armv7-m\libgcc.a
LOAD c:/program files (x86)/cypress/psoc creator/3.3/psoc creator/import/gnu/arm/4.9.3/bin/../lib/gcc/arm-none-eabi/4.9.3/../../../../arm-none-eabi/lib/armv7-m\libc_nano.a
END GROUP
LOAD c:/program files (x86)/cypress/psoc creator/3.3/psoc creator/import/gnu/arm/4.9.3/bin/../lib/gcc/arm-none-eabi/4.9.3/armv7-m/crtend.o
LOAD c:/program files (x86)/cypress/psoc creator/3.3/psoc creator/import/gnu/arm/4.9.3/bin/../lib/gcc/arm-none-eabi/4.9.3/armv7-m/crtn.o
START GROUP
LOAD c:/program files (x86)/cypress/psoc creator/3.3/psoc creator/import/gnu/arm/4.9.3/bin/../lib/gcc/arm-none-eabi/4.9.3/armv7-m\libgcc.a
LOAD c:/program files (x86)/cypress/psoc creator/3.3/psoc creator/import/gnu/arm/4.9.3/bin/../lib/gcc/arm-none-eabi/4.9.3/../../../../arm-none-eabi/lib/armv7-m\libc.a
LOAD c:/program files (x86)/cypress/psoc creator/3.3/psoc creator/import/gnu/arm/4.9.3/bin/../lib/gcc/arm-none-eabi/4.9.3/../../../../arm-none-eabi/lib/armv7-m\libnosys.a
END GROUP
                0x00000000                CY_APPL_ORIGIN = 0x0
                0x00000100                CY_FLASH_ROW_SIZE = 0x100
                0x00000020                CY_ECC_ROW_SIZE = 0x20
                0x00000000                CY_EE_IN_BTLDR = 0x0
                0x00000000                CY_APPL_LOADABLE = 0x0
                0x00000800                CY_EE_SIZE = 0x800
                0x00000001                CY_APPL_NUM = 0x1
                0x00000001                CY_APPL_MAX = 0x1
                0x00000040                CY_METADATA_SIZE = 0x40
                0x00000000                CY_APPL_LOADABLE = 0x0
                0x00000000                CY_CHECKSUM_EXCLUDE_SIZE = ALIGN (0x0, CY_FLASH_ROW_SIZE)
                0x1fff81e8                PROVIDE (__cy_heap_start, _end)
                0x00000001                PROVIDE (__cy_region_num, ((__cy_regions_end - __cy_regions) / 0x10))
                0x20008000                PROVIDE (__cy_stack, (ORIGIN (ram) + 0x10000))
                0x20004000                PROVIDE (__cy_heap_end, (__cy_stack - 0x4000))

.cybootloader   0x00000000        0x0
 *(.cybootloader)
                0x00000000                appl1_start = CY_APPL_ORIGIN?CY_APPL_ORIGIN:ALIGN (CY_FLASH_ROW_SIZE)
                0x0001ff00                appl2_start = (appl1_start + ALIGN ((((0x40000 - appl1_start) - (0x2 * CY_FLASH_ROW_SIZE)) / 0x2), CY_FLASH_ROW_SIZE))
                0x00000000                appl_start = (CY_APPL_NUM == 0x1)?appl1_start:appl2_start
                0x00000000                ecc_offset = ((appl_start / CY_FLASH_ROW_SIZE) * CY_ECC_ROW_SIZE)
                0x00000000                ee_offset = (CY_APPL_LOADABLE && ! (CY_EE_IN_BTLDR))?((CY_EE_SIZE / CY_APPL_MAX) * (CY_APPL_NUM - 0x1)):0x0
                0x00000800                ee_size = (CY_APPL_LOADABLE && ! (CY_EE_IN_BTLDR))?(CY_EE_SIZE / CY_APPL_MAX):CY_EE_SIZE
                0x00000000                PROVIDE (CY_ECC_OFFSET, ecc_offset)

.text           0x00000000     0x1dcc
 CREATE_OBJECT_SYMBOLS
                0x00000000                PROVIDE (__cy_interrupt_vector, RomVectors)
 *(.romvectors)
 .romvectors    0x00000000       0x10 .\CortexM3\ARM_GCC_493\Debug\Cm3Start.o
                0x00000000                RomVectors
                0x00000001                ASSERT ((. != __cy_interrupt_vector), No interrupt vector)
                0x00000001                ASSERT (CY_APPL_ORIGIN?(SIZEOF (.cybootloader) <= CY_APPL_ORIGIN):0x1, Wrong image location)
                0x00000010                PROVIDE (__cy_reset, Reset)
 *(.text.Reset)
 .text.Reset    0x00000010       0x18 .\CortexM3\ARM_GCC_493\Debug\Cm3Start.o
                0x00000010                Reset
                0x00000001                ASSERT ((. != __cy_reset), No reset code)
 *(.dma_init)
                0x00000001                ASSERT ((((appl_start + .) <= 0x10000) || 0x1), DMA Init must be within the first 64k of flash)
 *(.text .text.* .gnu.linkonce.t.*)
 .text          0x00000028       0x5c c:/program files (x86)/cypress/psoc creator/3.3/psoc creator/import/gnu/arm/4.9.3/bin/../lib/gcc/arm-none-eabi/4.9.3/armv7-m/crtbegin.o
 .text.draw_continuous_line
                0x00000084      0x114 .\CortexM3\ARM_GCC_493\Debug\main.o
                0x00000084                draw_continuous_line
 .text.display_tft
                0x00000198       0x74 .\CortexM3\ARM_GCC_493\Debug\main.o
                0x00000198                display_tft
 .text.run_mac  0x0000020c       0x5c .\CortexM3\ARM_GCC_493\Debug\main.o
                0x0000020c                run_mac
 .text.main     0x00000268      0x168 .\CortexM3\ARM_GCC_493\Debug\main.o
                0x00000268                main
 .text.write8_a0
                0x000003d0       0x1c .\CortexM3\ARM_GCC_493\Debug\tft.o
                0x000003d0                write8_a0
 .text.write8_a1
                0x000003ec       0x1c .\CortexM3\ARM_GCC_493\Debug\tft.o
                0x000003ec                write8_a1
 .text.tftStart
                0x00000408       0x3c .\CortexM3\ARM_GCC_493\Debug\tft.o
                0x00000408                tftStart
 .text.IntDefaultHandler
                0x00000444        0x4 .\CortexM3\ARM_GCC_493\Debug\Cm3Start.o
                0x00000444                IntDefaultHandler
 .text._sbrk    0x00000448       0x30 .\CortexM3\ARM_GCC_493\Debug\Cm3Start.o
                0x00000448                _sbrk
 .text.Start_c  0x00000478       0x4c .\CortexM3\ARM_GCC_493\Debug\Cm3Start.o
                0x00000478                Start_c
 .text.initialize_psoc
                0x000004c4       0x74 .\CortexM3\ARM_GCC_493\Debug\Cm3Start.o
                0x000004c4                initialize_psoc
 .text.CyClockStartupError
                0x00000538        0x4 .\CortexM3\ARM_GCC_493\Debug\LAB2.a(cyfitter_cfg.o)
 .text.cfg_write_bytes32
                0x0000053c       0x34 .\CortexM3\ARM_GCC_493\Debug\LAB2.a(cyfitter_cfg.o)
 .text.CYMEMZERO
                0x00000570        0xc .\CortexM3\ARM_GCC_493\Debug\LAB2.a(cyfitter_cfg.o)
 .text.AnalogSetDefault
                0x0000057c       0x84 .\CortexM3\ARM_GCC_493\Debug\LAB2.a(cyfitter_cfg.o)
 .text.CYCONFIGCPY
                0x00000600        0x8 .\CortexM3\ARM_GCC_493\Debug\LAB2.a(cyfitter_cfg.o)
 .text.ClockSetup
                0x00000608      0x108 .\CortexM3\ARM_GCC_493\Debug\LAB2.a(cyfitter_cfg.o)
 .text.ADC_DelSig_1_AMux_Set
                0x00000710       0x1c .\CortexM3\ARM_GCC_493\Debug\LAB2.a(cyfitter_cfg.o)
                0x00000710                ADC_DelSig_1_AMux_Set
 .text.ADC_DelSig_1_AMux_Unset
                0x0000072c       0x1c .\CortexM3\ARM_GCC_493\Debug\LAB2.a(cyfitter_cfg.o)
                0x0000072c                ADC_DelSig_1_AMux_Unset
 .text.cyfitter_cfg
                0x00000748      0x138 .\CortexM3\ARM_GCC_493\Debug\LAB2.a(cyfitter_cfg.o)
                0x00000748                cyfitter_cfg
 .text.LCD_Char_1_WrCntrlNib
                0x00000880       0x34 .\CortexM3\ARM_GCC_493\Debug\LAB2.a(LCD_Char_1.o)
 .text.LCD_Char_1_WrDatNib
                0x000008b4       0x44 .\CortexM3\ARM_GCC_493\Debug\LAB2.a(LCD_Char_1.o)
 .text.LCD_Char_1_IsReady
                0x000008f8       0xe4 .\CortexM3\ARM_GCC_493\Debug\LAB2.a(LCD_Char_1.o)
                0x000008f8                LCD_Char_1_IsReady
 .text.LCD_Char_1_WriteData
                0x000009dc       0x18 .\CortexM3\ARM_GCC_493\Debug\LAB2.a(LCD_Char_1.o)
                0x000009dc                LCD_Char_1_WriteData
 .text.LCD_Char_1_PrintString
                0x000009f4       0x1c .\CortexM3\ARM_GCC_493\Debug\LAB2.a(LCD_Char_1.o)
                0x000009f4                LCD_Char_1_PrintString
 .text.LCD_Char_1_WriteControl
                0x00000a10       0x18 .\CortexM3\ARM_GCC_493\Debug\LAB2.a(LCD_Char_1.o)
                0x00000a10                LCD_Char_1_WriteControl
 .text.LCD_Char_1_Init
                0x00000a28       0x6c .\CortexM3\ARM_GCC_493\Debug\LAB2.a(LCD_Char_1.o)
                0x00000a28                LCD_Char_1_Init
 .text.LCD_Char_1_Enable
                0x00000a94       0x14 .\CortexM3\ARM_GCC_493\Debug\LAB2.a(LCD_Char_1.o)
                0x00000a94                LCD_Char_1_Enable
 .text.LCD_Char_1_Start
                0x00000aa8       0x1c .\CortexM3\ARM_GCC_493\Debug\LAB2.a(LCD_Char_1.o)
                0x00000aa8                LCD_Char_1_Start
 .text.ADC_DelSig_1_GainCompensation
                0x00000ac4       0xcc .\CortexM3\ARM_GCC_493\Debug\LAB2.a(ADC_DelSig_1.o)
 .text.ADC_DelSig_1_SetDSMRef0Reg
                0x00000b90       0x4c .\CortexM3\ARM_GCC_493\Debug\LAB2.a(ADC_DelSig_1.o)
 .text.ADC_DelSig_1_InitConfig
                0x00000bdc       0xdc .\CortexM3\ARM_GCC_493\Debug\LAB2.a(ADC_DelSig_1.o)
 .text.ADC_DelSig_1_Init
                0x00000cb8       0xc4 .\CortexM3\ARM_GCC_493\Debug\LAB2.a(ADC_DelSig_1.o)
                0x00000cb8                ADC_DelSig_1_Init
 .text.ADC_DelSig_1_Enable
                0x00000d7c       0xd8 .\CortexM3\ARM_GCC_493\Debug\LAB2.a(ADC_DelSig_1.o)
                0x00000d7c                ADC_DelSig_1_Enable
 .text.ADC_DelSig_1_Start
                0x00000e54       0x28 .\CortexM3\ARM_GCC_493\Debug\LAB2.a(ADC_DelSig_1.o)
                0x00000e54                ADC_DelSig_1_Start
 .text.ADC_DelSig_1_StartConvert
                0x00000e7c       0x10 .\CortexM3\ARM_GCC_493\Debug\LAB2.a(ADC_DelSig_1.o)
                0x00000e7c                ADC_DelSig_1_StartConvert
 .text.ADC_DelSig_1_IsEndConversion
                0x00000e8c       0x30 .\CortexM3\ARM_GCC_493\Debug\LAB2.a(ADC_DelSig_1.o)
                0x00000e8c                ADC_DelSig_1_IsEndConversion
 .text.ADC_DelSig_1_GetResult16
                0x00000ebc       0x50 .\CortexM3\ARM_GCC_493\Debug\LAB2.a(ADC_DelSig_1.o)
                0x00000ebc                ADC_DelSig_1_GetResult16
 .text.ADC_DelSig_1_ISR1
                0x00000f0c        0x4 .\CortexM3\ARM_GCC_493\Debug\LAB2.a(ADC_DelSig_1_INT.o)
                0x00000f0c                ADC_DelSig_1_ISR1
 .text.MAC_unit_1_go_to_mac_Write
                0x00000f10        0xc .\CortexM3\ARM_GCC_493\Debug\LAB2.a(MAC_unit_1_go_to_mac.o)
                0x00000f10                MAC_unit_1_go_to_mac_Write
 .text.Pin_2_Read
                0x00000f1c       0x10 .\CortexM3\ARM_GCC_493\Debug\LAB2.a(Pin_2.o)
                0x00000f1c                Pin_2_Read
 .text.ADC_DelSig_1_Ext_CP_Clk_GetDividerRegister
                0x00000f2c        0xc .\CortexM3\ARM_GCC_493\Debug\LAB2.a(ADC_DelSig_1_Ext_CP_Clk.o)
                0x00000f2c                ADC_DelSig_1_Ext_CP_Clk_GetDividerRegister
 .text.ADC_DelSig_1_Ext_CP_Clk_SetModeRegister
                0x00000f38       0x14 .\CortexM3\ARM_GCC_493\Debug\LAB2.a(ADC_DelSig_1_Ext_CP_Clk.o)
                0x00000f38                ADC_DelSig_1_Ext_CP_Clk_SetModeRegister
 .text.ADC_DelSig_1_Ext_CP_Clk_GetSourceRegister
                0x00000f4c       0x10 .\CortexM3\ARM_GCC_493\Debug\LAB2.a(ADC_DelSig_1_Ext_CP_Clk.o)
                0x00000f4c                ADC_DelSig_1_Ext_CP_Clk_GetSourceRegister
 .text.ADC_DelSig_1_Ext_CP_Clk_SetDividerRegister
                0x00000f5c       0xd8 .\CortexM3\ARM_GCC_493\Debug\LAB2.a(ADC_DelSig_1_Ext_CP_Clk.o)
                0x00000f5c                ADC_DelSig_1_Ext_CP_Clk_SetDividerRegister
 .text.ADC_DelSig_1_theACLK_GetDividerRegister
                0x00001034        0xc .\CortexM3\ARM_GCC_493\Debug\LAB2.a(ADC_DelSig_1_theACLK.o)
                0x00001034                ADC_DelSig_1_theACLK_GetDividerRegister
 .text.ADC_DelSig_1_theACLK_SetModeRegister
                0x00001040       0x14 .\CortexM3\ARM_GCC_493\Debug\LAB2.a(ADC_DelSig_1_theACLK.o)
                0x00001040                ADC_DelSig_1_theACLK_SetModeRegister
 .text.ADC_DelSig_1_theACLK_GetSourceRegister
                0x00001054       0x10 .\CortexM3\ARM_GCC_493\Debug\LAB2.a(ADC_DelSig_1_theACLK.o)
                0x00001054                ADC_DelSig_1_theACLK_GetSourceRegister
 .text.ADC_DelSig_1_theACLK_SetDividerRegister
                0x00001064       0xd8 .\CortexM3\ARM_GCC_493\Debug\LAB2.a(ADC_DelSig_1_theACLK.o)
                0x00001064                ADC_DelSig_1_theACLK_SetDividerRegister
 *fill*         0x0000113c        0x4 
 .text          0x00001140       0x20 .\CortexM3\ARM_GCC_493\Debug\LAB2.a(CyBootAsmGnu.o)
                0x00001140                CyDelayCycles
                0x00001150                CyEnterCriticalSection
                0x00001158                CyExitCriticalSection
 .text.CyHalt   0x00001160        0x4 .\CortexM3\ARM_GCC_493\Debug\LAB2.a(CyLib.o)
                0x00001160                CyHalt
 .text.CyDelay  0x00001164       0x2c .\CortexM3\ARM_GCC_493\Debug\LAB2.a(CyLib.o)
                0x00001164                CyDelay
 .text.CyDelayUs
                0x00001190       0x14 .\CortexM3\ARM_GCC_493\Debug\LAB2.a(CyLib.o)
                0x00001190                CyDelayUs
 .text.CyIntSetVector
                0x000011a4       0x28 .\CortexM3\ARM_GCC_493\Debug\LAB2.a(CyLib.o)
                0x000011a4                CyIntSetVector
 .text.CyIntSetPriority
                0x000011cc       0x30 .\CortexM3\ARM_GCC_493\Debug\LAB2.a(CyLib.o)
                0x000011cc                CyIntSetPriority
 .text.SPIM_1_Enable
                0x000011fc       0x34 .\CortexM3\ARM_GCC_493\Debug\LAB2.a(SPIM_1.o)
                0x000011fc                SPIM_1_Enable
 .text.SPIM_1_ReadTxStatus
                0x00001230        0xc .\CortexM3\ARM_GCC_493\Debug\LAB2.a(SPIM_1.o)
                0x00001230                SPIM_1_ReadTxStatus
 .text.SPIM_1_ReadRxStatus
                0x0000123c        0xc .\CortexM3\ARM_GCC_493\Debug\LAB2.a(SPIM_1.o)
                0x0000123c                SPIM_1_ReadRxStatus
 .text.SPIM_1_WriteTxData
                0x00001248       0x18 .\CortexM3\ARM_GCC_493\Debug\LAB2.a(SPIM_1.o)
                0x00001248                SPIM_1_WriteTxData
 .text.SPIM_1_ClearFIFO
                0x00001260       0x3c .\CortexM3\ARM_GCC_493\Debug\LAB2.a(SPIM_1.o)
                0x00001260                SPIM_1_ClearFIFO
 .text.SPIM_1_Init
                0x0000129c       0x28 .\CortexM3\ARM_GCC_493\Debug\LAB2.a(SPIM_1.o)
                0x0000129c                SPIM_1_Init
 .text.SPIM_1_Start
                0x000012c4       0x1c .\CortexM3\ARM_GCC_493\Debug\LAB2.a(SPIM_1.o)
                0x000012c4                SPIM_1_Start
 .text.DC_Write
                0x000012e0       0x18 .\CortexM3\ARM_GCC_493\Debug\LAB2.a(DC.o)
                0x000012e0                DC_Write
 .text.SPIM_1_IntClock_Start
                0x000012f8       0x1c .\CortexM3\ARM_GCC_493\Debug\LAB2.a(SPIM_1_IntClock.o)
                0x000012f8                SPIM_1_IntClock_Start
 .text.ADC_DelSig_1_AMux_Start
                0x00001314       0x20 .\CortexM3\ARM_GCC_493\Debug\LAB2.a(ADC_DelSig_1_AMux.o)
                0x00001314                ADC_DelSig_1_AMux_Start
 .text.ADC_DelSig_1_AMux_Select
                0x00001334       0x18 .\CortexM3\ARM_GCC_493\Debug\LAB2.a(ADC_DelSig_1_AMux.o)
                0x00001334                ADC_DelSig_1_AMux_Select
 .text.ADC_SAR_1_CalcGain
                0x0000134c       0x64 .\CortexM3\ARM_GCC_493\Debug\LAB2.a(ADC_SAR_1.o)
 .text.ADC_SAR_1_Enable
                0x000013b0       0x94 .\CortexM3\ARM_GCC_493\Debug\LAB2.a(ADC_SAR_1.o)
                0x000013b0                ADC_SAR_1_Enable
 .text.ADC_SAR_1_SetResolution
                0x00001444       0x38 .\CortexM3\ARM_GCC_493\Debug\LAB2.a(ADC_SAR_1.o)
                0x00001444                ADC_SAR_1_SetResolution
 .text.ADC_SAR_1_Init
                0x0000147c       0x3c .\CortexM3\ARM_GCC_493\Debug\LAB2.a(ADC_SAR_1.o)
                0x0000147c                ADC_SAR_1_Init
 .text.ADC_SAR_1_Start
                0x000014b8       0x1c .\CortexM3\ARM_GCC_493\Debug\LAB2.a(ADC_SAR_1.o)
                0x000014b8                ADC_SAR_1_Start
 .text.ADC_SAR_1_StartConvert
                0x000014d4       0x10 .\CortexM3\ARM_GCC_493\Debug\LAB2.a(ADC_SAR_1.o)
                0x000014d4                ADC_SAR_1_StartConvert
 .text.ADC_SAR_1_IsEndConversion
                0x000014e4       0x24 .\CortexM3\ARM_GCC_493\Debug\LAB2.a(ADC_SAR_1.o)
                0x000014e4                ADC_SAR_1_IsEndConversion
 .text.ADC_SAR_1_GetResult16
                0x00001508       0x18 .\CortexM3\ARM_GCC_493\Debug\LAB2.a(ADC_SAR_1.o)
                0x00001508                ADC_SAR_1_GetResult16
 .text.ADC_SAR_1_ISR
                0x00001520        0x4 .\CortexM3\ARM_GCC_493\Debug\LAB2.a(ADC_SAR_1_INT.o)
                0x00001520                ADC_SAR_1_ISR
 .text.ADC_SAR_1_theACLK_SetModeRegister
                0x00001524       0x14 .\CortexM3\ARM_GCC_493\Debug\LAB2.a(ADC_SAR_1_theACLK.o)
                0x00001524                ADC_SAR_1_theACLK_SetModeRegister
 .text.__errno  0x00001538        0xc c:/program files (x86)/cypress/psoc creator/3.3/psoc creator/import/gnu/arm/4.9.3/bin/../lib/gcc/arm-none-eabi/4.9.3/../../../../arm-none-eabi/lib/armv7-m\libg_nano.a(lib_a-errno.o)
                0x00001538                __errno
 .text.__libc_init_array
                0x00001544       0x4c c:/program files (x86)/cypress/psoc creator/3.3/psoc creator/import/gnu/arm/4.9.3/bin/../lib/gcc/arm-none-eabi/4.9.3/../../../../arm-none-eabi/lib/armv7-m\libg_nano.a(lib_a-init.o)
                0x00001544                __libc_init_array
 .text.memcpy   0x00001590       0x16 c:/program files (x86)/cypress/psoc creator/3.3/psoc creator/import/gnu/arm/4.9.3/bin/../lib/gcc/arm-none-eabi/4.9.3/../../../../arm-none-eabi/lib/armv7-m\libg_nano.a(lib_a-memcpy.o)
                0x00001590                memcpy
 .text.memset   0x000015a6       0x10 c:/program files (x86)/cypress/psoc creator/3.3/psoc creator/import/gnu/arm/4.9.3/bin/../lib/gcc/arm-none-eabi/4.9.3/../../../../arm-none-eabi/lib/armv7-m\libg_nano.a(lib_a-memset.o)
                0x000015a6                memset
 *fill*         0x000015b6        0x2 
 .text.sprintf  0x000015b8       0x48 c:/program files (x86)/cypress/psoc creator/3.3/psoc creator/import/gnu/arm/4.9.3/bin/../lib/gcc/arm-none-eabi/4.9.3/../../../../arm-none-eabi/lib/armv7-m\libg_nano.a(lib_a-sprintf.o)
                0x000015b8                siprintf
                0x000015b8                sprintf
 .text.__ssputs_r
                0x00001600       0xb2 c:/program files (x86)/cypress/psoc creator/3.3/psoc creator/import/gnu/arm/4.9.3/bin/../lib/gcc/arm-none-eabi/4.9.3/../../../../arm-none-eabi/lib/armv7-m\libg_nano.a(lib_a-nano-svfprintf.o)
                0x00001600                __ssputs_r
 *fill*         0x000016b2        0x2 
 .text._svfprintf_r
                0x000016b4      0x1e4 c:/program files (x86)/cypress/psoc creator/3.3/psoc creator/import/gnu/arm/4.9.3/bin/../lib/gcc/arm-none-eabi/4.9.3/../../../../arm-none-eabi/lib/armv7-m\libg_nano.a(lib_a-nano-svfprintf.o)
                0x000016b4                _svfiprintf_r
                0x000016b4                _svfprintf_r
 .text._printf_common
                0x00001898       0xea c:/program files (x86)/cypress/psoc creator/3.3/psoc creator/import/gnu/arm/4.9.3/bin/../lib/gcc/arm-none-eabi/4.9.3/../../../../arm-none-eabi/lib/armv7-m\libg_nano.a(lib_a-nano-vfprintf_i.o)
                0x00001898                _printf_common
 *fill*         0x00001982        0x2 
 .text._printf_i
                0x00001984      0x240 c:/program files (x86)/cypress/psoc creator/3.3/psoc creator/import/gnu/arm/4.9.3/bin/../lib/gcc/arm-none-eabi/4.9.3/../../../../arm-none-eabi/lib/armv7-m\libg_nano.a(lib_a-nano-vfprintf_i.o)
                0x00001984                _printf_i
 .text.memchr   0x00001bc4       0x1c c:/program files (x86)/cypress/psoc creator/3.3/psoc creator/import/gnu/arm/4.9.3/bin/../lib/gcc/arm-none-eabi/4.9.3/../../../../arm-none-eabi/lib/armv7-m\libg_nano.a(lib_a-memchr.o)
                0x00001bc4                memchr
 .text.memmove  0x00001be0       0x36 c:/program files (x86)/cypress/psoc creator/3.3/psoc creator/import/gnu/arm/4.9.3/bin/../lib/gcc/arm-none-eabi/4.9.3/../../../../arm-none-eabi/lib/armv7-m\libg_nano.a(lib_a-memmove.o)
                0x00001be0                memmove
 *fill*         0x00001c16        0x2 
 .text._free_r  0x00001c18       0x88 c:/program files (x86)/cypress/psoc creator/3.3/psoc creator/import/gnu/arm/4.9.3/bin/../lib/gcc/arm-none-eabi/4.9.3/../../../../arm-none-eabi/lib/armv7-m\libg_nano.a(lib_a-nano-freer.o)
                0x00001c18                _free_r
 .text._malloc_r
                0x00001ca0       0xac c:/program files (x86)/cypress/psoc creator/3.3/psoc creator/import/gnu/arm/4.9.3/bin/../lib/gcc/arm-none-eabi/4.9.3/../../../../arm-none-eabi/lib/armv7-m\libg_nano.a(lib_a-nano-mallocr.o)
                0x00001ca0                _malloc_r
 .text._realloc_r
                0x00001d4c       0x4c c:/program files (x86)/cypress/psoc creator/3.3/psoc creator/import/gnu/arm/4.9.3/bin/../lib/gcc/arm-none-eabi/4.9.3/../../../../arm-none-eabi/lib/armv7-m\libg_nano.a(lib_a-nano-reallocr.o)
                0x00001d4c                _realloc_r
 .text._sbrk_r  0x00001d98       0x20 c:/program files (x86)/cypress/psoc creator/3.3/psoc creator/import/gnu/arm/4.9.3/bin/../lib/gcc/arm-none-eabi/4.9.3/../../../../arm-none-eabi/lib/armv7-m\libg_nano.a(lib_a-sbrkr.o)
                0x00001d98                _sbrk_r
 .text._malloc_usable_size_r
                0x00001db8       0x14 c:/program files (x86)/cypress/psoc creator/3.3/psoc creator/import/gnu/arm/4.9.3/bin/../lib/gcc/arm-none-eabi/4.9.3/../../../../arm-none-eabi/lib/armv7-m\libg_nano.a(lib_a-nano-msizer.o)
                0x00001db8                _malloc_usable_size_r
 *(.plt)
 *(.gnu.warning)
 *(.glue_7t)
 .glue_7t       0x00000000        0x0 linker stubs
 *(.glue_7)
 .glue_7        0x00000000        0x0 linker stubs
 *(.vfp11_veneer)
 .vfp11_veneer  0x00000000        0x0 linker stubs
 *(.bootloader)
 *(.ARM.extab* .gnu.linkonce.armextab.*)
 *(.gcc_except_table)

.v4_bx          0x00001dcc        0x0
 .v4_bx         0x00000000        0x0 linker stubs

.iplt           0x00001dcc        0x0
 .iplt          0x00000000        0x0 c:/program files (x86)/cypress/psoc creator/3.3/psoc creator/import/gnu/arm/4.9.3/bin/../lib/gcc/arm-none-eabi/4.9.3/armv7-m/crtbegin.o

.eh_frame_hdr
 *(.eh_frame_hdr)

.eh_frame       0x00001dcc        0x4
 *(.eh_frame)
 .eh_frame      0x00001dcc        0x0 c:/program files (x86)/cypress/psoc creator/3.3/psoc creator/import/gnu/arm/4.9.3/bin/../lib/gcc/arm-none-eabi/4.9.3/armv7-m/crtbegin.o
 .eh_frame      0x00001dcc        0x4 c:/program files (x86)/cypress/psoc creator/3.3/psoc creator/import/gnu/arm/4.9.3/bin/../lib/gcc/arm-none-eabi/4.9.3/armv7-m/crtend.o
                0x00001dd0                PROVIDE (__exidx_start, .)

.ARM.exidx
 *(.ARM.exidx* .gnu.linkonce.armexidx.*)
                0x00001dd0                __exidx_end = .

.rodata         0x00001dd0    0x100e8
 *(.rodata .rodata.* .gnu.linkonce.r.*)
 .rodata        0x00001dd0    0x10008 .\CortexM3\ARM_GCC_493\Debug\main.o
                0x00001dd0                mult_LUT
 .rodata.str1.4
                0x00011dd8       0x20 .\CortexM3\ARM_GCC_493\Debug\main.o
 .rodata        0x00011df8       0x50 .\CortexM3\ARM_GCC_493\Debug\LAB2.a(cyfitter_cfg.o)
                0x00011df8                ADC_DelSig_1_AMux__addrTable
                0x00011e00                ADC_DelSig_1_AMux__maskTable
 .rodata.str1.1
                0x00011e48        0x2 c:/program files (x86)/cypress/psoc creator/3.3/psoc creator/import/gnu/arm/4.9.3/bin/../lib/gcc/arm-none-eabi/4.9.3/../../../../arm-none-eabi/lib/armv7-m\libg_nano.a(lib_a-impure.o)
 .rodata.str1.1
                0x00011e4a       0x11 c:/program files (x86)/cypress/psoc creator/3.3/psoc creator/import/gnu/arm/4.9.3/bin/../lib/gcc/arm-none-eabi/4.9.3/../../../../arm-none-eabi/lib/armv7-m\libg_nano.a(lib_a-nano-svfprintf.o)
 .rodata.str1.1
                0x00011e5b       0x22 c:/program files (x86)/cypress/psoc creator/3.3/psoc creator/import/gnu/arm/4.9.3/bin/../lib/gcc/arm-none-eabi/4.9.3/../../../../arm-none-eabi/lib/armv7-m\libg_nano.a(lib_a-nano-vfprintf_i.o)
                0x00011e80                . = ALIGN (0x4)
 *fill*         0x00011e7d        0x3 
 *(.init)
 .init          0x00011e80        0x4 c:/program files (x86)/cypress/psoc creator/3.3/psoc creator/import/gnu/arm/4.9.3/bin/../lib/gcc/arm-none-eabi/4.9.3/armv7-m/crti.o
                0x00011e80                _init
 .init          0x00011e84        0x8 c:/program files (x86)/cypress/psoc creator/3.3/psoc creator/import/gnu/arm/4.9.3/bin/../lib/gcc/arm-none-eabi/4.9.3/armv7-m/crtn.o
                0x00011e8c                . = ALIGN (0x4)
                0x00011e8c                __preinit_array_start = .
 *(.preinit_array)
                0x00011e8c                __preinit_array_end = .
                0x00011e8c                . = ALIGN (0x4)
                0x00011e8c                __init_array_start = .
 *(SORT(.init_array.*))
 *(.init_array)
 .init_array    0x00011e8c        0x4 c:/program files (x86)/cypress/psoc creator/3.3/psoc creator/import/gnu/arm/4.9.3/bin/../lib/gcc/arm-none-eabi/4.9.3/armv7-m/crtbegin.o
 .init_array    0x00011e90        0x4 .\CortexM3\ARM_GCC_493\Debug\Cm3Start.o
                0x00011e94                __init_array_end = .
                0x00011e94                . = ALIGN (0x4)
 *(.fini)
 .fini          0x00011e94        0x4 c:/program files (x86)/cypress/psoc creator/3.3/psoc creator/import/gnu/arm/4.9.3/bin/../lib/gcc/arm-none-eabi/4.9.3/armv7-m/crti.o
                0x00011e94                _fini
 .fini          0x00011e98        0x8 c:/program files (x86)/cypress/psoc creator/3.3/psoc creator/import/gnu/arm/4.9.3/bin/../lib/gcc/arm-none-eabi/4.9.3/armv7-m/crtn.o
                0x00011ea0                . = ALIGN (0x4)
                0x00011ea0                __fini_array_start = .
 *(.fini_array)
 .fini_array    0x00011ea0        0x4 c:/program files (x86)/cypress/psoc creator/3.3/psoc creator/import/gnu/arm/4.9.3/bin/../lib/gcc/arm-none-eabi/4.9.3/armv7-m/crtbegin.o
 *(SORT(.fini_array.*))
                0x00011ea4                __fini_array_end = .
                0x00011ea4                . = ALIGN (0x4)
 *crtbegin.o(.ctors)
 *(EXCLUDE_FILE(*crtend.o) .ctors)
 *(SORT(.ctors.*))
 *crtend.o(.ctors)
                0x00011ea4                . = ALIGN (0x4)
 *crtbegin.o(.dtors)
 *(EXCLUDE_FILE(*crtend.o) .dtors)
 *(SORT(.dtors.*))
 *crtend.o(.dtors)
                0x00011ea4                . = ALIGN (0x4)
                0x00011ea4                __cy_regions = .
                0x00011ea4        0x4 LONG 0x11eb8 __cy_region_init_ram
                0x00011ea8        0x4 LONG 0x1fff8108 __cy_region_start_data
                0x00011eac        0x4 LONG 0x88 __cy_region_init_size_ram
                0x00011eb0        0x4 LONG 0x58 __cy_region_zero_size_ram
                0x00011eb4                __cy_regions_end = .
                0x00011eb8                . = ALIGN (0x8)
 *fill*         0x00011eb4        0x4 
                0x00011eb8                _etext = .

.cy_checksum_exclude
                0x00011eb8        0x0
 *(.cy_checksum_exclude)

.ramvectors     0x1fff8000      0x100
                0x1fff8000                __cy_region_start_ram = .
 *(.ramvectors)
 .ramvectors    0x1fff8000      0x100 .\CortexM3\ARM_GCC_493\Debug\Cm3Start.o
                0x1fff8000                CyRamVectors

.noinit         0x1fff8100        0x5
 *(.noinit)
 .noinit        0x1fff8100        0x4 .\CortexM3\ARM_GCC_493\Debug\Cm3Start.o
 .noinit        0x1fff8104        0x1 .\CortexM3\ARM_GCC_493\Debug\LAB2.a(CyLib.o)
                0x1fff8104                CyResetStatus

.data           0x1fff8108       0x88 load address 0x00011eb8
                0x1fff8108                __cy_region_start_data = .
 *(.jcr)
 .jcr           0x1fff8108        0x0 c:/program files (x86)/cypress/psoc creator/3.3/psoc creator/import/gnu/arm/4.9.3/bin/../lib/gcc/arm-none-eabi/4.9.3/armv7-m/crtbegin.o
 .jcr           0x1fff8108        0x4 c:/program files (x86)/cypress/psoc creator/3.3/psoc creator/import/gnu/arm/4.9.3/bin/../lib/gcc/arm-none-eabi/4.9.3/armv7-m/crtend.o
 *(.got.plt)
 *(.got)
 *(.shdata)
 *(.data .data.* .gnu.linkonce.d.*)
 .data          0x1fff810c        0x4 .\CortexM3\ARM_GCC_493\Debug\Cm3Start.o
 .data          0x1fff8110        0x1 .\CortexM3\ARM_GCC_493\Debug\LAB2.a(ADC_DelSig_1.o)
                0x1fff8110                ADC_DelSig_1_Config
 *fill*         0x1fff8111        0x3 
 .data          0x1fff8114       0x10 .\CortexM3\ARM_GCC_493\Debug\LAB2.a(CyLib.o)
                0x1fff8114                cydelay_32k_ms
                0x1fff8118                cydelay_freq_khz
                0x1fff811c                cydelay_freq_mhz
                0x1fff8120                cydelay_freq_hz
 .data          0x1fff8124        0x1 .\CortexM3\ARM_GCC_493\Debug\LAB2.a(ADC_DelSig_1_AMux.o)
 *fill*         0x1fff8125        0x3 
 .data.impure_data
                0x1fff8128       0x60 c:/program files (x86)/cypress/psoc creator/3.3/psoc creator/import/gnu/arm/4.9.3/bin/../lib/gcc/arm-none-eabi/4.9.3/../../../../arm-none-eabi/lib/armv7-m\libg_nano.a(lib_a-impure.o)
 .data._impure_ptr
                0x1fff8188        0x4 c:/program files (x86)/cypress/psoc creator/3.3/psoc creator/import/gnu/arm/4.9.3/bin/../lib/gcc/arm-none-eabi/4.9.3/../../../../arm-none-eabi/lib/armv7-m\libg_nano.a(lib_a-impure.o)
                0x1fff8188                _impure_ptr
                0x1fff8190                . = ALIGN (0x8)
 *fill*         0x1fff818c        0x4 
 *(.ram)
                0x1fff8190                _edata = .

.igot.plt       0x1fff8190        0x0 load address 0x00011f40
 .igot.plt      0x00000000        0x0 c:/program files (x86)/cypress/psoc creator/3.3/psoc creator/import/gnu/arm/4.9.3/bin/../lib/gcc/arm-none-eabi/4.9.3/armv7-m/crtbegin.o

.bss            0x1fff8190       0x58 load address 0x00011f40
                0x1fff8190                PROVIDE (__bss_start__, .)
 *(.shbss)
 *(.bss .bss.* .gnu.linkonce.b.*)
 .bss           0x1fff8190       0x1c c:/program files (x86)/cypress/psoc creator/3.3/psoc creator/import/gnu/arm/4.9.3/bin/../lib/gcc/arm-none-eabi/4.9.3/armv7-m/crtbegin.o
 .bss           0x1fff81ac        0x8 .\CortexM3\ARM_GCC_493\Debug\main.o
                0x1fff81b2                adcResult
 .bss           0x1fff81b4        0x2 .\CortexM3\ARM_GCC_493\Debug\LAB2.a(LCD_Char_1.o)
                0x1fff81b4                LCD_Char_1_enableState
                0x1fff81b5                LCD_Char_1_initVar
 *fill*         0x1fff81b6        0x2 
 .bss           0x1fff81b8        0x8 .\CortexM3\ARM_GCC_493\Debug\LAB2.a(ADC_DelSig_1.o)
                0x1fff81bc                ADC_DelSig_1_stopConversion
                0x1fff81bd                ADC_DelSig_1_convDone
                0x1fff81be                ADC_DelSig_1_initVar
                0x1fff81bf                ADC_DelSig_1_started
 .bss           0x1fff81c0        0x1 .\CortexM3\ARM_GCC_493\Debug\LAB2.a(SPIM_1.o)
                0x1fff81c0                SPIM_1_initVar
 .bss           0x1fff81c1        0x1 .\CortexM3\ARM_GCC_493\Debug\LAB2.a(ADC_SAR_1.o)
                0x1fff81c1                ADC_SAR_1_initVar
 *fill*         0x1fff81c2        0x2 
 .bss.__malloc_sbrk_start
                0x1fff81c4        0x4 c:/program files (x86)/cypress/psoc creator/3.3/psoc creator/import/gnu/arm/4.9.3/bin/../lib/gcc/arm-none-eabi/4.9.3/../../../../arm-none-eabi/lib/armv7-m\libg_nano.a(lib_a-nano-mallocr.o)
                0x1fff81c4                __malloc_sbrk_start
 .bss.__malloc_free_list
                0x1fff81c8        0x4 c:/program files (x86)/cypress/psoc creator/3.3/psoc creator/import/gnu/arm/4.9.3/bin/../lib/gcc/arm-none-eabi/4.9.3/../../../../arm-none-eabi/lib/armv7-m\libg_nano.a(lib_a-nano-mallocr.o)
                0x1fff81c8                __malloc_free_list
 *(COMMON)
 COMMON         0x1fff81cc        0x8 .\CortexM3\ARM_GCC_493\Debug\LAB2.a(ADC_DelSig_1.o)
                0x1fff81cc                ADC_DelSig_1_CountsPerVolt
                0x1fff81d0                ADC_DelSig_1_Offset
 COMMON         0x1fff81d4        0xa .\CortexM3\ARM_GCC_493\Debug\LAB2.a(ADC_SAR_1.o)
                0x1fff81d4                ADC_SAR_1_countsPerVolt
                0x1fff81d6                ADC_SAR_1_shift
                0x1fff81d8                ADC_SAR_1_countsPer10Volt
                0x1fff81dc                ADC_SAR_1_offset
 *fill*         0x1fff81de        0x2 
 COMMON         0x1fff81e0        0x4 c:/program files (x86)/cypress/psoc creator/3.3/psoc creator/import/gnu/arm/4.9.3/bin/../lib/gcc/arm-none-eabi/4.9.3/../../../../arm-none-eabi/lib/armv7-m\libg_nano.a(lib_a-reent.o)
                0x1fff81e0                errno
                0x1fff81e8                . = ALIGN (0x8)
 *fill*         0x1fff81e4        0x4 
 *(.ram.b)
                0x1fff81e8                _end = .
                0x1fff81e8                __end = .
                0x1fff81e8                PROVIDE (end, .)
                0x1fff81e8                PROVIDE (__bss_end__, .)
                0x00011eb8                __cy_region_init_ram = LOADADDR (.data)
                0x00000088                __cy_region_init_size_ram = (_edata - ADDR (.data))
                0x00000058                __cy_region_zero_size_ram = (_end - _edata)

.heap           0x1fff81e8     0x1000 load address 0x00011f40
                0x1fff81e8                . = _end
                0x1fff91e8                . = (. + 0x1000)
 *fill*         0x1fff81e8     0x1000 
                0x1fff91e8                __cy_heap_limit = .

.stack          0x20004000     0x4000
                0x20004000                __cy_stack_limit = .
                0x20008000                . = (. + 0x4000)
 *fill*         0x20004000     0x4000 
                0x00000001                ASSERT ((__cy_stack_limit >= __cy_heap_limit), region RAM overflowed with stack)
                0x00000000                cy_checksum_exclude_size = (CY_APPL_LOADABLE == 0x1)?SIZEOF (.cy_checksum_exclude):0x0
                0x00000001                ASSERT ((cy_checksum_exclude_size <= CY_CHECKSUM_EXCLUDE_SIZE), CY_BOOT: Section .cy_checksum_exclude size exceedes specified limit.)

.cyloadermeta
 *(.cyloadermeta)

.cyloadablemeta
 *(.cyloadablemeta)

.cyconfigecc    0x80000000      0x3a0
 *(.cyconfigecc)
 .cyconfigecc   0x80000000      0x3a0 .\CortexM3\ARM_GCC_493\Debug\cymetadata.o
                0x80000000                cy_meta_configecc

.cycustnvl      0x90000000        0x4
 *(.cycustnvl)
 .cycustnvl     0x90000000        0x4 .\CortexM3\ARM_GCC_493\Debug\cymetadata.o
                0x90000000                cy_meta_custnvl

.cywolatch      0x90100000        0x4
 *(.cywolatch)
 .cywolatch     0x90100000        0x4 .\CortexM3\ARM_GCC_493\Debug\cymetadata.o
                0x90100000                cy_meta_wonvl

.cyeeprom       0x90200000        0x0
 *(.cyeeprom)
                0x00000001                ASSERT ((. <= ((0x90200000 + ee_offset) + ee_size)), .cyeeprom data will not fit in EEPROM)

.cyflashprotect
                0x90400000      0x100
 *(.cyflashprotect)
 .cyflashprotect
                0x90400000      0x100 .\CortexM3\ARM_GCC_493\Debug\cymetadata.o
                0x90400000                cy_meta_flashprotect

.cymeta         0x90500000        0xc
 *(.cymeta)
 .cymeta        0x90500000        0xc .\CortexM3\ARM_GCC_493\Debug\cymetadata.o
                0x90500000                cy_metadata

.rel.dyn        0x00011f40        0x0 load address 0x9050000c
 .rel.iplt      0x00000000        0x0 c:/program files (x86)/cypress/psoc creator/3.3/psoc creator/import/gnu/arm/4.9.3/bin/../lib/gcc/arm-none-eabi/4.9.3/armv7-m/crtbegin.o

.stab
 *(.stab)

.stabstr
 *(.stabstr)

.debug
 *(.debug)

.line
 *(.line)

.debug_srcinfo
 *(.debug_srcinfo)

.debug_sfnames
 *(.debug_sfnames)

.debug_aranges  0x00000000      0xb88
 *(.debug_aranges)
 .debug_aranges
                0x00000000       0x40 .\CortexM3\ARM_GCC_493\Debug\main.o
 .debug_aranges
                0x00000040       0x48 .\CortexM3\ARM_GCC_493\Debug\tft.o
 .debug_aranges
                0x00000088       0x18 .\CortexM3\ARM_GCC_493\Debug\cymetadata.o
 .debug_aranges
                0x000000a0       0x48 .\CortexM3\ARM_GCC_493\Debug\Cm3Start.o
 .debug_aranges
                0x000000e8       0x68 .\CortexM3\ARM_GCC_493\Debug\LAB2.a(cyfitter_cfg.o)
 .debug_aranges
                0x00000150       0x98 .\CortexM3\ARM_GCC_493\Debug\LAB2.a(LCD_Char_1.o)
 .debug_aranges
                0x000001e8       0xe8 .\CortexM3\ARM_GCC_493\Debug\LAB2.a(ADC_DelSig_1.o)
 .debug_aranges
                0x000002d0       0x38 .\CortexM3\ARM_GCC_493\Debug\LAB2.a(ADC_DelSig_1_INT.o)
 .debug_aranges
                0x00000308       0x28 .\CortexM3\ARM_GCC_493\Debug\LAB2.a(MAC_unit_1_go_to_mac.o)
 .debug_aranges
                0x00000330       0x38 .\CortexM3\ARM_GCC_493\Debug\LAB2.a(Pin_2.o)
 .debug_aranges
                0x00000368       0x70 .\CortexM3\ARM_GCC_493\Debug\LAB2.a(ADC_DelSig_1_Ext_CP_Clk.o)
 .debug_aranges
                0x000003d8       0x80 .\CortexM3\ARM_GCC_493\Debug\LAB2.a(ADC_DelSig_1_theACLK.o)
 .debug_aranges
                0x00000458       0x20 .\CortexM3\ARM_GCC_493\Debug\LAB2.a(CyBootAsmGnu.o)
 .debug_aranges
                0x00000478      0x298 .\CortexM3\ARM_GCC_493\Debug\LAB2.a(CyLib.o)
 .debug_aranges
                0x00000710       0x98 .\CortexM3\ARM_GCC_493\Debug\LAB2.a(cyPm.o)
 .debug_aranges
                0x000007a8       0xd8 .\CortexM3\ARM_GCC_493\Debug\LAB2.a(SPIM_1.o)
 .debug_aranges
                0x00000880       0x38 .\CortexM3\ARM_GCC_493\Debug\LAB2.a(DC.o)
 .debug_aranges
                0x000008b8       0x70 .\CortexM3\ARM_GCC_493\Debug\LAB2.a(SPIM_1_IntClock.o)
 .debug_aranges
                0x00000928       0x30 .\CortexM3\ARM_GCC_493\Debug\LAB2.a(ADC_DelSig_1_AMux.o)
 .debug_aranges
                0x00000958       0xa8 .\CortexM3\ARM_GCC_493\Debug\LAB2.a(ADC_SAR_1.o)
 .debug_aranges
                0x00000a00       0x20 .\CortexM3\ARM_GCC_493\Debug\LAB2.a(ADC_SAR_1_INT.o)
 .debug_aranges
                0x00000a20       0x70 .\CortexM3\ARM_GCC_493\Debug\LAB2.a(ADC_SAR_1_theACLK.o)
 .debug_aranges
                0x00000a90       0x80 .\CortexM3\ARM_GCC_493\Debug\LAB2.a(CyFlash.o)
 .debug_aranges
                0x00000b10       0x78 .\CortexM3\ARM_GCC_493\Debug\LAB2.a(CySpc.o)

.debug_pubnames
 *(.debug_pubnames)

.debug_info     0x00000000     0x6ed6
 *(.debug_info .gnu.linkonce.wi.*)
 .debug_info    0x00000000      0xa58 .\CortexM3\ARM_GCC_493\Debug\main.o
 .debug_info    0x00000a58      0x31b .\CortexM3\ARM_GCC_493\Debug\tft.o
 .debug_info    0x00000d73      0x13b .\CortexM3\ARM_GCC_493\Debug\cymetadata.o
 .debug_info    0x00000eae      0x39f .\CortexM3\ARM_GCC_493\Debug\Cm3Start.o
 .debug_info    0x0000124d      0x6f0 .\CortexM3\ARM_GCC_493\Debug\LAB2.a(cyfitter_cfg.o)
 .debug_info    0x0000193d      0x716 .\CortexM3\ARM_GCC_493\Debug\LAB2.a(LCD_Char_1.o)
 .debug_info    0x00002053      0xa7a .\CortexM3\ARM_GCC_493\Debug\LAB2.a(ADC_DelSig_1.o)
 .debug_info    0x00002acd       0xcc .\CortexM3\ARM_GCC_493\Debug\LAB2.a(ADC_DelSig_1_INT.o)
 .debug_info    0x00002b99       0xd6 .\CortexM3\ARM_GCC_493\Debug\LAB2.a(MAC_unit_1_go_to_mac.o)
 .debug_info    0x00002c6f      0x11f .\CortexM3\ARM_GCC_493\Debug\LAB2.a(Pin_2.o)
 .debug_info    0x00002d8e      0x283 .\CortexM3\ARM_GCC_493\Debug\LAB2.a(ADC_DelSig_1_Ext_CP_Clk.o)
 .debug_info    0x00003011      0x2c4 .\CortexM3\ARM_GCC_493\Debug\LAB2.a(ADC_DelSig_1_theACLK.o)
 .debug_info    0x000032d5       0x7b .\CortexM3\ARM_GCC_493\Debug\LAB2.a(CyBootAsmGnu.o)
 .debug_info    0x00003350     0x136f .\CortexM3\ARM_GCC_493\Debug\LAB2.a(CyLib.o)
 .debug_info    0x000046bf      0xa57 .\CortexM3\ARM_GCC_493\Debug\LAB2.a(cyPm.o)
 .debug_info    0x00005116      0x4b2 .\CortexM3\ARM_GCC_493\Debug\LAB2.a(SPIM_1.o)
 .debug_info    0x000055c8      0x11f .\CortexM3\ARM_GCC_493\Debug\LAB2.a(DC.o)
 .debug_info    0x000056e7      0x283 .\CortexM3\ARM_GCC_493\Debug\LAB2.a(SPIM_1_IntClock.o)
 .debug_info    0x0000596a      0x16d .\CortexM3\ARM_GCC_493\Debug\LAB2.a(ADC_DelSig_1_AMux.o)
 .debug_info    0x00005ad7      0x5f8 .\CortexM3\ARM_GCC_493\Debug\LAB2.a(ADC_SAR_1.o)
 .debug_info    0x000060cf       0x92 .\CortexM3\ARM_GCC_493\Debug\LAB2.a(ADC_SAR_1_INT.o)
 .debug_info    0x00006161      0x283 .\CortexM3\ARM_GCC_493\Debug\LAB2.a(ADC_SAR_1_theACLK.o)
 .debug_info    0x000063e4      0x608 .\CortexM3\ARM_GCC_493\Debug\LAB2.a(CyFlash.o)
 .debug_info    0x000069ec      0x4ea .\CortexM3\ARM_GCC_493\Debug\LAB2.a(CySpc.o)

.debug_abbrev   0x00000000     0x1ecd
 *(.debug_abbrev)
 .debug_abbrev  0x00000000      0x1f5 .\CortexM3\ARM_GCC_493\Debug\main.o
 .debug_abbrev  0x000001f5      0x151 .\CortexM3\ARM_GCC_493\Debug\tft.o
 .debug_abbrev  0x00000346       0x66 .\CortexM3\ARM_GCC_493\Debug\cymetadata.o
 .debug_abbrev  0x000003ac      0x200 .\CortexM3\ARM_GCC_493\Debug\Cm3Start.o
 .debug_abbrev  0x000005ac      0x232 .\CortexM3\ARM_GCC_493\Debug\LAB2.a(cyfitter_cfg.o)
 .debug_abbrev  0x000007de      0x171 .\CortexM3\ARM_GCC_493\Debug\LAB2.a(LCD_Char_1.o)
 .debug_abbrev  0x0000094f      0x21f .\CortexM3\ARM_GCC_493\Debug\LAB2.a(ADC_DelSig_1.o)
 .debug_abbrev  0x00000b6e       0x42 .\CortexM3\ARM_GCC_493\Debug\LAB2.a(ADC_DelSig_1_INT.o)
 .debug_abbrev  0x00000bb0       0x81 .\CortexM3\ARM_GCC_493\Debug\LAB2.a(MAC_unit_1_go_to_mac.o)
 .debug_abbrev  0x00000c31       0x90 .\CortexM3\ARM_GCC_493\Debug\LAB2.a(Pin_2.o)
 .debug_abbrev  0x00000cc1      0x139 .\CortexM3\ARM_GCC_493\Debug\LAB2.a(ADC_DelSig_1_Ext_CP_Clk.o)
 .debug_abbrev  0x00000dfa      0x121 .\CortexM3\ARM_GCC_493\Debug\LAB2.a(ADC_DelSig_1_theACLK.o)
 .debug_abbrev  0x00000f1b       0x14 .\CortexM3\ARM_GCC_493\Debug\LAB2.a(CyBootAsmGnu.o)
 .debug_abbrev  0x00000f2f      0x296 .\CortexM3\ARM_GCC_493\Debug\LAB2.a(CyLib.o)
 .debug_abbrev  0x000011c5      0x1ed .\CortexM3\ARM_GCC_493\Debug\LAB2.a(cyPm.o)
 .debug_abbrev  0x000013b2      0x173 .\CortexM3\ARM_GCC_493\Debug\LAB2.a(SPIM_1.o)
 .debug_abbrev  0x00001525       0x90 .\CortexM3\ARM_GCC_493\Debug\LAB2.a(DC.o)
 .debug_abbrev  0x000015b5      0x139 .\CortexM3\ARM_GCC_493\Debug\LAB2.a(SPIM_1_IntClock.o)
 .debug_abbrev  0x000016ee       0xcb .\CortexM3\ARM_GCC_493\Debug\LAB2.a(ADC_DelSig_1_AMux.o)
 .debug_abbrev  0x000017b9      0x1eb .\CortexM3\ARM_GCC_493\Debug\LAB2.a(ADC_SAR_1.o)
 .debug_abbrev  0x000019a4       0x42 .\CortexM3\ARM_GCC_493\Debug\LAB2.a(ADC_SAR_1_INT.o)
 .debug_abbrev  0x000019e6      0x139 .\CortexM3\ARM_GCC_493\Debug\LAB2.a(ADC_SAR_1_theACLK.o)
 .debug_abbrev  0x00001b1f      0x1ed .\CortexM3\ARM_GCC_493\Debug\LAB2.a(CyFlash.o)
 .debug_abbrev  0x00001d0c      0x1c1 .\CortexM3\ARM_GCC_493\Debug\LAB2.a(CySpc.o)

.debug_line     0x00000000     0x2dac
 *(.debug_line)
 .debug_line    0x00000000      0x327 .\CortexM3\ARM_GCC_493\Debug\main.o
 .debug_line    0x00000327      0x206 .\CortexM3\ARM_GCC_493\Debug\tft.o
 .debug_line    0x0000052d       0x53 .\CortexM3\ARM_GCC_493\Debug\cymetadata.o
 .debug_line    0x00000580      0x249 .\CortexM3\ARM_GCC_493\Debug\Cm3Start.o
 .debug_line    0x000007c9      0x239 .\CortexM3\ARM_GCC_493\Debug\LAB2.a(cyfitter_cfg.o)
 .debug_line    0x00000a02      0x1e5 .\CortexM3\ARM_GCC_493\Debug\LAB2.a(LCD_Char_1.o)
 .debug_line    0x00000be7      0x392 .\CortexM3\ARM_GCC_493\Debug\LAB2.a(ADC_DelSig_1.o)
 .debug_line    0x00000f79       0x8b .\CortexM3\ARM_GCC_493\Debug\LAB2.a(ADC_DelSig_1_INT.o)
 .debug_line    0x00001004       0x7e .\CortexM3\ARM_GCC_493\Debug\LAB2.a(MAC_unit_1_go_to_mac.o)
 .debug_line    0x00001082       0x94 .\CortexM3\ARM_GCC_493\Debug\LAB2.a(Pin_2.o)
 .debug_line    0x00001116      0x19f .\CortexM3\ARM_GCC_493\Debug\LAB2.a(ADC_DelSig_1_Ext_CP_Clk.o)
 .debug_line    0x000012b5      0x1bf .\CortexM3\ARM_GCC_493\Debug\LAB2.a(ADC_DelSig_1_theACLK.o)
 .debug_line    0x00001474       0x68 .\CortexM3\ARM_GCC_493\Debug\LAB2.a(CyBootAsmGnu.o)
 .debug_line    0x000014dc      0x806 .\CortexM3\ARM_GCC_493\Debug\LAB2.a(CyLib.o)
 .debug_line    0x00001ce2      0x366 .\CortexM3\ARM_GCC_493\Debug\LAB2.a(cyPm.o)
 .debug_line    0x00002048      0x249 .\CortexM3\ARM_GCC_493\Debug\LAB2.a(SPIM_1.o)
 .debug_line    0x00002291       0x91 .\CortexM3\ARM_GCC_493\Debug\LAB2.a(DC.o)
 .debug_line    0x00002322      0x197 .\CortexM3\ARM_GCC_493\Debug\LAB2.a(SPIM_1_IntClock.o)
 .debug_line    0x000024b9       0xb7 .\CortexM3\ARM_GCC_493\Debug\LAB2.a(ADC_DelSig_1_AMux.o)
 .debug_line    0x00002570      0x221 .\CortexM3\ARM_GCC_493\Debug\LAB2.a(ADC_SAR_1.o)
 .debug_line    0x00002791       0x58 .\CortexM3\ARM_GCC_493\Debug\LAB2.a(ADC_SAR_1_INT.o)
 .debug_line    0x000027e9      0x199 .\CortexM3\ARM_GCC_493\Debug\LAB2.a(ADC_SAR_1_theACLK.o)
 .debug_line    0x00002982      0x1ec .\CortexM3\ARM_GCC_493\Debug\LAB2.a(CyFlash.o)
 .debug_line    0x00002b6e      0x23e .\CortexM3\ARM_GCC_493\Debug\LAB2.a(CySpc.o)

.debug_frame    0x00000000     0x20dc
 *(.debug_frame)
 .debug_frame   0x00000000       0xb8 .\CortexM3\ARM_GCC_493\Debug\main.o
 .debug_frame   0x000000b8       0xa4 .\CortexM3\ARM_GCC_493\Debug\tft.o
 .debug_frame   0x0000015c       0xac .\CortexM3\ARM_GCC_493\Debug\Cm3Start.o
 .debug_frame   0x00000208      0x11c .\CortexM3\ARM_GCC_493\Debug\LAB2.a(cyfitter_cfg.o)
 .debug_frame   0x00000324      0x1e4 .\CortexM3\ARM_GCC_493\Debug\LAB2.a(LCD_Char_1.o)
 .debug_frame   0x00000508      0x290 .\CortexM3\ARM_GCC_493\Debug\LAB2.a(ADC_DelSig_1.o)
 .debug_frame   0x00000798       0x50 .\CortexM3\ARM_GCC_493\Debug\LAB2.a(ADC_DelSig_1_INT.o)
 .debug_frame   0x000007e8       0x30 .\CortexM3\ARM_GCC_493\Debug\LAB2.a(MAC_unit_1_go_to_mac.o)
 .debug_frame   0x00000818       0x50 .\CortexM3\ARM_GCC_493\Debug\LAB2.a(Pin_2.o)
 .debug_frame   0x00000868       0xe0 .\CortexM3\ARM_GCC_493\Debug\LAB2.a(ADC_DelSig_1_Ext_CP_Clk.o)
 .debug_frame   0x00000948      0x100 .\CortexM3\ARM_GCC_493\Debug\LAB2.a(ADC_DelSig_1_theACLK.o)
 .debug_frame   0x00000a48      0x728 .\CortexM3\ARM_GCC_493\Debug\LAB2.a(CyLib.o)
 .debug_frame   0x00001170      0x1f8 .\CortexM3\ARM_GCC_493\Debug\LAB2.a(cyPm.o)
 .debug_frame   0x00001368      0x1e8 .\CortexM3\ARM_GCC_493\Debug\LAB2.a(SPIM_1.o)
 .debug_frame   0x00001550       0x50 .\CortexM3\ARM_GCC_493\Debug\LAB2.a(DC.o)
 .debug_frame   0x000015a0       0xe0 .\CortexM3\ARM_GCC_493\Debug\LAB2.a(SPIM_1_IntClock.o)
 .debug_frame   0x00001680       0x64 .\CortexM3\ARM_GCC_493\Debug\LAB2.a(ADC_DelSig_1_AMux.o)
 .debug_frame   0x000016e4      0x1a4 .\CortexM3\ARM_GCC_493\Debug\LAB2.a(ADC_SAR_1.o)
 .debug_frame   0x00001888       0x20 .\CortexM3\ARM_GCC_493\Debug\LAB2.a(ADC_SAR_1_INT.o)
 .debug_frame   0x000018a8       0xe0 .\CortexM3\ARM_GCC_493\Debug\LAB2.a(ADC_SAR_1_theACLK.o)
 .debug_frame   0x00001988      0x174 .\CortexM3\ARM_GCC_493\Debug\LAB2.a(CyFlash.o)
 .debug_frame   0x00001afc      0x160 .\CortexM3\ARM_GCC_493\Debug\LAB2.a(CySpc.o)
 .debug_frame   0x00001c5c       0x28 c:/program files (x86)/cypress/psoc creator/3.3/psoc creator/import/gnu/arm/4.9.3/bin/../lib/gcc/arm-none-eabi/4.9.3/armv7-m\libgcc.a(_aeabi_ldivmod.o)
 .debug_frame   0x00001c84       0x54 c:/program files (x86)/cypress/psoc creator/3.3/psoc creator/import/gnu/arm/4.9.3/bin/../lib/gcc/arm-none-eabi/4.9.3/armv7-m\libgcc.a(bpabi.o)
 .debug_frame   0x00001cd8       0x34 c:/program files (x86)/cypress/psoc creator/3.3/psoc creator/import/gnu/arm/4.9.3/bin/../lib/gcc/arm-none-eabi/4.9.3/armv7-m\libgcc.a(_divdi3.o)
 .debug_frame   0x00001d0c       0x34 c:/program files (x86)/cypress/psoc creator/3.3/psoc creator/import/gnu/arm/4.9.3/bin/../lib/gcc/arm-none-eabi/4.9.3/armv7-m\libgcc.a(_udivdi3.o)
 .debug_frame   0x00001d40       0x20 c:/program files (x86)/cypress/psoc creator/3.3/psoc creator/import/gnu/arm/4.9.3/bin/../lib/gcc/arm-none-eabi/4.9.3/../../../../arm-none-eabi/lib/armv7-m\libg_nano.a(lib_a-errno.o)
 .debug_frame   0x00001d60       0x28 c:/program files (x86)/cypress/psoc creator/3.3/psoc creator/import/gnu/arm/4.9.3/bin/../lib/gcc/arm-none-eabi/4.9.3/../../../../arm-none-eabi/lib/armv7-m\libg_nano.a(lib_a-exit.o)
 .debug_frame   0x00001d88       0x2c c:/program files (x86)/cypress/psoc creator/3.3/psoc creator/import/gnu/arm/4.9.3/bin/../lib/gcc/arm-none-eabi/4.9.3/../../../../arm-none-eabi/lib/armv7-m\libg_nano.a(lib_a-init.o)
 .debug_frame   0x00001db4       0x28 c:/program files (x86)/cypress/psoc creator/3.3/psoc creator/import/gnu/arm/4.9.3/bin/../lib/gcc/arm-none-eabi/4.9.3/../../../../arm-none-eabi/lib/armv7-m\libg_nano.a(lib_a-memcpy.o)
 .debug_frame   0x00001ddc       0x20 c:/program files (x86)/cypress/psoc creator/3.3/psoc creator/import/gnu/arm/4.9.3/bin/../lib/gcc/arm-none-eabi/4.9.3/../../../../arm-none-eabi/lib/armv7-m\libg_nano.a(lib_a-memset.o)
 .debug_frame   0x00001dfc       0x70 c:/program files (x86)/cypress/psoc creator/3.3/psoc creator/import/gnu/arm/4.9.3/bin/../lib/gcc/arm-none-eabi/4.9.3/../../../../arm-none-eabi/lib/armv7-m\libg_nano.a(lib_a-sprintf.o)
 .debug_frame   0x00001e6c       0x8c c:/program files (x86)/cypress/psoc creator/3.3/psoc creator/import/gnu/arm/4.9.3/bin/../lib/gcc/arm-none-eabi/4.9.3/../../../../arm-none-eabi/lib/armv7-m\libg_nano.a(lib_a-nano-svfprintf.o)
 .debug_frame   0x00001ef8       0x58 c:/program files (x86)/cypress/psoc creator/3.3/psoc creator/import/gnu/arm/4.9.3/bin/../lib/gcc/arm-none-eabi/4.9.3/../../../../arm-none-eabi/lib/armv7-m\libg_nano.a(lib_a-nano-vfprintf_i.o)
 .debug_frame   0x00001f50       0x28 c:/program files (x86)/cypress/psoc creator/3.3/psoc creator/import/gnu/arm/4.9.3/bin/../lib/gcc/arm-none-eabi/4.9.3/../../../../arm-none-eabi/lib/armv7-m\libg_nano.a(lib_a-memchr.o)
 .debug_frame   0x00001f78       0x28 c:/program files (x86)/cypress/psoc creator/3.3/psoc creator/import/gnu/arm/4.9.3/bin/../lib/gcc/arm-none-eabi/4.9.3/../../../../arm-none-eabi/lib/armv7-m\libg_nano.a(lib_a-memmove.o)
 .debug_frame   0x00001fa0       0x2c c:/program files (x86)/cypress/psoc creator/3.3/psoc creator/import/gnu/arm/4.9.3/bin/../lib/gcc/arm-none-eabi/4.9.3/../../../../arm-none-eabi/lib/armv7-m\libg_nano.a(lib_a-nano-freer.o)
 .debug_frame   0x00001fcc       0x2c c:/program files (x86)/cypress/psoc creator/3.3/psoc creator/import/gnu/arm/4.9.3/bin/../lib/gcc/arm-none-eabi/4.9.3/../../../../arm-none-eabi/lib/armv7-m\libg_nano.a(lib_a-nano-mallocr.o)
 .debug_frame   0x00001ff8       0x3c c:/program files (x86)/cypress/psoc creator/3.3/psoc creator/import/gnu/arm/4.9.3/bin/../lib/gcc/arm-none-eabi/4.9.3/../../../../arm-none-eabi/lib/armv7-m\libg_nano.a(lib_a-nano-reallocr.o)
 .debug_frame   0x00002034       0x2c c:/program files (x86)/cypress/psoc creator/3.3/psoc creator/import/gnu/arm/4.9.3/bin/../lib/gcc/arm-none-eabi/4.9.3/../../../../arm-none-eabi/lib/armv7-m\libg_nano.a(lib_a-sbrkr.o)
 .debug_frame   0x00002060       0x20 c:/program files (x86)/cypress/psoc creator/3.3/psoc creator/import/gnu/arm/4.9.3/bin/../lib/gcc/arm-none-eabi/4.9.3/../../../../arm-none-eabi/lib/armv7-m\libg_nano.a(lib_a-nano-msizer.o)
 .debug_frame   0x00002080       0x5c c:/program files (x86)/cypress/psoc creator/3.3/psoc creator/import/gnu/arm/4.9.3/bin/../lib/gcc/arm-none-eabi/4.9.3/../../../../arm-none-eabi/lib/armv7-m\libg_nano.a(lib_a-reent.o)

.debug_str      0x00000000     0x28a9
 *(.debug_str)
 .debug_str     0x00000000      0x401 .\CortexM3\ARM_GCC_493\Debug\main.o
                                0x460 (size before relaxing)
 .debug_str     0x00000401       0x5c .\CortexM3\ARM_GCC_493\Debug\tft.o
                                0x20a (size before relaxing)
 .debug_str     0x0000045d       0x77 .\CortexM3\ARM_GCC_493\Debug\cymetadata.o
                                0x1d5 (size before relaxing)
 .debug_str     0x000004d4      0x160 .\CortexM3\ARM_GCC_493\Debug\Cm3Start.o
                                0x2e9 (size before relaxing)
 .debug_str     0x00000634      0x1fe .\CortexM3\ARM_GCC_493\Debug\LAB2.a(cyfitter_cfg.o)
                                0x39d (size before relaxing)
 .debug_str     0x00000832      0x1a6 .\CortexM3\ARM_GCC_493\Debug\LAB2.a(LCD_Char_1.o)
                                0x396 (size before relaxing)
 .debug_str     0x000009d8      0x4dc .\CortexM3\ARM_GCC_493\Debug\LAB2.a(ADC_DelSig_1.o)
                                0x726 (size before relaxing)
 .debug_str     0x00000eb4       0x74 .\CortexM3\ARM_GCC_493\Debug\LAB2.a(ADC_DelSig_1_INT.o)
                                0x1cc (size before relaxing)
 .debug_str     0x00000f28       0x52 .\CortexM3\ARM_GCC_493\Debug\LAB2.a(MAC_unit_1_go_to_mac.o)
                                0x1c7 (size before relaxing)
 .debug_str     0x00000f7a       0x62 .\CortexM3\ARM_GCC_493\Debug\LAB2.a(Pin_2.o)
                                0x1cd (size before relaxing)
 .debug_str     0x00000fdc      0x1cf .\CortexM3\ARM_GCC_493\Debug\LAB2.a(ADC_DelSig_1_Ext_CP_Clk.o)
                                0x399 (size before relaxing)
 .debug_str     0x000011ab      0x1bd .\CortexM3\ARM_GCC_493\Debug\LAB2.a(ADC_DelSig_1_theACLK.o)
                                0x3ca (size before relaxing)
 .debug_str     0x00001368      0x7bf .\CortexM3\ARM_GCC_493\Debug\LAB2.a(CyLib.o)
                                0xa0e (size before relaxing)
 .debug_str     0x00001b27      0x35b .\CortexM3\ARM_GCC_493\Debug\LAB2.a(cyPm.o)
                                0x706 (size before relaxing)
 .debug_str     0x00001e82      0x23c .\CortexM3\ARM_GCC_493\Debug\LAB2.a(SPIM_1.o)
                                0x427 (size before relaxing)
 .debug_str     0x000020be       0x45 .\CortexM3\ARM_GCC_493\Debug\LAB2.a(DC.o)
                                0x1be (size before relaxing)
 .debug_str     0x00002103      0x14e .\CortexM3\ARM_GCC_493\Debug\LAB2.a(SPIM_1_IntClock.o)
                                0x339 (size before relaxing)
 .debug_str     0x00002251       0x85 .\CortexM3\ARM_GCC_493\Debug\LAB2.a(ADC_DelSig_1_AMux.o)
                                0x229 (size before relaxing)
 .debug_str     0x000022d6      0x1e8 .\CortexM3\ARM_GCC_493\Debug\LAB2.a(ADC_SAR_1.o)
                                0x4a9 (size before relaxing)
 .debug_str     0x000024be       0x37 .\CortexM3\ARM_GCC_493\Debug\LAB2.a(ADC_SAR_1_INT.o)
                                0x186 (size before relaxing)
 .debug_str     0x000024f5      0x16f .\CortexM3\ARM_GCC_493\Debug\LAB2.a(ADC_SAR_1_theACLK.o)
                                0x351 (size before relaxing)
 .debug_str     0x00002664      0x197 .\CortexM3\ARM_GCC_493\Debug\LAB2.a(CyFlash.o)
                                0x380 (size before relaxing)
 .debug_str     0x000027fb       0xae .\CortexM3\ARM_GCC_493\Debug\LAB2.a(CySpc.o)
                                0x309 (size before relaxing)

.debug_loc      0x00000000     0x3012
 *(.debug_loc)
 .debug_loc     0x00000000      0x287 .\CortexM3\ARM_GCC_493\Debug\main.o
 .debug_loc     0x00000287       0x9d .\CortexM3\ARM_GCC_493\Debug\tft.o
 .debug_loc     0x00000324      0x144 .\CortexM3\ARM_GCC_493\Debug\Cm3Start.o
 .debug_loc     0x00000468      0x2c2 .\CortexM3\ARM_GCC_493\Debug\LAB2.a(cyfitter_cfg.o)
 .debug_loc     0x0000072a      0x3c6 .\CortexM3\ARM_GCC_493\Debug\LAB2.a(LCD_Char_1.o)
 .debug_loc     0x00000af0      0x6b6 .\CortexM3\ARM_GCC_493\Debug\LAB2.a(ADC_DelSig_1.o)
 .debug_loc     0x000011a6       0x42 .\CortexM3\ARM_GCC_493\Debug\LAB2.a(Pin_2.o)
 .debug_loc     0x000011e8      0x12c .\CortexM3\ARM_GCC_493\Debug\LAB2.a(ADC_DelSig_1_Ext_CP_Clk.o)
 .debug_loc     0x00001314      0x14d .\CortexM3\ARM_GCC_493\Debug\LAB2.a(ADC_DelSig_1_theACLK.o)
 .debug_loc     0x00001461      0xa11 .\CortexM3\ARM_GCC_493\Debug\LAB2.a(CyLib.o)
 .debug_loc     0x00001e72      0x1e4 .\CortexM3\ARM_GCC_493\Debug\LAB2.a(cyPm.o)
 .debug_loc     0x00002056       0xfe .\CortexM3\ARM_GCC_493\Debug\LAB2.a(SPIM_1.o)
 .debug_loc     0x00002154       0x42 .\CortexM3\ARM_GCC_493\Debug\LAB2.a(DC.o)
 .debug_loc     0x00002196      0x128 .\CortexM3\ARM_GCC_493\Debug\LAB2.a(SPIM_1_IntClock.o)
 .debug_loc     0x000022be       0x6c .\CortexM3\ARM_GCC_493\Debug\LAB2.a(ADC_DelSig_1_AMux.o)
 .debug_loc     0x0000232a      0x273 .\CortexM3\ARM_GCC_493\Debug\LAB2.a(ADC_SAR_1.o)
 .debug_loc     0x0000259d      0x128 .\CortexM3\ARM_GCC_493\Debug\LAB2.a(ADC_SAR_1_theACLK.o)
 .debug_loc     0x000026c5      0x300 .\CortexM3\ARM_GCC_493\Debug\LAB2.a(CyFlash.o)
 .debug_loc     0x000029c5      0x64d .\CortexM3\ARM_GCC_493\Debug\LAB2.a(CySpc.o)

.debug_macinfo
 *(.debug_macinfo)

.debug_ranges   0x00000000      0x9f0
 *(.debug_ranges)
 .debug_ranges  0x00000000       0x30 .\CortexM3\ARM_GCC_493\Debug\main.o
 .debug_ranges  0x00000030       0x38 .\CortexM3\ARM_GCC_493\Debug\tft.o
 .debug_ranges  0x00000068       0x38 .\CortexM3\ARM_GCC_493\Debug\Cm3Start.o
 .debug_ranges  0x000000a0       0x58 .\CortexM3\ARM_GCC_493\Debug\LAB2.a(cyfitter_cfg.o)
 .debug_ranges  0x000000f8       0x88 .\CortexM3\ARM_GCC_493\Debug\LAB2.a(LCD_Char_1.o)
 .debug_ranges  0x00000180       0xd8 .\CortexM3\ARM_GCC_493\Debug\LAB2.a(ADC_DelSig_1.o)
 .debug_ranges  0x00000258       0x28 .\CortexM3\ARM_GCC_493\Debug\LAB2.a(ADC_DelSig_1_INT.o)
 .debug_ranges  0x00000280       0x18 .\CortexM3\ARM_GCC_493\Debug\LAB2.a(MAC_unit_1_go_to_mac.o)
 .debug_ranges  0x00000298       0x28 .\CortexM3\ARM_GCC_493\Debug\LAB2.a(Pin_2.o)
 .debug_ranges  0x000002c0       0x60 .\CortexM3\ARM_GCC_493\Debug\LAB2.a(ADC_DelSig_1_Ext_CP_Clk.o)
 .debug_ranges  0x00000320       0x70 .\CortexM3\ARM_GCC_493\Debug\LAB2.a(ADC_DelSig_1_theACLK.o)
 .debug_ranges  0x00000390      0x288 .\CortexM3\ARM_GCC_493\Debug\LAB2.a(CyLib.o)
 .debug_ranges  0x00000618       0x88 .\CortexM3\ARM_GCC_493\Debug\LAB2.a(cyPm.o)
 .debug_ranges  0x000006a0       0xc8 .\CortexM3\ARM_GCC_493\Debug\LAB2.a(SPIM_1.o)
 .debug_ranges  0x00000768       0x28 .\CortexM3\ARM_GCC_493\Debug\LAB2.a(DC.o)
 .debug_ranges  0x00000790       0x60 .\CortexM3\ARM_GCC_493\Debug\LAB2.a(SPIM_1_IntClock.o)
 .debug_ranges  0x000007f0       0x20 .\CortexM3\ARM_GCC_493\Debug\LAB2.a(ADC_DelSig_1_AMux.o)
 .debug_ranges  0x00000810       0x98 .\CortexM3\ARM_GCC_493\Debug\LAB2.a(ADC_SAR_1.o)
 .debug_ranges  0x000008a8       0x10 .\CortexM3\ARM_GCC_493\Debug\LAB2.a(ADC_SAR_1_INT.o)
 .debug_ranges  0x000008b8       0x60 .\CortexM3\ARM_GCC_493\Debug\LAB2.a(ADC_SAR_1_theACLK.o)
 .debug_ranges  0x00000918       0x70 .\CortexM3\ARM_GCC_493\Debug\LAB2.a(CyFlash.o)
 .debug_ranges  0x00000988       0x68 .\CortexM3\ARM_GCC_493\Debug\LAB2.a(CySpc.o)

.comment        0x00000000       0x70
 .comment       0x00000000       0x70 .\CortexM3\ARM_GCC_493\Debug\main.o
                                 0x71 (size before relaxing)
 .comment       0x00000000       0x71 .\CortexM3\ARM_GCC_493\Debug\tft.o
 .comment       0x00000000       0x71 .\CortexM3\ARM_GCC_493\Debug\cymetadata.o
 .comment       0x00000000       0x71 .\CortexM3\ARM_GCC_493\Debug\Cm3Start.o
 .comment       0x00000000       0x71 .\CortexM3\ARM_GCC_493\Debug\LAB2.a(cyfitter_cfg.o)
 .comment       0x00000000       0x71 .\CortexM3\ARM_GCC_493\Debug\LAB2.a(LCD_Char_1.o)
 .comment       0x00000000       0x71 .\CortexM3\ARM_GCC_493\Debug\LAB2.a(ADC_DelSig_1.o)
 .comment       0x00000000       0x71 .\CortexM3\ARM_GCC_493\Debug\LAB2.a(ADC_DelSig_1_INT.o)
 .comment       0x00000000       0x71 .\CortexM3\ARM_GCC_493\Debug\LAB2.a(MAC_unit_1_go_to_mac.o)
 .comment       0x00000000       0x71 .\CortexM3\ARM_GCC_493\Debug\LAB2.a(Pin_2.o)
 .comment       0x00000000       0x71 .\CortexM3\ARM_GCC_493\Debug\LAB2.a(ADC_DelSig_1_Ext_CP_Clk.o)
 .comment       0x00000000       0x71 .\CortexM3\ARM_GCC_493\Debug\LAB2.a(ADC_DelSig_1_theACLK.o)
 .comment       0x00000000       0x71 .\CortexM3\ARM_GCC_493\Debug\LAB2.a(CyLib.o)
 .comment       0x00000000       0x71 .\CortexM3\ARM_GCC_493\Debug\LAB2.a(cyPm.o)
 .comment       0x00000000       0x71 .\CortexM3\ARM_GCC_493\Debug\LAB2.a(SPIM_1.o)
 .comment       0x00000000       0x71 .\CortexM3\ARM_GCC_493\Debug\LAB2.a(DC.o)
 .comment       0x00000000       0x71 .\CortexM3\ARM_GCC_493\Debug\LAB2.a(SPIM_1_IntClock.o)
 .comment       0x00000000       0x71 .\CortexM3\ARM_GCC_493\Debug\LAB2.a(ADC_DelSig_1_AMux.o)
 .comment       0x00000000       0x71 .\CortexM3\ARM_GCC_493\Debug\LAB2.a(ADC_SAR_1.o)
 .comment       0x00000000       0x71 .\CortexM3\ARM_GCC_493\Debug\LAB2.a(ADC_SAR_1_INT.o)
 .comment       0x00000000       0x71 .\CortexM3\ARM_GCC_493\Debug\LAB2.a(ADC_SAR_1_theACLK.o)
 .comment       0x00000000       0x71 .\CortexM3\ARM_GCC_493\Debug\LAB2.a(CyFlash.o)
 .comment       0x00000000       0x71 .\CortexM3\ARM_GCC_493\Debug\LAB2.a(CySpc.o)

.debug_weaknames
 *(.debug_weaknames)

.debug_funcnames
 *(.debug_funcnames)

.debug_typenames
 *(.debug_typenames)

.debug_varnames
 *(.debug_varnames)

.note.gnu.arm.ident
 *(.note.gnu.arm.ident)

.ARM.attributes
                0x00000000       0x29
 *(.ARM.attributes)
 .ARM.attributes
                0x00000000       0x1d c:/program files (x86)/cypress/psoc creator/3.3/psoc creator/import/gnu/arm/4.9.3/bin/../lib/gcc/arm-none-eabi/4.9.3/armv7-m/crti.o
 .ARM.attributes
                0x0000001d       0x2d c:/program files (x86)/cypress/psoc creator/3.3/psoc creator/import/gnu/arm/4.9.3/bin/../lib/gcc/arm-none-eabi/4.9.3/armv7-m/crtbegin.o
 .ARM.attributes
                0x0000004a       0x1b c:/program files (x86)/cypress/psoc creator/3.3/psoc creator/import/gnu/arm/4.9.3/bin/../lib/gcc/arm-none-eabi/4.9.3/../../../../arm-none-eabi/lib/armv7-m/crt0.o
 .ARM.attributes
                0x00000065       0x33 .\CortexM3\ARM_GCC_493\Debug\main.o
 .ARM.attributes
                0x00000098       0x33 .\CortexM3\ARM_GCC_493\Debug\tft.o
 .ARM.attributes
                0x000000cb       0x33 .\CortexM3\ARM_GCC_493\Debug\cymetadata.o
 .ARM.attributes
                0x000000fe       0x33 .\CortexM3\ARM_GCC_493\Debug\Cm3Start.o
 .ARM.attributes
                0x00000131       0x33 .\CortexM3\ARM_GCC_493\Debug\LAB2.a(cyfitter_cfg.o)
 .ARM.attributes
                0x00000164       0x33 .\CortexM3\ARM_GCC_493\Debug\LAB2.a(LCD_Char_1.o)
 .ARM.attributes
                0x00000197       0x33 .\CortexM3\ARM_GCC_493\Debug\LAB2.a(ADC_DelSig_1.o)
 .ARM.attributes
                0x000001ca       0x33 .\CortexM3\ARM_GCC_493\Debug\LAB2.a(ADC_DelSig_1_INT.o)
 .ARM.attributes
                0x000001fd       0x33 .\CortexM3\ARM_GCC_493\Debug\LAB2.a(MAC_unit_1_go_to_mac.o)
 .ARM.attributes
                0x00000230       0x33 .\CortexM3\ARM_GCC_493\Debug\LAB2.a(Pin_2.o)
 .ARM.attributes
                0x00000263       0x33 .\CortexM3\ARM_GCC_493\Debug\LAB2.a(ADC_DelSig_1_Ext_CP_Clk.o)
 .ARM.attributes
                0x00000296       0x33 .\CortexM3\ARM_GCC_493\Debug\LAB2.a(ADC_DelSig_1_theACLK.o)
 .ARM.attributes
                0x000002c9       0x21 .\CortexM3\ARM_GCC_493\Debug\LAB2.a(CyBootAsmGnu.o)
 .ARM.attributes
                0x000002ea       0x33 .\CortexM3\ARM_GCC_493\Debug\LAB2.a(CyLib.o)
 .ARM.attributes
                0x0000031d       0x33 .\CortexM3\ARM_GCC_493\Debug\LAB2.a(cyPm.o)
 .ARM.attributes
                0x00000350       0x33 .\CortexM3\ARM_GCC_493\Debug\LAB2.a(SPIM_1.o)
 .ARM.attributes
                0x00000383       0x33 .\CortexM3\ARM_GCC_493\Debug\LAB2.a(DC.o)
 .ARM.attributes
                0x000003b6       0x33 .\CortexM3\ARM_GCC_493\Debug\LAB2.a(SPIM_1_IntClock.o)
 .ARM.attributes
                0x000003e9       0x33 .\CortexM3\ARM_GCC_493\Debug\LAB2.a(ADC_DelSig_1_AMux.o)
 .ARM.attributes
                0x0000041c       0x33 .\CortexM3\ARM_GCC_493\Debug\LAB2.a(ADC_SAR_1.o)
 .ARM.attributes
                0x0000044f       0x33 .\CortexM3\ARM_GCC_493\Debug\LAB2.a(ADC_SAR_1_INT.o)
 .ARM.attributes
                0x00000482       0x33 .\CortexM3\ARM_GCC_493\Debug\LAB2.a(ADC_SAR_1_theACLK.o)
 .ARM.attributes
                0x000004b5       0x33 .\CortexM3\ARM_GCC_493\Debug\LAB2.a(CyFlash.o)
 .ARM.attributes
                0x000004e8       0x33 .\CortexM3\ARM_GCC_493\Debug\LAB2.a(CySpc.o)
 .ARM.attributes
                0x0000051b       0x1d c:/program files (x86)/cypress/psoc creator/3.3/psoc creator/import/gnu/arm/4.9.3/bin/../lib/gcc/arm-none-eabi/4.9.3/armv7-m\libgcc.a(_arm_addsubdf3.o)
 .ARM.attributes
                0x00000538       0x1d c:/program files (x86)/cypress/psoc creator/3.3/psoc creator/import/gnu/arm/4.9.3/bin/../lib/gcc/arm-none-eabi/4.9.3/armv7-m\libgcc.a(_arm_cmpdf2.o)
 .ARM.attributes
                0x00000555       0x1d c:/program files (x86)/cypress/psoc creator/3.3/psoc creator/import/gnu/arm/4.9.3/bin/../lib/gcc/arm-none-eabi/4.9.3/armv7-m\libgcc.a(_arm_addsubsf3.o)
 .ARM.attributes
                0x00000572       0x1d c:/program files (x86)/cypress/psoc creator/3.3/psoc creator/import/gnu/arm/4.9.3/bin/../lib/gcc/arm-none-eabi/4.9.3/armv7-m\libgcc.a(_arm_muldivsf3.o)
 .ARM.attributes
                0x0000058f       0x1d c:/program files (x86)/cypress/psoc creator/3.3/psoc creator/import/gnu/arm/4.9.3/bin/../lib/gcc/arm-none-eabi/4.9.3/armv7-m\libgcc.a(_arm_fixunssfsi.o)
 .ARM.attributes
                0x000005ac       0x1d c:/program files (x86)/cypress/psoc creator/3.3/psoc creator/import/gnu/arm/4.9.3/bin/../lib/gcc/arm-none-eabi/4.9.3/armv7-m\libgcc.a(_aeabi_ldivmod.o)
 .ARM.attributes
                0x000005c9       0x2d c:/program files (x86)/cypress/psoc creator/3.3/psoc creator/import/gnu/arm/4.9.3/bin/../lib/gcc/arm-none-eabi/4.9.3/armv7-m\libgcc.a(bpabi.o)
 .ARM.attributes
                0x000005f6       0x1d c:/program files (x86)/cypress/psoc creator/3.3/psoc creator/import/gnu/arm/4.9.3/bin/../lib/gcc/arm-none-eabi/4.9.3/armv7-m\libgcc.a(_dvmd_tls.o)
 .ARM.attributes
                0x00000613       0x2d c:/program files (x86)/cypress/psoc creator/3.3/psoc creator/import/gnu/arm/4.9.3/bin/../lib/gcc/arm-none-eabi/4.9.3/armv7-m\libgcc.a(_divdi3.o)
 .ARM.attributes
                0x00000640       0x2d c:/program files (x86)/cypress/psoc creator/3.3/psoc creator/import/gnu/arm/4.9.3/bin/../lib/gcc/arm-none-eabi/4.9.3/armv7-m\libgcc.a(_udivdi3.o)
 .ARM.attributes
                0x0000066d       0x2d c:/program files (x86)/cypress/psoc creator/3.3/psoc creator/import/gnu/arm/4.9.3/bin/../lib/gcc/arm-none-eabi/4.9.3/../../../../arm-none-eabi/lib/armv7-m\libg_nano.a(lib_a-errno.o)
 .ARM.attributes
                0x0000069a       0x2d c:/program files (x86)/cypress/psoc creator/3.3/psoc creator/import/gnu/arm/4.9.3/bin/../lib/gcc/arm-none-eabi/4.9.3/../../../../arm-none-eabi/lib/armv7-m\libg_nano.a(lib_a-exit.o)
 .ARM.attributes
                0x000006c7       0x2d c:/program files (x86)/cypress/psoc creator/3.3/psoc creator/import/gnu/arm/4.9.3/bin/../lib/gcc/arm-none-eabi/4.9.3/../../../../arm-none-eabi/lib/armv7-m\libg_nano.a(lib_a-impure.o)
 .ARM.attributes
                0x000006f4       0x2d c:/program files (x86)/cypress/psoc creator/3.3/psoc creator/import/gnu/arm/4.9.3/bin/../lib/gcc/arm-none-eabi/4.9.3/../../../../arm-none-eabi/lib/armv7-m\libg_nano.a(lib_a-init.o)
 .ARM.attributes
                0x00000721       0x2d c:/program files (x86)/cypress/psoc creator/3.3/psoc creator/import/gnu/arm/4.9.3/bin/../lib/gcc/arm-none-eabi/4.9.3/../../../../arm-none-eabi/lib/armv7-m\libg_nano.a(lib_a-memcpy.o)
 .ARM.attributes
                0x0000074e       0x2d c:/program files (x86)/cypress/psoc creator/3.3/psoc creator/import/gnu/arm/4.9.3/bin/../lib/gcc/arm-none-eabi/4.9.3/../../../../arm-none-eabi/lib/armv7-m\libg_nano.a(lib_a-memset.o)
 .ARM.attributes
                0x0000077b       0x2d c:/program files (x86)/cypress/psoc creator/3.3/psoc creator/import/gnu/arm/4.9.3/bin/../lib/gcc/arm-none-eabi/4.9.3/../../../../arm-none-eabi/lib/armv7-m\libg_nano.a(lib_a-sprintf.o)
 .ARM.attributes
                0x000007a8       0x2d c:/program files (x86)/cypress/psoc creator/3.3/psoc creator/import/gnu/arm/4.9.3/bin/../lib/gcc/arm-none-eabi/4.9.3/../../../../arm-none-eabi/lib/armv7-m\libg_nano.a(lib_a-nano-svfprintf.o)
 .ARM.attributes
                0x000007d5       0x2d c:/program files (x86)/cypress/psoc creator/3.3/psoc creator/import/gnu/arm/4.9.3/bin/../lib/gcc/arm-none-eabi/4.9.3/../../../../arm-none-eabi/lib/armv7-m\libg_nano.a(lib_a-nano-vfprintf_i.o)
 .ARM.attributes
                0x00000802       0x2d c:/program files (x86)/cypress/psoc creator/3.3/psoc creator/import/gnu/arm/4.9.3/bin/../lib/gcc/arm-none-eabi/4.9.3/../../../../arm-none-eabi/lib/armv7-m\libg_nano.a(lib_a-memchr.o)
 .ARM.attributes
                0x0000082f       0x2d c:/program files (x86)/cypress/psoc creator/3.3/psoc creator/import/gnu/arm/4.9.3/bin/../lib/gcc/arm-none-eabi/4.9.3/../../../../arm-none-eabi/lib/armv7-m\libg_nano.a(lib_a-memmove.o)
 .ARM.attributes
                0x0000085c       0x2d c:/program files (x86)/cypress/psoc creator/3.3/psoc creator/import/gnu/arm/4.9.3/bin/../lib/gcc/arm-none-eabi/4.9.3/../../../../arm-none-eabi/lib/armv7-m\libg_nano.a(lib_a-nano-freer.o)
 .ARM.attributes
                0x00000889       0x2d c:/program files (x86)/cypress/psoc creator/3.3/psoc creator/import/gnu/arm/4.9.3/bin/../lib/gcc/arm-none-eabi/4.9.3/../../../../arm-none-eabi/lib/armv7-m\libg_nano.a(lib_a-nano-mallocr.o)
 .ARM.attributes
                0x000008b6       0x2d c:/program files (x86)/cypress/psoc creator/3.3/psoc creator/import/gnu/arm/4.9.3/bin/../lib/gcc/arm-none-eabi/4.9.3/../../../../arm-none-eabi/lib/armv7-m\libg_nano.a(lib_a-nano-reallocr.o)
 .ARM.attributes
                0x000008e3       0x2d c:/program files (x86)/cypress/psoc creator/3.3/psoc creator/import/gnu/arm/4.9.3/bin/../lib/gcc/arm-none-eabi/4.9.3/../../../../arm-none-eabi/lib/armv7-m\libg_nano.a(lib_a-sbrkr.o)
 .ARM.attributes
                0x00000910       0x2d c:/program files (x86)/cypress/psoc creator/3.3/psoc creator/import/gnu/arm/4.9.3/bin/../lib/gcc/arm-none-eabi/4.9.3/../../../../arm-none-eabi/lib/armv7-m\libg_nano.a(lib_a-nano-msizer.o)
 .ARM.attributes
                0x0000093d       0x2d c:/program files (x86)/cypress/psoc creator/3.3/psoc creator/import/gnu/arm/4.9.3/bin/../lib/gcc/arm-none-eabi/4.9.3/../../../../arm-none-eabi/lib/armv7-m\libg_nano.a(lib_a-reent.o)
 .ARM.attributes
                0x0000096a       0x2d c:/program files (x86)/cypress/psoc creator/3.3/psoc creator/import/gnu/arm/4.9.3/bin/../lib/gcc/arm-none-eabi/4.9.3/armv7-m/crtend.o
 .ARM.attributes
                0x00000997       0x1d c:/program files (x86)/cypress/psoc creator/3.3/psoc creator/import/gnu/arm/4.9.3/bin/../lib/gcc/arm-none-eabi/4.9.3/armv7-m/crtn.o

/DISCARD/
 *(.note.GNU-stack)
OUTPUT(.\CortexM3\ARM_GCC_493\Debug\LAB2.elf elf32-littlearm)
