Archive member included because of file (symbol)

.\CortexM3\ARM_GCC_493\Debug\LAB2.a(cyfitter_cfg.o)
                              .\CortexM3\ARM_GCC_493\Debug\Cm3Start.o (cyfitter_cfg)
.\CortexM3\ARM_GCC_493\Debug\LAB2.a(LCD_Char_1.o)
                              .\CortexM3\ARM_GCC_493\Debug\main.o (LCD_Char_1_PrintString)
.\CortexM3\ARM_GCC_493\Debug\LAB2.a(ADC_DelSig_1.o)
                              .\CortexM3\ARM_GCC_493\Debug\main.o (ADC_DelSig_1_Start)
.\CortexM3\ARM_GCC_493\Debug\LAB2.a(ADC_DelSig_1_INT.o)
                              .\CortexM3\ARM_GCC_493\Debug\LAB2.a(ADC_DelSig_1.o) (ADC_DelSig_1_ISR1)
.\CortexM3\ARM_GCC_493\Debug\LAB2.a(MAC_unit_1_go_to_mac.o)
                              .\CortexM3\ARM_GCC_493\Debug\main.o (MAC_unit_1_go_to_mac_Write)
.\CortexM3\ARM_GCC_493\Debug\LAB2.a(Pin_2.o)
                              .\CortexM3\ARM_GCC_493\Debug\main.o (Pin_2_Read)
.\CortexM3\ARM_GCC_493\Debug\LAB2.a(ADC_DelSig_1_Ext_CP_Clk.o)
                              .\CortexM3\ARM_GCC_493\Debug\LAB2.a(ADC_DelSig_1.o) (ADC_DelSig_1_Ext_CP_Clk_SetModeRegister)
.\CortexM3\ARM_GCC_493\Debug\LAB2.a(ADC_DelSig_1_theACLK.o)
                              .\CortexM3\ARM_GCC_493\Debug\LAB2.a(ADC_DelSig_1.o) (ADC_DelSig_1_theACLK_SetModeRegister)
.\CortexM3\ARM_GCC_493\Debug\LAB2.a(CyBootAsmGnu.o)
                              .\CortexM3\ARM_GCC_493\Debug\LAB2.a(cyfitter_cfg.o) (CyDelayCycles)
.\CortexM3\ARM_GCC_493\Debug\LAB2.a(CyLib.o)
                              .\CortexM3\ARM_GCC_493\Debug\Cm3Start.o (CyHalt)
.\CortexM3\ARM_GCC_493\Debug\LAB2.a(cyPm.o)
                              .\CortexM3\ARM_GCC_493\Debug\LAB2.a(CyLib.o) (CyPmReadStatus)
.\CortexM3\ARM_GCC_493\Debug\LAB2.a(CyFlash.o)
                              .\CortexM3\ARM_GCC_493\Debug\LAB2.a(cyPm.o) (CyFlash_SetWaitCycles)
.\CortexM3\ARM_GCC_493\Debug\LAB2.a(CySpc.o)
                              .\CortexM3\ARM_GCC_493\Debug\LAB2.a(CyFlash.o) (CySpcStart)
c:/program files (x86)/cypress/psoc creator/3.3/psoc creator/import/gnu/arm/4.9.3/bin/../lib/gcc/arm-none-eabi/4.9.3/armv7-m\libgcc.a(_arm_addsubdf3.o)
                              .\CortexM3\ARM_GCC_493\Debug\LAB2.a(ADC_DelSig_1.o) (__aeabi_f2d)
c:/program files (x86)/cypress/psoc creator/3.3/psoc creator/import/gnu/arm/4.9.3/bin/../lib/gcc/arm-none-eabi/4.9.3/armv7-m\libgcc.a(_arm_cmpdf2.o)
                              .\CortexM3\ARM_GCC_493\Debug\LAB2.a(ADC_DelSig_1.o) (__aeabi_dcmpgt)
c:/program files (x86)/cypress/psoc creator/3.3/psoc creator/import/gnu/arm/4.9.3/bin/../lib/gcc/arm-none-eabi/4.9.3/armv7-m\libgcc.a(_arm_addsubsf3.o)
                              .\CortexM3\ARM_GCC_493\Debug\LAB2.a(ADC_DelSig_1.o) (__aeabi_ui2f)
c:/program files (x86)/cypress/psoc creator/3.3/psoc creator/import/gnu/arm/4.9.3/bin/../lib/gcc/arm-none-eabi/4.9.3/armv7-m\libgcc.a(_arm_muldivsf3.o)
                              .\CortexM3\ARM_GCC_493\Debug\LAB2.a(ADC_DelSig_1.o) (__aeabi_fmul)
c:/program files (x86)/cypress/psoc creator/3.3/psoc creator/import/gnu/arm/4.9.3/bin/../lib/gcc/arm-none-eabi/4.9.3/armv7-m\libgcc.a(_arm_fixunssfsi.o)
                              .\CortexM3\ARM_GCC_493\Debug\LAB2.a(ADC_DelSig_1.o) (__aeabi_f2uiz)
c:/program files (x86)/cypress/psoc creator/3.3/psoc creator/import/gnu/arm/4.9.3/bin/../lib/gcc/arm-none-eabi/4.9.3/../../../../arm-none-eabi/lib/armv7-m\libg_nano.a(lib_a-errno.o)
                              .\CortexM3\ARM_GCC_493\Debug\Cm3Start.o (__errno)
c:/program files (x86)/cypress/psoc creator/3.3/psoc creator/import/gnu/arm/4.9.3/bin/../lib/gcc/arm-none-eabi/4.9.3/../../../../arm-none-eabi/lib/armv7-m\libg_nano.a(lib_a-exit.o)
                              c:/program files (x86)/cypress/psoc creator/3.3/psoc creator/import/gnu/arm/4.9.3/bin/../lib/gcc/arm-none-eabi/4.9.3/../../../../arm-none-eabi/lib/armv7-m/crt0.o (exit)
c:/program files (x86)/cypress/psoc creator/3.3/psoc creator/import/gnu/arm/4.9.3/bin/../lib/gcc/arm-none-eabi/4.9.3/../../../../arm-none-eabi/lib/armv7-m\libg_nano.a(lib_a-impure.o)
                              c:/program files (x86)/cypress/psoc creator/3.3/psoc creator/import/gnu/arm/4.9.3/bin/../lib/gcc/arm-none-eabi/4.9.3/../../../../arm-none-eabi/lib/armv7-m\libg_nano.a(lib_a-exit.o) (_global_impure_ptr)
c:/program files (x86)/cypress/psoc creator/3.3/psoc creator/import/gnu/arm/4.9.3/bin/../lib/gcc/arm-none-eabi/4.9.3/../../../../arm-none-eabi/lib/armv7-m\libg_nano.a(lib_a-init.o)
                              c:/program files (x86)/cypress/psoc creator/3.3/psoc creator/import/gnu/arm/4.9.3/bin/../lib/gcc/arm-none-eabi/4.9.3/../../../../arm-none-eabi/lib/armv7-m/crt0.o (__libc_init_array)
c:/program files (x86)/cypress/psoc creator/3.3/psoc creator/import/gnu/arm/4.9.3/bin/../lib/gcc/arm-none-eabi/4.9.3/../../../../arm-none-eabi/lib/armv7-m\libg_nano.a(lib_a-memcpy.o)
                              .\CortexM3\ARM_GCC_493\Debug\LAB2.a(cyfitter_cfg.o) (memcpy)
c:/program files (x86)/cypress/psoc creator/3.3/psoc creator/import/gnu/arm/4.9.3/bin/../lib/gcc/arm-none-eabi/4.9.3/../../../../arm-none-eabi/lib/armv7-m\libg_nano.a(lib_a-memset.o)
                              c:/program files (x86)/cypress/psoc creator/3.3/psoc creator/import/gnu/arm/4.9.3/bin/../lib/gcc/arm-none-eabi/4.9.3/../../../../arm-none-eabi/lib/armv7-m/crt0.o (memset)

Allocating common symbols
Common symbol       size              file

ADC_DelSig_1_CountsPerVolt
                    0x4               .\CortexM3\ARM_GCC_493\Debug\LAB2.a(ADC_DelSig_1.o)
ADC_DelSig_1_Offset
                    0x4               .\CortexM3\ARM_GCC_493\Debug\LAB2.a(ADC_DelSig_1.o)
dieTemperature      0x2               .\CortexM3\ARM_GCC_493\Debug\LAB2.a(CyFlash.o)

Discarded input sections

 .text          0x00000000        0x0 c:/program files (x86)/cypress/psoc creator/3.3/psoc creator/import/gnu/arm/4.9.3/bin/../lib/gcc/arm-none-eabi/4.9.3/armv7-m/crti.o
 .data          0x00000000        0x0 c:/program files (x86)/cypress/psoc creator/3.3/psoc creator/import/gnu/arm/4.9.3/bin/../lib/gcc/arm-none-eabi/4.9.3/armv7-m/crti.o
 .bss           0x00000000        0x0 c:/program files (x86)/cypress/psoc creator/3.3/psoc creator/import/gnu/arm/4.9.3/bin/../lib/gcc/arm-none-eabi/4.9.3/armv7-m/crti.o
 .data          0x00000000        0x4 c:/program files (x86)/cypress/psoc creator/3.3/psoc creator/import/gnu/arm/4.9.3/bin/../lib/gcc/arm-none-eabi/4.9.3/armv7-m/crtbegin.o
 .text          0x00000000       0x74 c:/program files (x86)/cypress/psoc creator/3.3/psoc creator/import/gnu/arm/4.9.3/bin/../lib/gcc/arm-none-eabi/4.9.3/../../../../arm-none-eabi/lib/armv7-m/crt0.o
 .data          0x00000000        0x0 c:/program files (x86)/cypress/psoc creator/3.3/psoc creator/import/gnu/arm/4.9.3/bin/../lib/gcc/arm-none-eabi/4.9.3/../../../../arm-none-eabi/lib/armv7-m/crt0.o
 .bss           0x00000000        0x0 c:/program files (x86)/cypress/psoc creator/3.3/psoc creator/import/gnu/arm/4.9.3/bin/../lib/gcc/arm-none-eabi/4.9.3/../../../../arm-none-eabi/lib/armv7-m/crt0.o
 .ARM.extab     0x00000000        0x0 c:/program files (x86)/cypress/psoc creator/3.3/psoc creator/import/gnu/arm/4.9.3/bin/../lib/gcc/arm-none-eabi/4.9.3/../../../../arm-none-eabi/lib/armv7-m/crt0.o
 .ARM.exidx     0x00000000        0x8 c:/program files (x86)/cypress/psoc creator/3.3/psoc creator/import/gnu/arm/4.9.3/bin/../lib/gcc/arm-none-eabi/4.9.3/../../../../arm-none-eabi/lib/armv7-m/crt0.o
 .text          0x00000000        0x0 .\CortexM3\ARM_GCC_493\Debug\main.o
 .data          0x00000000        0x0 .\CortexM3\ARM_GCC_493\Debug\main.o
 .text          0x00000000        0x0 .\CortexM3\ARM_GCC_493\Debug\cymetadata.o
 .data          0x00000000        0x0 .\CortexM3\ARM_GCC_493\Debug\cymetadata.o
 .bss           0x00000000        0x0 .\CortexM3\ARM_GCC_493\Debug\cymetadata.o
 .text          0x00000000        0x0 .\CortexM3\ARM_GCC_493\Debug\Cm3Start.o
 .data          0x00000000        0x4 .\CortexM3\ARM_GCC_493\Debug\Cm3Start.o
 .bss           0x00000000        0x0 .\CortexM3\ARM_GCC_493\Debug\Cm3Start.o
 .text._exit    0x00000000        0xc .\CortexM3\ARM_GCC_493\Debug\Cm3Start.o
 .text._sbrk    0x00000000       0x30 .\CortexM3\ARM_GCC_493\Debug\Cm3Start.o
 .text          0x00000000        0x0 .\CortexM3\ARM_GCC_493\Debug\LAB2.a(cyfitter_cfg.o)
 .data          0x00000000        0x0 .\CortexM3\ARM_GCC_493\Debug\LAB2.a(cyfitter_cfg.o)
 .bss           0x00000000        0x0 .\CortexM3\ARM_GCC_493\Debug\LAB2.a(cyfitter_cfg.o)
 .text.SetAnalogRoutingPumps
                0x00000000       0x1c .\CortexM3\ARM_GCC_493\Debug\LAB2.a(cyfitter_cfg.o)
 .text          0x00000000        0x0 .\CortexM3\ARM_GCC_493\Debug\LAB2.a(LCD_Char_1.o)
 .data          0x00000000        0x0 .\CortexM3\ARM_GCC_493\Debug\LAB2.a(LCD_Char_1.o)
 .text.LCD_Char_1_Stop
                0x00000000       0x14 .\CortexM3\ARM_GCC_493\Debug\LAB2.a(LCD_Char_1.o)
 .text.LCD_Char_1_PrintInt8
                0x00000000       0x20 .\CortexM3\ARM_GCC_493\Debug\LAB2.a(LCD_Char_1.o)
 .text.LCD_Char_1_PrintInt16
                0x00000000       0x14 .\CortexM3\ARM_GCC_493\Debug\LAB2.a(LCD_Char_1.o)
 .text.LCD_Char_1_PrintInt32
                0x00000000       0x1c .\CortexM3\ARM_GCC_493\Debug\LAB2.a(LCD_Char_1.o)
 .rodata        0x00000000       0x10 .\CortexM3\ARM_GCC_493\Debug\LAB2.a(LCD_Char_1.o)
 .text          0x00000000        0x0 .\CortexM3\ARM_GCC_493\Debug\LAB2.a(ADC_DelSig_1.o)
 .text.ADC_DelSig_1_Stop
                0x00000000       0xe4 .\CortexM3\ARM_GCC_493\Debug\LAB2.a(ADC_DelSig_1.o)
 .text.ADC_DelSig_1_SetBufferGain
                0x00000000       0x18 .\CortexM3\ARM_GCC_493\Debug\LAB2.a(ADC_DelSig_1.o)
 .text.ADC_DelSig_1_SetCoherency
                0x00000000       0x18 .\CortexM3\ARM_GCC_493\Debug\LAB2.a(ADC_DelSig_1.o)
 .text.ADC_DelSig_1_SetGCOR
                0x00000000       0x78 .\CortexM3\ARM_GCC_493\Debug\LAB2.a(ADC_DelSig_1.o)
 .text.ADC_DelSig_1_ReadGCOR
                0x00000000       0x24 .\CortexM3\ARM_GCC_493\Debug\LAB2.a(ADC_DelSig_1.o)
 .text.ADC_DelSig_1_StopConvert
                0x00000000       0x10 .\CortexM3\ARM_GCC_493\Debug\LAB2.a(ADC_DelSig_1.o)
 .text.ADC_DelSig_1_GetResult8
                0x00000000       0x48 .\CortexM3\ARM_GCC_493\Debug\LAB2.a(ADC_DelSig_1.o)
 .text.ADC_DelSig_1_GetResult32
                0x00000000       0x6c .\CortexM3\ARM_GCC_493\Debug\LAB2.a(ADC_DelSig_1.o)
 .text.ADC_DelSig_1_SetOffset
                0x00000000        0xc .\CortexM3\ARM_GCC_493\Debug\LAB2.a(ADC_DelSig_1.o)
 .text.ADC_DelSig_1_SetGain
                0x00000000        0xc .\CortexM3\ARM_GCC_493\Debug\LAB2.a(ADC_DelSig_1.o)
 .text.ADC_DelSig_1_CountsTo_mVolts
                0x00000000       0x24 .\CortexM3\ARM_GCC_493\Debug\LAB2.a(ADC_DelSig_1.o)
 .text.ADC_DelSig_1_CountsTo_Volts
                0x00000000       0x28 .\CortexM3\ARM_GCC_493\Debug\LAB2.a(ADC_DelSig_1.o)
 .text.ADC_DelSig_1_CountsTo_uVolts
                0x00000000       0x78 .\CortexM3\ARM_GCC_493\Debug\LAB2.a(ADC_DelSig_1.o)
 .text.ADC_DelSig_1_SelectConfiguration
                0x00000000       0x64 .\CortexM3\ARM_GCC_493\Debug\LAB2.a(ADC_DelSig_1.o)
 .text.ADC_DelSig_1_Read8
                0x00000000       0x28 .\CortexM3\ARM_GCC_493\Debug\LAB2.a(ADC_DelSig_1.o)
 .text.ADC_DelSig_1_Read16
                0x00000000       0x28 .\CortexM3\ARM_GCC_493\Debug\LAB2.a(ADC_DelSig_1.o)
 .text.ADC_DelSig_1_Read32
                0x00000000       0x28 .\CortexM3\ARM_GCC_493\Debug\LAB2.a(ADC_DelSig_1.o)
 .text          0x00000000        0x0 .\CortexM3\ARM_GCC_493\Debug\LAB2.a(ADC_DelSig_1_INT.o)
 .data          0x00000000        0x0 .\CortexM3\ARM_GCC_493\Debug\LAB2.a(ADC_DelSig_1_INT.o)
 .bss           0x00000000        0x0 .\CortexM3\ARM_GCC_493\Debug\LAB2.a(ADC_DelSig_1_INT.o)
 .text          0x00000000        0x0 .\CortexM3\ARM_GCC_493\Debug\LAB2.a(MAC_unit_1_go_to_mac.o)
 .data          0x00000000        0x0 .\CortexM3\ARM_GCC_493\Debug\LAB2.a(MAC_unit_1_go_to_mac.o)
 .bss           0x00000000        0x0 .\CortexM3\ARM_GCC_493\Debug\LAB2.a(MAC_unit_1_go_to_mac.o)
 .text.MAC_unit_1_go_to_mac_Read
                0x00000000        0xc .\CortexM3\ARM_GCC_493\Debug\LAB2.a(MAC_unit_1_go_to_mac.o)
 .text          0x00000000        0x0 .\CortexM3\ARM_GCC_493\Debug\LAB2.a(Pin_2.o)
 .data          0x00000000        0x0 .\CortexM3\ARM_GCC_493\Debug\LAB2.a(Pin_2.o)
 .bss           0x00000000        0x0 .\CortexM3\ARM_GCC_493\Debug\LAB2.a(Pin_2.o)
 .text.Pin_2_Write
                0x00000000       0x18 .\CortexM3\ARM_GCC_493\Debug\LAB2.a(Pin_2.o)
 .text.Pin_2_SetDriveMode
                0x00000000       0x18 .\CortexM3\ARM_GCC_493\Debug\LAB2.a(Pin_2.o)
 .text.Pin_2_ReadDataReg
                0x00000000       0x10 .\CortexM3\ARM_GCC_493\Debug\LAB2.a(Pin_2.o)
 .text          0x00000000        0x0 .\CortexM3\ARM_GCC_493\Debug\LAB2.a(ADC_DelSig_1_Ext_CP_Clk.o)
 .data          0x00000000        0x0 .\CortexM3\ARM_GCC_493\Debug\LAB2.a(ADC_DelSig_1_Ext_CP_Clk.o)
 .bss           0x00000000        0x0 .\CortexM3\ARM_GCC_493\Debug\LAB2.a(ADC_DelSig_1_Ext_CP_Clk.o)
 .text.ADC_DelSig_1_Ext_CP_Clk_Start
                0x00000000       0x1c .\CortexM3\ARM_GCC_493\Debug\LAB2.a(ADC_DelSig_1_Ext_CP_Clk.o)
 .text.ADC_DelSig_1_Ext_CP_Clk_Stop
                0x00000000       0x1c .\CortexM3\ARM_GCC_493\Debug\LAB2.a(ADC_DelSig_1_Ext_CP_Clk.o)
 .text.ADC_DelSig_1_Ext_CP_Clk_StopBlock
                0x00000000       0x6c .\CortexM3\ARM_GCC_493\Debug\LAB2.a(ADC_DelSig_1_Ext_CP_Clk.o)
 .text.ADC_DelSig_1_Ext_CP_Clk_StandbyPower
                0x00000000       0x20 .\CortexM3\ARM_GCC_493\Debug\LAB2.a(ADC_DelSig_1_Ext_CP_Clk.o)
 .text.ADC_DelSig_1_Ext_CP_Clk_ClearModeRegister
                0x00000000       0x18 .\CortexM3\ARM_GCC_493\Debug\LAB2.a(ADC_DelSig_1_Ext_CP_Clk.o)
 .text.ADC_DelSig_1_Ext_CP_Clk_GetModeRegister
                0x00000000       0x10 .\CortexM3\ARM_GCC_493\Debug\LAB2.a(ADC_DelSig_1_Ext_CP_Clk.o)
 .text.ADC_DelSig_1_Ext_CP_Clk_SetSourceRegister
                0x00000000       0x5c .\CortexM3\ARM_GCC_493\Debug\LAB2.a(ADC_DelSig_1_Ext_CP_Clk.o)
 .text          0x00000000        0x0 .\CortexM3\ARM_GCC_493\Debug\LAB2.a(ADC_DelSig_1_theACLK.o)
 .data          0x00000000        0x0 .\CortexM3\ARM_GCC_493\Debug\LAB2.a(ADC_DelSig_1_theACLK.o)
 .bss           0x00000000        0x0 .\CortexM3\ARM_GCC_493\Debug\LAB2.a(ADC_DelSig_1_theACLK.o)
 .text.ADC_DelSig_1_theACLK_Start
                0x00000000       0x1c .\CortexM3\ARM_GCC_493\Debug\LAB2.a(ADC_DelSig_1_theACLK.o)
 .text.ADC_DelSig_1_theACLK_Stop
                0x00000000       0x1c .\CortexM3\ARM_GCC_493\Debug\LAB2.a(ADC_DelSig_1_theACLK.o)
 .text.ADC_DelSig_1_theACLK_StopBlock
                0x00000000       0x6c .\CortexM3\ARM_GCC_493\Debug\LAB2.a(ADC_DelSig_1_theACLK.o)
 .text.ADC_DelSig_1_theACLK_StandbyPower
                0x00000000       0x20 .\CortexM3\ARM_GCC_493\Debug\LAB2.a(ADC_DelSig_1_theACLK.o)
 .text.ADC_DelSig_1_theACLK_ClearModeRegister
                0x00000000       0x18 .\CortexM3\ARM_GCC_493\Debug\LAB2.a(ADC_DelSig_1_theACLK.o)
 .text.ADC_DelSig_1_theACLK_GetModeRegister
                0x00000000       0x10 .\CortexM3\ARM_GCC_493\Debug\LAB2.a(ADC_DelSig_1_theACLK.o)
 .text.ADC_DelSig_1_theACLK_SetSourceRegister
                0x00000000       0x5c .\CortexM3\ARM_GCC_493\Debug\LAB2.a(ADC_DelSig_1_theACLK.o)
 .text.ADC_DelSig_1_theACLK_SetPhaseRegister
                0x00000000       0x10 .\CortexM3\ARM_GCC_493\Debug\LAB2.a(ADC_DelSig_1_theACLK.o)
 .text.ADC_DelSig_1_theACLK_GetPhaseRegister
                0x00000000       0x10 .\CortexM3\ARM_GCC_493\Debug\LAB2.a(ADC_DelSig_1_theACLK.o)
 .data          0x00000000        0x0 .\CortexM3\ARM_GCC_493\Debug\LAB2.a(CyBootAsmGnu.o)
 .bss           0x00000000        0x0 .\CortexM3\ARM_GCC_493\Debug\LAB2.a(CyBootAsmGnu.o)
 .text          0x00000000        0x0 .\CortexM3\ARM_GCC_493\Debug\LAB2.a(CyLib.o)
 .bss           0x00000000       0x1c .\CortexM3\ARM_GCC_493\Debug\LAB2.a(CyLib.o)
 .text.CyUSB_PowerOnCheck
                0x00000000       0x48 .\CortexM3\ARM_GCC_493\Debug\LAB2.a(CyLib.o)
 .text.CyBusClk_Internal_SetDivider
                0x00000000       0x48 .\CortexM3\ARM_GCC_493\Debug\LAB2.a(CyLib.o)
 .text.CyPLL_OUT_Stop
                0x00000000       0x10 .\CortexM3\ARM_GCC_493\Debug\LAB2.a(CyLib.o)
 .text.CyIMO_Stop
                0x00000000       0x1c .\CortexM3\ARM_GCC_493\Debug\LAB2.a(CyLib.o)
 .text.CyIMO_EnableDoubler
                0x00000000       0x10 .\CortexM3\ARM_GCC_493\Debug\LAB2.a(CyLib.o)
 .text.CyIMO_DisableDoubler
                0x00000000       0x10 .\CortexM3\ARM_GCC_493\Debug\LAB2.a(CyLib.o)
 .text.CyMasterClk_SetSource
                0x00000000       0x18 .\CortexM3\ARM_GCC_493\Debug\LAB2.a(CyLib.o)
 .text.CyMasterClk_SetDivider
                0x00000000        0xc .\CortexM3\ARM_GCC_493\Debug\LAB2.a(CyLib.o)
 .text.CyBusClk_SetDivider
                0x00000000       0x70 .\CortexM3\ARM_GCC_493\Debug\LAB2.a(CyLib.o)
 .text.CyUsbClk_SetSource
                0x00000000       0x18 .\CortexM3\ARM_GCC_493\Debug\LAB2.a(CyLib.o)
 .text.CyILO_Start1K
                0x00000000       0x10 .\CortexM3\ARM_GCC_493\Debug\LAB2.a(CyLib.o)
 .text.CyILO_Stop1K
                0x00000000       0x10 .\CortexM3\ARM_GCC_493\Debug\LAB2.a(CyLib.o)
 .text.CyILO_Start100K
                0x00000000       0x10 .\CortexM3\ARM_GCC_493\Debug\LAB2.a(CyLib.o)
 .text.CyILO_Stop100K
                0x00000000       0x10 .\CortexM3\ARM_GCC_493\Debug\LAB2.a(CyLib.o)
 .text.CyPLL_OUT_Start
                0x00000000       0x78 .\CortexM3\ARM_GCC_493\Debug\LAB2.a(CyLib.o)
 .text.CyIMO_Start
                0x00000000       0x60 .\CortexM3\ARM_GCC_493\Debug\LAB2.a(CyLib.o)
 .text.CyILO_Enable33K
                0x00000000       0x10 .\CortexM3\ARM_GCC_493\Debug\LAB2.a(CyLib.o)
 .text.CyILO_Disable33K
                0x00000000       0x10 .\CortexM3\ARM_GCC_493\Debug\LAB2.a(CyLib.o)
 .text.CyILO_SetSource
                0x00000000       0x18 .\CortexM3\ARM_GCC_493\Debug\LAB2.a(CyLib.o)
 .text.CyILO_SetPowerMode
                0x00000000       0x24 .\CortexM3\ARM_GCC_493\Debug\LAB2.a(CyLib.o)
 .text.CyXTAL_32KHZ_Stop
                0x00000000       0x30 .\CortexM3\ARM_GCC_493\Debug\LAB2.a(CyLib.o)
 .text.CyXTAL_32KHZ_ReadStatus
                0x00000000       0x10 .\CortexM3\ARM_GCC_493\Debug\LAB2.a(CyLib.o)
 .text.CyXTAL_Start
                0x00000000       0xac .\CortexM3\ARM_GCC_493\Debug\LAB2.a(CyLib.o)
 .text.CyXTAL_Stop
                0x00000000       0x10 .\CortexM3\ARM_GCC_493\Debug\LAB2.a(CyLib.o)
 .text.CyXTAL_EnableErrStatus
                0x00000000       0x10 .\CortexM3\ARM_GCC_493\Debug\LAB2.a(CyLib.o)
 .text.CyXTAL_DisableErrStatus
                0x00000000       0x10 .\CortexM3\ARM_GCC_493\Debug\LAB2.a(CyLib.o)
 .text.CyXTAL_ReadStatus
                0x00000000       0x18 .\CortexM3\ARM_GCC_493\Debug\LAB2.a(CyLib.o)
 .text.CyXTAL_EnableFaultRecovery
                0x00000000       0x10 .\CortexM3\ARM_GCC_493\Debug\LAB2.a(CyLib.o)
 .text.CyXTAL_DisableFaultRecovery
                0x00000000       0x10 .\CortexM3\ARM_GCC_493\Debug\LAB2.a(CyLib.o)
 .text.CyXTAL_SetStartup
                0x00000000       0x18 .\CortexM3\ARM_GCC_493\Debug\LAB2.a(CyLib.o)
 .text.CyXTAL_SetFbVoltage
                0x00000000       0x18 .\CortexM3\ARM_GCC_493\Debug\LAB2.a(CyLib.o)
 .text.CyXTAL_SetWdVoltage
                0x00000000       0x18 .\CortexM3\ARM_GCC_493\Debug\LAB2.a(CyLib.o)
 .text.CyPLL_OUT_SetPQ
                0x00000000       0x60 .\CortexM3\ARM_GCC_493\Debug\LAB2.a(CyLib.o)
 .text.CyPLL_OUT_SetSource
                0x00000000       0x34 .\CortexM3\ARM_GCC_493\Debug\LAB2.a(CyLib.o)
 .text.CyIMO_SetTrimValue
                0x00000000       0xcc .\CortexM3\ARM_GCC_493\Debug\LAB2.a(CyLib.o)
 .text.CyIMO_SetFreq
                0x00000000       0xf4 .\CortexM3\ARM_GCC_493\Debug\LAB2.a(CyLib.o)
 .text.CyIMO_SetSource
                0x00000000       0x58 .\CortexM3\ARM_GCC_493\Debug\LAB2.a(CyLib.o)
 .text.CySoftwareReset
                0x00000000       0x10 .\CortexM3\ARM_GCC_493\Debug\LAB2.a(CyLib.o)
 .text.CyXTAL_32KHZ_SetPowerMode
                0x00000000       0x84 .\CortexM3\ARM_GCC_493\Debug\LAB2.a(CyLib.o)
 .text.CyXTAL_32KHZ_Start
                0x00000000       0x70 .\CortexM3\ARM_GCC_493\Debug\LAB2.a(CyLib.o)
 .text.CyDelayFreq
                0x00000000       0x4c .\CortexM3\ARM_GCC_493\Debug\LAB2.a(CyLib.o)
 .text.CyWdtStart
                0x00000000       0x40 .\CortexM3\ARM_GCC_493\Debug\LAB2.a(CyLib.o)
 .text.CyWdtClear
                0x00000000        0xc .\CortexM3\ARM_GCC_493\Debug\LAB2.a(CyLib.o)
 .text.CyVdStickyStatus
                0x00000000       0x2c .\CortexM3\ARM_GCC_493\Debug\LAB2.a(CyLib.o)
 .text.CyVdLvDigitEnable
                0x00000000       0x84 .\CortexM3\ARM_GCC_493\Debug\LAB2.a(CyLib.o)
 .text.CyVdLvAnalogEnable
                0x00000000       0x80 .\CortexM3\ARM_GCC_493\Debug\LAB2.a(CyLib.o)
 .text.CyVdLvDigitDisable
                0x00000000       0x30 .\CortexM3\ARM_GCC_493\Debug\LAB2.a(CyLib.o)
 .text.CyVdLvAnalogDisable
                0x00000000       0x28 .\CortexM3\ARM_GCC_493\Debug\LAB2.a(CyLib.o)
 .text.CyVdHvAnalogEnable
                0x00000000       0x54 .\CortexM3\ARM_GCC_493\Debug\LAB2.a(CyLib.o)
 .text.CyVdHvAnalogDisable
                0x00000000       0x20 .\CortexM3\ARM_GCC_493\Debug\LAB2.a(CyLib.o)
 .text.CyVdRealTimeStatus
                0x00000000       0x1c .\CortexM3\ARM_GCC_493\Debug\LAB2.a(CyLib.o)
 .text.CyDisableInts
                0x00000000       0x1c .\CortexM3\ARM_GCC_493\Debug\LAB2.a(CyLib.o)
 .text.CyEnableInts
                0x00000000       0x18 .\CortexM3\ARM_GCC_493\Debug\LAB2.a(CyLib.o)
 .text.CyFlushCache
                0x00000000       0x44 .\CortexM3\ARM_GCC_493\Debug\LAB2.a(CyLib.o)
 .text.CyIntSetSysVector
                0x00000000       0x28 .\CortexM3\ARM_GCC_493\Debug\LAB2.a(CyLib.o)
 .text.CyIntGetSysVector
                0x00000000       0x20 .\CortexM3\ARM_GCC_493\Debug\LAB2.a(CyLib.o)
 .text.CyIntGetVector
                0x00000000       0x24 .\CortexM3\ARM_GCC_493\Debug\LAB2.a(CyLib.o)
 .text.CyIntGetPriority
                0x00000000       0x20 .\CortexM3\ARM_GCC_493\Debug\LAB2.a(CyLib.o)
 .text.CyIntGetState
                0x00000000       0x24 .\CortexM3\ARM_GCC_493\Debug\LAB2.a(CyLib.o)
 .text.CySysTickStop
                0x00000000       0x10 .\CortexM3\ARM_GCC_493\Debug\LAB2.a(CyLib.o)
 .text.CySysTickEnableInterrupt
                0x00000000       0x10 .\CortexM3\ARM_GCC_493\Debug\LAB2.a(CyLib.o)
 .text.CySysTickEnable
                0x00000000       0x18 .\CortexM3\ARM_GCC_493\Debug\LAB2.a(CyLib.o)
 .text.CySysTickDisableInterrupt
                0x00000000       0x10 .\CortexM3\ARM_GCC_493\Debug\LAB2.a(CyLib.o)
 .text.CySysTickSetReload
                0x00000000       0x10 .\CortexM3\ARM_GCC_493\Debug\LAB2.a(CyLib.o)
 .text.CySysTickGetReload
                0x00000000       0x10 .\CortexM3\ARM_GCC_493\Debug\LAB2.a(CyLib.o)
 .text.CySysTickGetValue
                0x00000000       0x10 .\CortexM3\ARM_GCC_493\Debug\LAB2.a(CyLib.o)
 .text.CySysTickSetClockSource
                0x00000000       0x20 .\CortexM3\ARM_GCC_493\Debug\LAB2.a(CyLib.o)
 .text.CySysTickGetCountFlag
                0x00000000       0x10 .\CortexM3\ARM_GCC_493\Debug\LAB2.a(CyLib.o)
 .text.CySysTickServiceCallbacks
                0x00000000       0x28 .\CortexM3\ARM_GCC_493\Debug\LAB2.a(CyLib.o)
 .text.CySysTickClear
                0x00000000        0xc .\CortexM3\ARM_GCC_493\Debug\LAB2.a(CyLib.o)
 .text.CySysTickInit
                0x00000000       0x58 .\CortexM3\ARM_GCC_493\Debug\LAB2.a(CyLib.o)
 .text.CySysTickStart
                0x00000000       0x1c .\CortexM3\ARM_GCC_493\Debug\LAB2.a(CyLib.o)
 .text.CySysTickSetCallback
                0x00000000       0x10 .\CortexM3\ARM_GCC_493\Debug\LAB2.a(CyLib.o)
 .text.CySysTickGetCallback
                0x00000000       0x10 .\CortexM3\ARM_GCC_493\Debug\LAB2.a(CyLib.o)
 .text.CyGetUniqueId
                0x00000000       0x70 .\CortexM3\ARM_GCC_493\Debug\LAB2.a(CyLib.o)
 .text          0x00000000        0x0 .\CortexM3\ARM_GCC_493\Debug\LAB2.a(cyPm.o)
 .data          0x00000000        0x0 .\CortexM3\ARM_GCC_493\Debug\LAB2.a(cyPm.o)
 .bss           0x00000000       0x44 .\CortexM3\ARM_GCC_493\Debug\LAB2.a(cyPm.o)
 .text.CyPmHibSlpSaveSet
                0x00000000      0x1dc .\CortexM3\ARM_GCC_493\Debug\LAB2.a(cyPm.o)
 .text.CyPmHibSlpRestore
                0x00000000       0xd4 .\CortexM3\ARM_GCC_493\Debug\LAB2.a(cyPm.o)
 .text.CyPmHviLviSaveDisable
                0x00000000       0xa0 .\CortexM3\ARM_GCC_493\Debug\LAB2.a(cyPm.o)
 .text.CyPmHibSaveSet
                0x00000000       0x8c .\CortexM3\ARM_GCC_493\Debug\LAB2.a(cyPm.o)
 .text.CyPmHviLviRestore
                0x00000000       0x48 .\CortexM3\ARM_GCC_493\Debug\LAB2.a(cyPm.o)
 .text.CyPmHibRestore
                0x00000000       0x58 .\CortexM3\ARM_GCC_493\Debug\LAB2.a(cyPm.o)
 .text.CyPmSaveClocks
                0x00000000      0x218 .\CortexM3\ARM_GCC_493\Debug\LAB2.a(cyPm.o)
 .text.CyPmRestoreClocks
                0x00000000      0x24c .\CortexM3\ARM_GCC_493\Debug\LAB2.a(cyPm.o)
 .text.CyPmAltAct
                0x00000000       0x6c .\CortexM3\ARM_GCC_493\Debug\LAB2.a(cyPm.o)
 .text.CyPmSleep
                0x00000000       0xf4 .\CortexM3\ARM_GCC_493\Debug\LAB2.a(cyPm.o)
 .text.CyPmHibernateEx
                0x00000000       0xf4 .\CortexM3\ARM_GCC_493\Debug\LAB2.a(cyPm.o)
 .text.CyPmHibernate
                0x00000000        0xc .\CortexM3\ARM_GCC_493\Debug\LAB2.a(cyPm.o)
 .text.CyPmReadStatus
                0x00000000       0x30 .\CortexM3\ARM_GCC_493\Debug\LAB2.a(cyPm.o)
 .text.CyPmCtwSetInterval
                0x00000000       0x5c .\CortexM3\ARM_GCC_493\Debug\LAB2.a(cyPm.o)
 .text.CyPmOppsSet
                0x00000000       0x2c .\CortexM3\ARM_GCC_493\Debug\LAB2.a(cyPm.o)
 .text.CyPmFtwSetInterval
                0x00000000       0x5c .\CortexM3\ARM_GCC_493\Debug\LAB2.a(cyPm.o)
 .rodata        0x00000000       0x10 .\CortexM3\ARM_GCC_493\Debug\LAB2.a(cyPm.o)
 .text          0x00000000        0x0 .\CortexM3\ARM_GCC_493\Debug\LAB2.a(CyFlash.o)
 .data          0x00000000        0x0 .\CortexM3\ARM_GCC_493\Debug\LAB2.a(CyFlash.o)
 .bss           0x00000000        0x4 .\CortexM3\ARM_GCC_493\Debug\LAB2.a(CyFlash.o)
 .text.CyFlashGetSpcAlgorithm
                0x00000000       0x4c .\CortexM3\ARM_GCC_493\Debug\LAB2.a(CyFlash.o)
 .text.CySetTempInt
                0x00000000       0x60 .\CortexM3\ARM_GCC_493\Debug\LAB2.a(CyFlash.o)
 .text.CyFlash_Start
                0x00000000       0x54 .\CortexM3\ARM_GCC_493\Debug\LAB2.a(CyFlash.o)
 .text.CyFlash_Stop
                0x00000000       0x24 .\CortexM3\ARM_GCC_493\Debug\LAB2.a(CyFlash.o)
 .text.CySetTemp
                0x00000000       0x14 .\CortexM3\ARM_GCC_493\Debug\LAB2.a(CyFlash.o)
 .text.CySetFlashEEBuffer
                0x00000000       0x28 .\CortexM3\ARM_GCC_493\Debug\LAB2.a(CyFlash.o)
 .text.CyWriteRowFull
                0x00000000       0xf8 .\CortexM3\ARM_GCC_493\Debug\LAB2.a(CyFlash.o)
 .text.CyWriteRowData
                0x00000000       0x14 .\CortexM3\ARM_GCC_493\Debug\LAB2.a(CyFlash.o)
 .text.CyFlash_SetWaitCycles
                0x00000000       0x7c .\CortexM3\ARM_GCC_493\Debug\LAB2.a(CyFlash.o)
 .text.CyEEPROM_Start
                0x00000000       0x54 .\CortexM3\ARM_GCC_493\Debug\LAB2.a(CyFlash.o)
 .text.CyEEPROM_Stop
                0x00000000       0x24 .\CortexM3\ARM_GCC_493\Debug\LAB2.a(CyFlash.o)
 .text.CyEEPROM_ReadReserve
                0x00000000       0x1c .\CortexM3\ARM_GCC_493\Debug\LAB2.a(CyFlash.o)
 .text.CyEEPROM_ReadRelease
                0x00000000       0x10 .\CortexM3\ARM_GCC_493\Debug\LAB2.a(CyFlash.o)
 COMMON         0x00000000        0x2 .\CortexM3\ARM_GCC_493\Debug\LAB2.a(CyFlash.o)
 .text          0x00000000        0x0 .\CortexM3\ARM_GCC_493\Debug\LAB2.a(CySpc.o)
 .data          0x00000000        0x0 .\CortexM3\ARM_GCC_493\Debug\LAB2.a(CySpc.o)
 .bss           0x00000000        0x8 .\CortexM3\ARM_GCC_493\Debug\LAB2.a(CySpc.o)
 .text.CySpcStart
                0x00000000       0x24 .\CortexM3\ARM_GCC_493\Debug\LAB2.a(CySpc.o)
 .text.CySpcStop
                0x00000000       0x24 .\CortexM3\ARM_GCC_493\Debug\LAB2.a(CySpc.o)
 .text.CySpcReadData
                0x00000000       0x34 .\CortexM3\ARM_GCC_493\Debug\LAB2.a(CySpc.o)
 .text.CySpcLoadMultiByte
                0x00000000       0x78 .\CortexM3\ARM_GCC_493\Debug\LAB2.a(CySpc.o)
 .text.CySpcLoadRow
                0x00000000       0x54 .\CortexM3\ARM_GCC_493\Debug\LAB2.a(CySpc.o)
 .text.CySpcLoadRowFull
                0x00000000       0x80 .\CortexM3\ARM_GCC_493\Debug\LAB2.a(CySpc.o)
 .text.CySpcWriteRow
                0x00000000       0x4c .\CortexM3\ARM_GCC_493\Debug\LAB2.a(CySpc.o)
 .text.CySpcEraseSector
                0x00000000       0x3c .\CortexM3\ARM_GCC_493\Debug\LAB2.a(CySpc.o)
 .text.CySpcGetTemp
                0x00000000       0x3c .\CortexM3\ARM_GCC_493\Debug\LAB2.a(CySpc.o)
 .text.CySpcLock
                0x00000000       0x4c .\CortexM3\ARM_GCC_493\Debug\LAB2.a(CySpc.o)
 .text.CySpcUnlock
                0x00000000       0x38 .\CortexM3\ARM_GCC_493\Debug\LAB2.a(CySpc.o)
 .text.CySpcGetAlgorithm
                0x00000000       0x28 .\CortexM3\ARM_GCC_493\Debug\LAB2.a(CySpc.o)
 .text          0x00000000      0x370 c:/program files (x86)/cypress/psoc creator/3.3/psoc creator/import/gnu/arm/4.9.3/bin/../lib/gcc/arm-none-eabi/4.9.3/armv7-m\libgcc.a(_arm_addsubdf3.o)
 .data          0x00000000        0x0 c:/program files (x86)/cypress/psoc creator/3.3/psoc creator/import/gnu/arm/4.9.3/bin/../lib/gcc/arm-none-eabi/4.9.3/armv7-m\libgcc.a(_arm_addsubdf3.o)
 .bss           0x00000000        0x0 c:/program files (x86)/cypress/psoc creator/3.3/psoc creator/import/gnu/arm/4.9.3/bin/../lib/gcc/arm-none-eabi/4.9.3/armv7-m\libgcc.a(_arm_addsubdf3.o)
 .text          0x00000000      0x110 c:/program files (x86)/cypress/psoc creator/3.3/psoc creator/import/gnu/arm/4.9.3/bin/../lib/gcc/arm-none-eabi/4.9.3/armv7-m\libgcc.a(_arm_cmpdf2.o)
 .data          0x00000000        0x0 c:/program files (x86)/cypress/psoc creator/3.3/psoc creator/import/gnu/arm/4.9.3/bin/../lib/gcc/arm-none-eabi/4.9.3/armv7-m\libgcc.a(_arm_cmpdf2.o)
 .bss           0x00000000        0x0 c:/program files (x86)/cypress/psoc creator/3.3/psoc creator/import/gnu/arm/4.9.3/bin/../lib/gcc/arm-none-eabi/4.9.3/armv7-m\libgcc.a(_arm_cmpdf2.o)
 .text          0x00000000      0x21c c:/program files (x86)/cypress/psoc creator/3.3/psoc creator/import/gnu/arm/4.9.3/bin/../lib/gcc/arm-none-eabi/4.9.3/armv7-m\libgcc.a(_arm_addsubsf3.o)
 .data          0x00000000        0x0 c:/program files (x86)/cypress/psoc creator/3.3/psoc creator/import/gnu/arm/4.9.3/bin/../lib/gcc/arm-none-eabi/4.9.3/armv7-m\libgcc.a(_arm_addsubsf3.o)
 .bss           0x00000000        0x0 c:/program files (x86)/cypress/psoc creator/3.3/psoc creator/import/gnu/arm/4.9.3/bin/../lib/gcc/arm-none-eabi/4.9.3/armv7-m\libgcc.a(_arm_addsubsf3.o)
 .text          0x00000000      0x2a0 c:/program files (x86)/cypress/psoc creator/3.3/psoc creator/import/gnu/arm/4.9.3/bin/../lib/gcc/arm-none-eabi/4.9.3/armv7-m\libgcc.a(_arm_muldivsf3.o)
 .data          0x00000000        0x0 c:/program files (x86)/cypress/psoc creator/3.3/psoc creator/import/gnu/arm/4.9.3/bin/../lib/gcc/arm-none-eabi/4.9.3/armv7-m\libgcc.a(_arm_muldivsf3.o)
 .bss           0x00000000        0x0 c:/program files (x86)/cypress/psoc creator/3.3/psoc creator/import/gnu/arm/4.9.3/bin/../lib/gcc/arm-none-eabi/4.9.3/armv7-m\libgcc.a(_arm_muldivsf3.o)
 .text          0x00000000       0x40 c:/program files (x86)/cypress/psoc creator/3.3/psoc creator/import/gnu/arm/4.9.3/bin/../lib/gcc/arm-none-eabi/4.9.3/armv7-m\libgcc.a(_arm_fixunssfsi.o)
 .data          0x00000000        0x0 c:/program files (x86)/cypress/psoc creator/3.3/psoc creator/import/gnu/arm/4.9.3/bin/../lib/gcc/arm-none-eabi/4.9.3/armv7-m\libgcc.a(_arm_fixunssfsi.o)
 .bss           0x00000000        0x0 c:/program files (x86)/cypress/psoc creator/3.3/psoc creator/import/gnu/arm/4.9.3/bin/../lib/gcc/arm-none-eabi/4.9.3/armv7-m\libgcc.a(_arm_fixunssfsi.o)
 .text          0x00000000        0x0 c:/program files (x86)/cypress/psoc creator/3.3/psoc creator/import/gnu/arm/4.9.3/bin/../lib/gcc/arm-none-eabi/4.9.3/../../../../arm-none-eabi/lib/armv7-m\libg_nano.a(lib_a-errno.o)
 .data          0x00000000        0x0 c:/program files (x86)/cypress/psoc creator/3.3/psoc creator/import/gnu/arm/4.9.3/bin/../lib/gcc/arm-none-eabi/4.9.3/../../../../arm-none-eabi/lib/armv7-m\libg_nano.a(lib_a-errno.o)
 .bss           0x00000000        0x0 c:/program files (x86)/cypress/psoc creator/3.3/psoc creator/import/gnu/arm/4.9.3/bin/../lib/gcc/arm-none-eabi/4.9.3/../../../../arm-none-eabi/lib/armv7-m\libg_nano.a(lib_a-errno.o)
 .text.__errno  0x00000000        0xc c:/program files (x86)/cypress/psoc creator/3.3/psoc creator/import/gnu/arm/4.9.3/bin/../lib/gcc/arm-none-eabi/4.9.3/../../../../arm-none-eabi/lib/armv7-m\libg_nano.a(lib_a-errno.o)
 .text          0x00000000        0x0 c:/program files (x86)/cypress/psoc creator/3.3/psoc creator/import/gnu/arm/4.9.3/bin/../lib/gcc/arm-none-eabi/4.9.3/../../../../arm-none-eabi/lib/armv7-m\libg_nano.a(lib_a-exit.o)
 .data          0x00000000        0x0 c:/program files (x86)/cypress/psoc creator/3.3/psoc creator/import/gnu/arm/4.9.3/bin/../lib/gcc/arm-none-eabi/4.9.3/../../../../arm-none-eabi/lib/armv7-m\libg_nano.a(lib_a-exit.o)
 .bss           0x00000000        0x0 c:/program files (x86)/cypress/psoc creator/3.3/psoc creator/import/gnu/arm/4.9.3/bin/../lib/gcc/arm-none-eabi/4.9.3/../../../../arm-none-eabi/lib/armv7-m\libg_nano.a(lib_a-exit.o)
 .text.exit     0x00000000       0x28 c:/program files (x86)/cypress/psoc creator/3.3/psoc creator/import/gnu/arm/4.9.3/bin/../lib/gcc/arm-none-eabi/4.9.3/../../../../arm-none-eabi/lib/armv7-m\libg_nano.a(lib_a-exit.o)
 .text          0x00000000        0x0 c:/program files (x86)/cypress/psoc creator/3.3/psoc creator/import/gnu/arm/4.9.3/bin/../lib/gcc/arm-none-eabi/4.9.3/../../../../arm-none-eabi/lib/armv7-m\libg_nano.a(lib_a-impure.o)
 .data          0x00000000        0x0 c:/program files (x86)/cypress/psoc creator/3.3/psoc creator/import/gnu/arm/4.9.3/bin/../lib/gcc/arm-none-eabi/4.9.3/../../../../arm-none-eabi/lib/armv7-m\libg_nano.a(lib_a-impure.o)
 .bss           0x00000000        0x0 c:/program files (x86)/cypress/psoc creator/3.3/psoc creator/import/gnu/arm/4.9.3/bin/../lib/gcc/arm-none-eabi/4.9.3/../../../../arm-none-eabi/lib/armv7-m\libg_nano.a(lib_a-impure.o)
 .data.impure_data
                0x00000000       0x60 c:/program files (x86)/cypress/psoc creator/3.3/psoc creator/import/gnu/arm/4.9.3/bin/../lib/gcc/arm-none-eabi/4.9.3/../../../../arm-none-eabi/lib/armv7-m\libg_nano.a(lib_a-impure.o)
 .data._impure_ptr
                0x00000000        0x4 c:/program files (x86)/cypress/psoc creator/3.3/psoc creator/import/gnu/arm/4.9.3/bin/../lib/gcc/arm-none-eabi/4.9.3/../../../../arm-none-eabi/lib/armv7-m\libg_nano.a(lib_a-impure.o)
 .rodata.str1.1
                0x00000000        0x2 c:/program files (x86)/cypress/psoc creator/3.3/psoc creator/import/gnu/arm/4.9.3/bin/../lib/gcc/arm-none-eabi/4.9.3/../../../../arm-none-eabi/lib/armv7-m\libg_nano.a(lib_a-impure.o)
 .rodata._global_impure_ptr
                0x00000000        0x4 c:/program files (x86)/cypress/psoc creator/3.3/psoc creator/import/gnu/arm/4.9.3/bin/../lib/gcc/arm-none-eabi/4.9.3/../../../../arm-none-eabi/lib/armv7-m\libg_nano.a(lib_a-impure.o)
 .text          0x00000000        0x0 c:/program files (x86)/cypress/psoc creator/3.3/psoc creator/import/gnu/arm/4.9.3/bin/../lib/gcc/arm-none-eabi/4.9.3/../../../../arm-none-eabi/lib/armv7-m\libg_nano.a(lib_a-init.o)
 .data          0x00000000        0x0 c:/program files (x86)/cypress/psoc creator/3.3/psoc creator/import/gnu/arm/4.9.3/bin/../lib/gcc/arm-none-eabi/4.9.3/../../../../arm-none-eabi/lib/armv7-m\libg_nano.a(lib_a-init.o)
 .bss           0x00000000        0x0 c:/program files (x86)/cypress/psoc creator/3.3/psoc creator/import/gnu/arm/4.9.3/bin/../lib/gcc/arm-none-eabi/4.9.3/../../../../arm-none-eabi/lib/armv7-m\libg_nano.a(lib_a-init.o)
 .text          0x00000000        0x0 c:/program files (x86)/cypress/psoc creator/3.3/psoc creator/import/gnu/arm/4.9.3/bin/../lib/gcc/arm-none-eabi/4.9.3/../../../../arm-none-eabi/lib/armv7-m\libg_nano.a(lib_a-memcpy.o)
 .data          0x00000000        0x0 c:/program files (x86)/cypress/psoc creator/3.3/psoc creator/import/gnu/arm/4.9.3/bin/../lib/gcc/arm-none-eabi/4.9.3/../../../../arm-none-eabi/lib/armv7-m\libg_nano.a(lib_a-memcpy.o)
 .bss           0x00000000        0x0 c:/program files (x86)/cypress/psoc creator/3.3/psoc creator/import/gnu/arm/4.9.3/bin/../lib/gcc/arm-none-eabi/4.9.3/../../../../arm-none-eabi/lib/armv7-m\libg_nano.a(lib_a-memcpy.o)
 .text          0x00000000        0x0 c:/program files (x86)/cypress/psoc creator/3.3/psoc creator/import/gnu/arm/4.9.3/bin/../lib/gcc/arm-none-eabi/4.9.3/../../../../arm-none-eabi/lib/armv7-m\libg_nano.a(lib_a-memset.o)
 .data          0x00000000        0x0 c:/program files (x86)/cypress/psoc creator/3.3/psoc creator/import/gnu/arm/4.9.3/bin/../lib/gcc/arm-none-eabi/4.9.3/../../../../arm-none-eabi/lib/armv7-m\libg_nano.a(lib_a-memset.o)
 .bss           0x00000000        0x0 c:/program files (x86)/cypress/psoc creator/3.3/psoc creator/import/gnu/arm/4.9.3/bin/../lib/gcc/arm-none-eabi/4.9.3/../../../../arm-none-eabi/lib/armv7-m\libg_nano.a(lib_a-memset.o)
 .text          0x00000000        0x0 c:/program files (x86)/cypress/psoc creator/3.3/psoc creator/import/gnu/arm/4.9.3/bin/../lib/gcc/arm-none-eabi/4.9.3/armv7-m/crtend.o
 .data          0x00000000        0x0 c:/program files (x86)/cypress/psoc creator/3.3/psoc creator/import/gnu/arm/4.9.3/bin/../lib/gcc/arm-none-eabi/4.9.3/armv7-m/crtend.o
 .bss           0x00000000        0x0 c:/program files (x86)/cypress/psoc creator/3.3/psoc creator/import/gnu/arm/4.9.3/bin/../lib/gcc/arm-none-eabi/4.9.3/armv7-m/crtend.o
 .text          0x00000000        0x0 c:/program files (x86)/cypress/psoc creator/3.3/psoc creator/import/gnu/arm/4.9.3/bin/../lib/gcc/arm-none-eabi/4.9.3/armv7-m/crtn.o
 .data          0x00000000        0x0 c:/program files (x86)/cypress/psoc creator/3.3/psoc creator/import/gnu/arm/4.9.3/bin/../lib/gcc/arm-none-eabi/4.9.3/armv7-m/crtn.o
 .bss           0x00000000        0x0 c:/program files (x86)/cypress/psoc creator/3.3/psoc creator/import/gnu/arm/4.9.3/bin/../lib/gcc/arm-none-eabi/4.9.3/armv7-m/crtn.o

Memory Configuration

Name             Origin             Length             Attributes
rom              0x00000000         0x00040000         xr
ram              0x1fff8000         0x00010000         xrw
*default*        0x00000000         0xffffffff

Linker script and memory map

LOAD c:/program files (x86)/cypress/psoc creator/3.3/psoc creator/import/gnu/arm/4.9.3/bin/../lib/gcc/arm-none-eabi/4.9.3/armv7-m/crti.o
LOAD c:/program files (x86)/cypress/psoc creator/3.3/psoc creator/import/gnu/arm/4.9.3/bin/../lib/gcc/arm-none-eabi/4.9.3/armv7-m/crtbegin.o
LOAD c:/program files (x86)/cypress/psoc creator/3.3/psoc creator/import/gnu/arm/4.9.3/bin/../lib/gcc/arm-none-eabi/4.9.3/../../../../arm-none-eabi/lib/armv7-m/crt0.o
START GROUP
LOAD .\CortexM3\ARM_GCC_493\Debug\main.o
LOAD .\CortexM3\ARM_GCC_493\Debug\cymetadata.o
LOAD .\CortexM3\ARM_GCC_493\Debug\Cm3Start.o
LOAD .\CortexM3\ARM_GCC_493\Debug\LAB2.a
LOAD C:\Program Files (x86)\Cypress\PSoC Creator\3.3\PSoC Creator\psoc\content\cycomponentlibrary\CyComponentLibrary.cylib\CortexM3\ARM_GCC_493\Debug\CyComponentLibrary.a
END GROUP
START GROUP
LOAD c:/program files (x86)/cypress/psoc creator/3.3/psoc creator/import/gnu/arm/4.9.3/bin/../lib/gcc/arm-none-eabi/4.9.3/armv7-m\libgcc.a
LOAD c:/program files (x86)/cypress/psoc creator/3.3/psoc creator/import/gnu/arm/4.9.3/bin/../lib/gcc/arm-none-eabi/4.9.3/../../../../arm-none-eabi/lib/armv7-m\libg_nano.a
LOAD c:/program files (x86)/cypress/psoc creator/3.3/psoc creator/import/gnu/arm/4.9.3/bin/../lib/gcc/arm-none-eabi/4.9.3/../../../../arm-none-eabi/lib/armv7-m\libc_nano.a
END GROUP
START GROUP
LOAD c:/program files (x86)/cypress/psoc creator/3.3/psoc creator/import/gnu/arm/4.9.3/bin/../lib/gcc/arm-none-eabi/4.9.3/armv7-m\libgcc.a
LOAD c:/program files (x86)/cypress/psoc creator/3.3/psoc creator/import/gnu/arm/4.9.3/bin/../lib/gcc/arm-none-eabi/4.9.3/../../../../arm-none-eabi/lib/armv7-m\libc_nano.a
END GROUP
LOAD c:/program files (x86)/cypress/psoc creator/3.3/psoc creator/import/gnu/arm/4.9.3/bin/../lib/gcc/arm-none-eabi/4.9.3/armv7-m/crtend.o
LOAD c:/program files (x86)/cypress/psoc creator/3.3/psoc creator/import/gnu/arm/4.9.3/bin/../lib/gcc/arm-none-eabi/4.9.3/armv7-m/crtn.o
START GROUP
LOAD c:/program files (x86)/cypress/psoc creator/3.3/psoc creator/import/gnu/arm/4.9.3/bin/../lib/gcc/arm-none-eabi/4.9.3/armv7-m\libgcc.a
LOAD c:/program files (x86)/cypress/psoc creator/3.3/psoc creator/import/gnu/arm/4.9.3/bin/../lib/gcc/arm-none-eabi/4.9.3/../../../../arm-none-eabi/lib/armv7-m\libc.a
LOAD c:/program files (x86)/cypress/psoc creator/3.3/psoc creator/import/gnu/arm/4.9.3/bin/../lib/gcc/arm-none-eabi/4.9.3/../../../../arm-none-eabi/lib/armv7-m\libnosys.a
END GROUP
                0x00000000                CY_APPL_ORIGIN = 0x0
                0x00000100                CY_FLASH_ROW_SIZE = 0x100
                0x00000020                CY_ECC_ROW_SIZE = 0x20
                0x00000000                CY_EE_IN_BTLDR = 0x0
                0x00000000                CY_APPL_LOADABLE = 0x0
                0x00000800                CY_EE_SIZE = 0x800
                0x00000001                CY_APPL_NUM = 0x1
                0x00000001                CY_APPL_MAX = 0x1
                0x00000040                CY_METADATA_SIZE = 0x40
                0x00000000                CY_APPL_LOADABLE = 0x0
                0x00000000                CY_CHECKSUM_EXCLUDE_SIZE = ALIGN (0x0, CY_FLASH_ROW_SIZE)
                0x1fff8160                PROVIDE (__cy_heap_start, _end)
                0x00000001                PROVIDE (__cy_region_num, ((__cy_regions_end - __cy_regions) / 0x10))
                0x20008000                PROVIDE (__cy_stack, (ORIGIN (ram) + 0x10000))
                0x20004000                PROVIDE (__cy_heap_end, (__cy_stack - 0x4000))

.cybootloader   0x00000000        0x0
 *(.cybootloader)
                0x00000000                appl1_start = CY_APPL_ORIGIN?CY_APPL_ORIGIN:ALIGN (CY_FLASH_ROW_SIZE)
                0x0001ff00                appl2_start = (appl1_start + ALIGN ((((0x40000 - appl1_start) - (0x2 * CY_FLASH_ROW_SIZE)) / 0x2), CY_FLASH_ROW_SIZE))
                0x00000000                appl_start = (CY_APPL_NUM == 0x1)?appl1_start:appl2_start
                0x00000000                ecc_offset = ((appl_start / CY_FLASH_ROW_SIZE) * CY_ECC_ROW_SIZE)
                0x00000000                ee_offset = (CY_APPL_LOADABLE && ! (CY_EE_IN_BTLDR))?((CY_EE_SIZE / CY_APPL_MAX) * (CY_APPL_NUM - 0x1)):0x0
                0x00000800                ee_size = (CY_APPL_LOADABLE && ! (CY_EE_IN_BTLDR))?(CY_EE_SIZE / CY_APPL_MAX):CY_EE_SIZE
                0x00000000                PROVIDE (CY_ECC_OFFSET, ecc_offset)

.text           0x00000000     0x12ae
 CREATE_OBJECT_SYMBOLS
                0x00000000                PROVIDE (__cy_interrupt_vector, RomVectors)
 *(.romvectors)
 .romvectors    0x00000000       0x10 .\CortexM3\ARM_GCC_493\Debug\Cm3Start.o
                0x00000000                RomVectors
                0x00000001                ASSERT ((. != __cy_interrupt_vector), No interrupt vector)
                0x00000001                ASSERT (CY_APPL_ORIGIN?(SIZEOF (.cybootloader) <= CY_APPL_ORIGIN):0x1, Wrong image location)
                0x00000010                PROVIDE (__cy_reset, Reset)
 *(.text.Reset)
 .text.Reset    0x00000010       0x18 .\CortexM3\ARM_GCC_493\Debug\Cm3Start.o
                0x00000010                Reset
                0x00000001                ASSERT ((. != __cy_reset), No reset code)
 *(.dma_init)
                0x00000001                ASSERT ((((appl_start + .) <= 0x10000) || 0x1), DMA Init must be within the first 64k of flash)
 *(.text .text.* .gnu.linkonce.t.*)
 .text          0x00000028       0x5c c:/program files (x86)/cypress/psoc creator/3.3/psoc creator/import/gnu/arm/4.9.3/bin/../lib/gcc/arm-none-eabi/4.9.3/armv7-m/crtbegin.o
 .text.run_mac  0x00000084       0x50 .\CortexM3\ARM_GCC_493\Debug\main.o
                0x00000084                run_mac
 .text.LCD_Char_1_PrintHorizontalLine
                0x000000d4       0x1c .\CortexM3\ARM_GCC_493\Debug\main.o
                0x000000d4                LCD_Char_1_PrintHorizontalLine
 .text.main     0x000000f0      0x170 .\CortexM3\ARM_GCC_493\Debug\main.o
                0x000000f0                main
 .text.IntDefaultHandler
                0x00000260        0x4 .\CortexM3\ARM_GCC_493\Debug\Cm3Start.o
                0x00000260                IntDefaultHandler
 .text.Start_c  0x00000264       0x4c .\CortexM3\ARM_GCC_493\Debug\Cm3Start.o
                0x00000264                Start_c
 .text.initialize_psoc
                0x000002b0       0x74 .\CortexM3\ARM_GCC_493\Debug\Cm3Start.o
                0x000002b0                initialize_psoc
 .text.CyClockStartupError
                0x00000324        0x4 .\CortexM3\ARM_GCC_493\Debug\LAB2.a(cyfitter_cfg.o)
 .text.cfg_write_bytes32
                0x00000328       0x34 .\CortexM3\ARM_GCC_493\Debug\LAB2.a(cyfitter_cfg.o)
 .text.AnalogSetDefault
                0x0000035c       0x38 .\CortexM3\ARM_GCC_493\Debug\LAB2.a(cyfitter_cfg.o)
 .text.CYMEMZERO
                0x00000394        0xc .\CortexM3\ARM_GCC_493\Debug\LAB2.a(cyfitter_cfg.o)
 .text.CYCONFIGCPY
                0x000003a0        0x8 .\CortexM3\ARM_GCC_493\Debug\LAB2.a(cyfitter_cfg.o)
 .text.ClockSetup
                0x000003a8       0xf0 .\CortexM3\ARM_GCC_493\Debug\LAB2.a(cyfitter_cfg.o)
 .text.cyfitter_cfg
                0x00000498       0xf8 .\CortexM3\ARM_GCC_493\Debug\LAB2.a(cyfitter_cfg.o)
                0x00000498                cyfitter_cfg
 .text.LCD_Char_1_WrCntrlNib
                0x00000590       0x34 .\CortexM3\ARM_GCC_493\Debug\LAB2.a(LCD_Char_1.o)
 .text.LCD_Char_1_WrDatNib
                0x000005c4       0x44 .\CortexM3\ARM_GCC_493\Debug\LAB2.a(LCD_Char_1.o)
 .text.LCD_Char_1_IsReady
                0x00000608       0xe4 .\CortexM3\ARM_GCC_493\Debug\LAB2.a(LCD_Char_1.o)
                0x00000608                LCD_Char_1_IsReady
 .text.LCD_Char_1_WriteData
                0x000006ec       0x18 .\CortexM3\ARM_GCC_493\Debug\LAB2.a(LCD_Char_1.o)
                0x000006ec                LCD_Char_1_WriteData
 .text.LCD_Char_1_PrintString
                0x00000704       0x1c .\CortexM3\ARM_GCC_493\Debug\LAB2.a(LCD_Char_1.o)
                0x00000704                LCD_Char_1_PrintString
 .text.LCD_Char_1_PutChar
                0x00000720        0x8 .\CortexM3\ARM_GCC_493\Debug\LAB2.a(LCD_Char_1.o)
                0x00000720                LCD_Char_1_PutChar
 .text.LCD_Char_1_WriteControl
                0x00000728       0x18 .\CortexM3\ARM_GCC_493\Debug\LAB2.a(LCD_Char_1.o)
                0x00000728                LCD_Char_1_WriteControl
 .text.LCD_Char_1_Init
                0x00000740       0x6c .\CortexM3\ARM_GCC_493\Debug\LAB2.a(LCD_Char_1.o)
                0x00000740                LCD_Char_1_Init
 .text.LCD_Char_1_Enable
                0x000007ac       0x14 .\CortexM3\ARM_GCC_493\Debug\LAB2.a(LCD_Char_1.o)
                0x000007ac                LCD_Char_1_Enable
 .text.LCD_Char_1_Start
                0x000007c0       0x1c .\CortexM3\ARM_GCC_493\Debug\LAB2.a(LCD_Char_1.o)
                0x000007c0                LCD_Char_1_Start
 .text.LCD_Char_1_Position
                0x000007dc       0x3c .\CortexM3\ARM_GCC_493\Debug\LAB2.a(LCD_Char_1.o)
                0x000007dc                LCD_Char_1_Position
 .text.LCD_Char_1_PrintU32Number
                0x00000818       0x60 .\CortexM3\ARM_GCC_493\Debug\LAB2.a(LCD_Char_1.o)
                0x00000818                LCD_Char_1_PrintU32Number
 .text.ADC_DelSig_1_GainCompensation
                0x00000878       0xd0 .\CortexM3\ARM_GCC_493\Debug\LAB2.a(ADC_DelSig_1.o)
 .text.ADC_DelSig_1_SetDSMRef0Reg
                0x00000948       0x4c .\CortexM3\ARM_GCC_493\Debug\LAB2.a(ADC_DelSig_1.o)
 .text.ADC_DelSig_1_InitConfig
                0x00000994      0x314 .\CortexM3\ARM_GCC_493\Debug\LAB2.a(ADC_DelSig_1.o)
 .text.ADC_DelSig_1_Init
                0x00000ca8      0x108 .\CortexM3\ARM_GCC_493\Debug\LAB2.a(ADC_DelSig_1.o)
                0x00000ca8                ADC_DelSig_1_Init
 .text.ADC_DelSig_1_Enable
                0x00000db0       0xd8 .\CortexM3\ARM_GCC_493\Debug\LAB2.a(ADC_DelSig_1.o)
                0x00000db0                ADC_DelSig_1_Enable
 .text.ADC_DelSig_1_Start
                0x00000e88       0x28 .\CortexM3\ARM_GCC_493\Debug\LAB2.a(ADC_DelSig_1.o)
                0x00000e88                ADC_DelSig_1_Start
 .text.ADC_DelSig_1_StartConvert
                0x00000eb0       0x10 .\CortexM3\ARM_GCC_493\Debug\LAB2.a(ADC_DelSig_1.o)
                0x00000eb0                ADC_DelSig_1_StartConvert
 .text.ADC_DelSig_1_IsEndConversion
                0x00000ec0       0x30 .\CortexM3\ARM_GCC_493\Debug\LAB2.a(ADC_DelSig_1.o)
                0x00000ec0                ADC_DelSig_1_IsEndConversion
 .text.ADC_DelSig_1_GetResult16
                0x00000ef0       0x50 .\CortexM3\ARM_GCC_493\Debug\LAB2.a(ADC_DelSig_1.o)
                0x00000ef0                ADC_DelSig_1_GetResult16
 .text.ADC_DelSig_1_ISR1
                0x00000f40        0x4 .\CortexM3\ARM_GCC_493\Debug\LAB2.a(ADC_DelSig_1_INT.o)
                0x00000f40                ADC_DelSig_1_ISR1
 .text.ADC_DelSig_1_ISR2
                0x00000f44        0x4 .\CortexM3\ARM_GCC_493\Debug\LAB2.a(ADC_DelSig_1_INT.o)
                0x00000f44                ADC_DelSig_1_ISR2
 .text.ADC_DelSig_1_ISR3
                0x00000f48        0x4 .\CortexM3\ARM_GCC_493\Debug\LAB2.a(ADC_DelSig_1_INT.o)
                0x00000f48                ADC_DelSig_1_ISR3
 .text.ADC_DelSig_1_ISR4
                0x00000f4c        0x4 .\CortexM3\ARM_GCC_493\Debug\LAB2.a(ADC_DelSig_1_INT.o)
                0x00000f4c                ADC_DelSig_1_ISR4
 .text.MAC_unit_1_go_to_mac_Write
                0x00000f50        0xc .\CortexM3\ARM_GCC_493\Debug\LAB2.a(MAC_unit_1_go_to_mac.o)
                0x00000f50                MAC_unit_1_go_to_mac_Write
 .text.Pin_2_Read
                0x00000f5c       0x10 .\CortexM3\ARM_GCC_493\Debug\LAB2.a(Pin_2.o)
                0x00000f5c                Pin_2_Read
 .text.ADC_DelSig_1_Ext_CP_Clk_GetDividerRegister
                0x00000f6c        0xc .\CortexM3\ARM_GCC_493\Debug\LAB2.a(ADC_DelSig_1_Ext_CP_Clk.o)
                0x00000f6c                ADC_DelSig_1_Ext_CP_Clk_GetDividerRegister
 .text.ADC_DelSig_1_Ext_CP_Clk_SetModeRegister
                0x00000f78       0x14 .\CortexM3\ARM_GCC_493\Debug\LAB2.a(ADC_DelSig_1_Ext_CP_Clk.o)
                0x00000f78                ADC_DelSig_1_Ext_CP_Clk_SetModeRegister
 .text.ADC_DelSig_1_Ext_CP_Clk_GetSourceRegister
                0x00000f8c       0x10 .\CortexM3\ARM_GCC_493\Debug\LAB2.a(ADC_DelSig_1_Ext_CP_Clk.o)
                0x00000f8c                ADC_DelSig_1_Ext_CP_Clk_GetSourceRegister
 .text.ADC_DelSig_1_Ext_CP_Clk_SetDividerRegister
                0x00000f9c       0xd8 .\CortexM3\ARM_GCC_493\Debug\LAB2.a(ADC_DelSig_1_Ext_CP_Clk.o)
                0x00000f9c                ADC_DelSig_1_Ext_CP_Clk_SetDividerRegister
 .text.ADC_DelSig_1_theACLK_GetDividerRegister
                0x00001074        0xc .\CortexM3\ARM_GCC_493\Debug\LAB2.a(ADC_DelSig_1_theACLK.o)
                0x00001074                ADC_DelSig_1_theACLK_GetDividerRegister
 .text.ADC_DelSig_1_theACLK_SetModeRegister
                0x00001080       0x14 .\CortexM3\ARM_GCC_493\Debug\LAB2.a(ADC_DelSig_1_theACLK.o)
                0x00001080                ADC_DelSig_1_theACLK_SetModeRegister
 .text.ADC_DelSig_1_theACLK_GetSourceRegister
                0x00001094       0x10 .\CortexM3\ARM_GCC_493\Debug\LAB2.a(ADC_DelSig_1_theACLK.o)
                0x00001094                ADC_DelSig_1_theACLK_GetSourceRegister
 .text.ADC_DelSig_1_theACLK_SetDividerRegister
                0x000010a4       0xd8 .\CortexM3\ARM_GCC_493\Debug\LAB2.a(ADC_DelSig_1_theACLK.o)
                0x000010a4                ADC_DelSig_1_theACLK_SetDividerRegister
 *fill*         0x0000117c        0x4 
 .text          0x00001180       0x20 .\CortexM3\ARM_GCC_493\Debug\LAB2.a(CyBootAsmGnu.o)
                0x00001180                CyDelayCycles
                0x00001190                CyEnterCriticalSection
                0x00001198                CyExitCriticalSection
 .text.CyHalt   0x000011a0        0x4 .\CortexM3\ARM_GCC_493\Debug\LAB2.a(CyLib.o)
                0x000011a0                CyHalt
 .text.CyDelay  0x000011a4       0x2c .\CortexM3\ARM_GCC_493\Debug\LAB2.a(CyLib.o)
                0x000011a4                CyDelay
 .text.CyDelayUs
                0x000011d0       0x14 .\CortexM3\ARM_GCC_493\Debug\LAB2.a(CyLib.o)
                0x000011d0                CyDelayUs
 .text.CyIntSetVector
                0x000011e4       0x28 .\CortexM3\ARM_GCC_493\Debug\LAB2.a(CyLib.o)
                0x000011e4                CyIntSetVector
 .text.CyIntSetPriority
                0x0000120c       0x30 .\CortexM3\ARM_GCC_493\Debug\LAB2.a(CyLib.o)
                0x0000120c                CyIntSetPriority
 .text.__libc_init_array
                0x0000123c       0x4c c:/program files (x86)/cypress/psoc creator/3.3/psoc creator/import/gnu/arm/4.9.3/bin/../lib/gcc/arm-none-eabi/4.9.3/../../../../arm-none-eabi/lib/armv7-m\libg_nano.a(lib_a-init.o)
                0x0000123c                __libc_init_array
 .text.memcpy   0x00001288       0x16 c:/program files (x86)/cypress/psoc creator/3.3/psoc creator/import/gnu/arm/4.9.3/bin/../lib/gcc/arm-none-eabi/4.9.3/../../../../arm-none-eabi/lib/armv7-m\libg_nano.a(lib_a-memcpy.o)
                0x00001288                memcpy
 .text.memset   0x0000129e       0x10 c:/program files (x86)/cypress/psoc creator/3.3/psoc creator/import/gnu/arm/4.9.3/bin/../lib/gcc/arm-none-eabi/4.9.3/../../../../arm-none-eabi/lib/armv7-m\libg_nano.a(lib_a-memset.o)
                0x0000129e                memset
 *(.plt)
 *(.gnu.warning)
 *(.glue_7t)
 .glue_7t       0x00000000        0x0 linker stubs
 *(.glue_7)
 .glue_7        0x00000000        0x0 linker stubs
 *(.vfp11_veneer)
 .vfp11_veneer  0x00000000        0x0 linker stubs
 *(.bootloader)
 *(.ARM.extab* .gnu.linkonce.armextab.*)
 *(.gcc_except_table)

.v4_bx          0x000012b0        0x0
 .v4_bx         0x00000000        0x0 linker stubs

.iplt           0x000012b0        0x0
 .iplt          0x00000000        0x0 c:/program files (x86)/cypress/psoc creator/3.3/psoc creator/import/gnu/arm/4.9.3/bin/../lib/gcc/arm-none-eabi/4.9.3/armv7-m/crtbegin.o

.eh_frame_hdr
 *(.eh_frame_hdr)

.eh_frame       0x000012b0        0x4
 *(.eh_frame)
 .eh_frame      0x000012b0        0x0 c:/program files (x86)/cypress/psoc creator/3.3/psoc creator/import/gnu/arm/4.9.3/bin/../lib/gcc/arm-none-eabi/4.9.3/armv7-m/crtbegin.o
 .eh_frame      0x000012b0        0x4 c:/program files (x86)/cypress/psoc creator/3.3/psoc creator/import/gnu/arm/4.9.3/bin/../lib/gcc/arm-none-eabi/4.9.3/armv7-m/crtend.o
                0x000012b4                PROVIDE (__exidx_start, .)

.ARM.exidx
 *(.ARM.exidx* .gnu.linkonce.armexidx.*)
                0x000012b4                __exidx_end = .

.rodata         0x000012b4    0x100dc
 *(.rodata .rodata.* .gnu.linkonce.r.*)
 .rodata        0x000012b4    0x10000 .\CortexM3\ARM_GCC_493\Debug\main.o
                0x000012b4                mult_LUT
 .rodata.str1.4
                0x000112b4       0x6c .\CortexM3\ARM_GCC_493\Debug\main.o
                                 0x70 (size before relaxing)
 .rodata        0x00011320       0x38 .\CortexM3\ARM_GCC_493\Debug\LAB2.a(cyfitter_cfg.o)
                0x00011358                . = ALIGN (0x4)
 *(.init)
 .init          0x00011358        0x4 c:/program files (x86)/cypress/psoc creator/3.3/psoc creator/import/gnu/arm/4.9.3/bin/../lib/gcc/arm-none-eabi/4.9.3/armv7-m/crti.o
                0x00011358                _init
 .init          0x0001135c        0x8 c:/program files (x86)/cypress/psoc creator/3.3/psoc creator/import/gnu/arm/4.9.3/bin/../lib/gcc/arm-none-eabi/4.9.3/armv7-m/crtn.o
                0x00011364                . = ALIGN (0x4)
                0x00011364                __preinit_array_start = .
 *(.preinit_array)
                0x00011364                __preinit_array_end = .
                0x00011364                . = ALIGN (0x4)
                0x00011364                __init_array_start = .
 *(SORT(.init_array.*))
 *(.init_array)
 .init_array    0x00011364        0x4 c:/program files (x86)/cypress/psoc creator/3.3/psoc creator/import/gnu/arm/4.9.3/bin/../lib/gcc/arm-none-eabi/4.9.3/armv7-m/crtbegin.o
 .init_array    0x00011368        0x4 .\CortexM3\ARM_GCC_493\Debug\Cm3Start.o
                0x0001136c                __init_array_end = .
                0x0001136c                . = ALIGN (0x4)
 *(.fini)
 .fini          0x0001136c        0x4 c:/program files (x86)/cypress/psoc creator/3.3/psoc creator/import/gnu/arm/4.9.3/bin/../lib/gcc/arm-none-eabi/4.9.3/armv7-m/crti.o
                0x0001136c                _fini
 .fini          0x00011370        0x8 c:/program files (x86)/cypress/psoc creator/3.3/psoc creator/import/gnu/arm/4.9.3/bin/../lib/gcc/arm-none-eabi/4.9.3/armv7-m/crtn.o
                0x00011378                . = ALIGN (0x4)
                0x00011378                __fini_array_start = .
 *(.fini_array)
 .fini_array    0x00011378        0x4 c:/program files (x86)/cypress/psoc creator/3.3/psoc creator/import/gnu/arm/4.9.3/bin/../lib/gcc/arm-none-eabi/4.9.3/armv7-m/crtbegin.o
 *(SORT(.fini_array.*))
                0x0001137c                __fini_array_end = .
                0x0001137c                . = ALIGN (0x4)
 *crtbegin.o(.ctors)
 *(EXCLUDE_FILE(*crtend.o) .ctors)
 *(SORT(.ctors.*))
 *crtend.o(.ctors)
                0x0001137c                . = ALIGN (0x4)
 *crtbegin.o(.dtors)
 *(EXCLUDE_FILE(*crtend.o) .dtors)
 *(SORT(.dtors.*))
 *crtend.o(.dtors)
                0x0001137c                . = ALIGN (0x4)
                0x0001137c                __cy_regions = .
                0x0001137c        0x4 LONG 0x11390 __cy_region_init_ram
                0x00011380        0x4 LONG 0x1fff8108 __cy_region_start_data
                0x00011384        0x4 LONG 0x18 __cy_region_init_size_ram
                0x00011388        0x4 LONG 0x40 __cy_region_zero_size_ram
                0x0001138c                __cy_regions_end = .
                0x00011390                . = ALIGN (0x8)
 *fill*         0x0001138c        0x4 
                0x00011390                _etext = .

.cy_checksum_exclude
                0x00011390        0x0
 *(.cy_checksum_exclude)

.ramvectors     0x1fff8000      0x100
                0x1fff8000                __cy_region_start_ram = .
 *(.ramvectors)
 .ramvectors    0x1fff8000      0x100 .\CortexM3\ARM_GCC_493\Debug\Cm3Start.o
                0x1fff8000                CyRamVectors

.noinit         0x1fff8100        0x5
 *(.noinit)
 .noinit        0x1fff8100        0x4 .\CortexM3\ARM_GCC_493\Debug\Cm3Start.o
 .noinit        0x1fff8104        0x1 .\CortexM3\ARM_GCC_493\Debug\LAB2.a(CyLib.o)
                0x1fff8104                CyResetStatus

.data           0x1fff8108       0x18 load address 0x00011390
                0x1fff8108                __cy_region_start_data = .
 *(.jcr)
 .jcr           0x1fff8108        0x0 c:/program files (x86)/cypress/psoc creator/3.3/psoc creator/import/gnu/arm/4.9.3/bin/../lib/gcc/arm-none-eabi/4.9.3/armv7-m/crtbegin.o
 .jcr           0x1fff8108        0x4 c:/program files (x86)/cypress/psoc creator/3.3/psoc creator/import/gnu/arm/4.9.3/bin/../lib/gcc/arm-none-eabi/4.9.3/armv7-m/crtend.o
 *(.got.plt)
 *(.got)
 *(.shdata)
 *(.data .data.* .gnu.linkonce.d.*)
 .data          0x1fff810c        0x1 .\CortexM3\ARM_GCC_493\Debug\LAB2.a(ADC_DelSig_1.o)
                0x1fff810c                ADC_DelSig_1_Config
 *fill*         0x1fff810d        0x3 
 .data          0x1fff8110       0x10 .\CortexM3\ARM_GCC_493\Debug\LAB2.a(CyLib.o)
                0x1fff8110                cydelay_32k_ms
                0x1fff8114                cydelay_freq_khz
                0x1fff8118                cydelay_freq_mhz
                0x1fff811c                cydelay_freq_hz
                0x1fff8120                . = ALIGN (0x8)
 *(.ram)
                0x1fff8120                _edata = .

.igot.plt       0x1fff8120        0x0 load address 0x000113a8
 .igot.plt      0x00000000        0x0 c:/program files (x86)/cypress/psoc creator/3.3/psoc creator/import/gnu/arm/4.9.3/bin/../lib/gcc/arm-none-eabi/4.9.3/armv7-m/crtbegin.o

.bss            0x1fff8120       0x40 load address 0x000113a8
                0x1fff8120                PROVIDE (__bss_start__, .)
 *(.shbss)
 *(.bss .bss.* .gnu.linkonce.b.*)
 .bss           0x1fff8120       0x1c c:/program files (x86)/cypress/psoc creator/3.3/psoc creator/import/gnu/arm/4.9.3/bin/../lib/gcc/arm-none-eabi/4.9.3/armv7-m/crtbegin.o
 .bss           0x1fff813c        0x4 .\CortexM3\ARM_GCC_493\Debug\main.o
                0x1fff813e                adcResult
 .bss           0x1fff8140        0x2 .\CortexM3\ARM_GCC_493\Debug\LAB2.a(LCD_Char_1.o)
                0x1fff8140                LCD_Char_1_enableState
                0x1fff8141                LCD_Char_1_initVar
 *fill*         0x1fff8142        0x2 
 .bss           0x1fff8144       0x14 .\CortexM3\ARM_GCC_493\Debug\LAB2.a(ADC_DelSig_1.o)
                0x1fff8154                ADC_DelSig_1_stopConversion
                0x1fff8155                ADC_DelSig_1_convDone
                0x1fff8156                ADC_DelSig_1_initVar
                0x1fff8157                ADC_DelSig_1_started
 *(COMMON)
 COMMON         0x1fff8158        0x8 .\CortexM3\ARM_GCC_493\Debug\LAB2.a(ADC_DelSig_1.o)
                0x1fff8158                ADC_DelSig_1_CountsPerVolt
                0x1fff815c                ADC_DelSig_1_Offset
                0x1fff8160                . = ALIGN (0x8)
 *(.ram.b)
                0x1fff8160                _end = .
                0x1fff8160                __end = .
                0x1fff8160                PROVIDE (end, .)
                0x1fff8160                PROVIDE (__bss_end__, .)
                0x00011390                __cy_region_init_ram = LOADADDR (.data)
                0x00000018                __cy_region_init_size_ram = (_edata - ADDR (.data))
                0x00000040                __cy_region_zero_size_ram = (_end - _edata)

.heap           0x1fff8160     0x1000 load address 0x000113a8
                0x1fff8160                . = _end
                0x1fff9160                . = (. + 0x1000)
 *fill*         0x1fff8160     0x1000 
                0x1fff9160                __cy_heap_limit = .

.stack          0x20004000     0x4000
                0x20004000                __cy_stack_limit = .
                0x20008000                . = (. + 0x4000)
 *fill*         0x20004000     0x4000 
                0x00000001                ASSERT ((__cy_stack_limit >= __cy_heap_limit), region RAM overflowed with stack)
                0x00000000                cy_checksum_exclude_size = (CY_APPL_LOADABLE == 0x1)?SIZEOF (.cy_checksum_exclude):0x0
                0x00000001                ASSERT ((cy_checksum_exclude_size <= CY_CHECKSUM_EXCLUDE_SIZE), CY_BOOT: Section .cy_checksum_exclude size exceedes specified limit.)

.cyloadermeta
 *(.cyloadermeta)

.cyloadablemeta
 *(.cyloadablemeta)

.cyconfigecc    0x80000000      0x100
 *(.cyconfigecc)
 .cyconfigecc   0x80000000      0x100 .\CortexM3\ARM_GCC_493\Debug\cymetadata.o
                0x80000000                cy_meta_configecc

.cycustnvl      0x90000000        0x4
 *(.cycustnvl)
 .cycustnvl     0x90000000        0x4 .\CortexM3\ARM_GCC_493\Debug\cymetadata.o
                0x90000000                cy_meta_custnvl

.cywolatch      0x90100000        0x4
 *(.cywolatch)
 .cywolatch     0x90100000        0x4 .\CortexM3\ARM_GCC_493\Debug\cymetadata.o
                0x90100000                cy_meta_wonvl

.cyeeprom       0x90200000        0x0
 *(.cyeeprom)
                0x00000001                ASSERT ((. <= ((0x90200000 + ee_offset) + ee_size)), .cyeeprom data will not fit in EEPROM)

.cyflashprotect
                0x90400000      0x100
 *(.cyflashprotect)
 .cyflashprotect
                0x90400000      0x100 .\CortexM3\ARM_GCC_493\Debug\cymetadata.o
                0x90400000                cy_meta_flashprotect

.cymeta         0x90500000        0xc
 *(.cymeta)
 .cymeta        0x90500000        0xc .\CortexM3\ARM_GCC_493\Debug\cymetadata.o
                0x90500000                cy_metadata

.rel.dyn        0x000113a8        0x0 load address 0x9050000c
 .rel.iplt      0x00000000        0x0 c:/program files (x86)/cypress/psoc creator/3.3/psoc creator/import/gnu/arm/4.9.3/bin/../lib/gcc/arm-none-eabi/4.9.3/armv7-m/crtbegin.o

.stab
 *(.stab)

.stabstr
 *(.stabstr)

.debug
 *(.debug)

.line
 *(.line)

.debug_srcinfo
 *(.debug_srcinfo)

.debug_sfnames
 *(.debug_sfnames)

.debug_aranges  0x00000000      0x838
 *(.debug_aranges)
 .debug_aranges
                0x00000000       0x30 .\CortexM3\ARM_GCC_493\Debug\main.o
 .debug_aranges
                0x00000030       0x18 .\CortexM3\ARM_GCC_493\Debug\cymetadata.o
 .debug_aranges
                0x00000048       0x48 .\CortexM3\ARM_GCC_493\Debug\Cm3Start.o
 .debug_aranges
                0x00000090       0x58 .\CortexM3\ARM_GCC_493\Debug\LAB2.a(cyfitter_cfg.o)
 .debug_aranges
                0x000000e8       0x98 .\CortexM3\ARM_GCC_493\Debug\LAB2.a(LCD_Char_1.o)
 .debug_aranges
                0x00000180       0xe8 .\CortexM3\ARM_GCC_493\Debug\LAB2.a(ADC_DelSig_1.o)
 .debug_aranges
                0x00000268       0x38 .\CortexM3\ARM_GCC_493\Debug\LAB2.a(ADC_DelSig_1_INT.o)
 .debug_aranges
                0x000002a0       0x28 .\CortexM3\ARM_GCC_493\Debug\LAB2.a(MAC_unit_1_go_to_mac.o)
 .debug_aranges
                0x000002c8       0x38 .\CortexM3\ARM_GCC_493\Debug\LAB2.a(Pin_2.o)
 .debug_aranges
                0x00000300       0x70 .\CortexM3\ARM_GCC_493\Debug\LAB2.a(ADC_DelSig_1_Ext_CP_Clk.o)
 .debug_aranges
                0x00000370       0x80 .\CortexM3\ARM_GCC_493\Debug\LAB2.a(ADC_DelSig_1_theACLK.o)
 .debug_aranges
                0x000003f0       0x20 .\CortexM3\ARM_GCC_493\Debug\LAB2.a(CyBootAsmGnu.o)
 .debug_aranges
                0x00000410      0x298 .\CortexM3\ARM_GCC_493\Debug\LAB2.a(CyLib.o)
 .debug_aranges
                0x000006a8       0x98 .\CortexM3\ARM_GCC_493\Debug\LAB2.a(cyPm.o)
 .debug_aranges
                0x00000740       0x80 .\CortexM3\ARM_GCC_493\Debug\LAB2.a(CyFlash.o)
 .debug_aranges
                0x000007c0       0x78 .\CortexM3\ARM_GCC_493\Debug\LAB2.a(CySpc.o)

.debug_pubnames
 *(.debug_pubnames)

.debug_info     0x00000000     0x5438
 *(.debug_info .gnu.linkonce.wi.*)
 .debug_info    0x00000000      0x63a .\CortexM3\ARM_GCC_493\Debug\main.o
 .debug_info    0x0000063a      0x12a .\CortexM3\ARM_GCC_493\Debug\cymetadata.o
 .debug_info    0x00000764      0x39f .\CortexM3\ARM_GCC_493\Debug\Cm3Start.o
 .debug_info    0x00000b03      0x4f8 .\CortexM3\ARM_GCC_493\Debug\LAB2.a(cyfitter_cfg.o)
 .debug_info    0x00000ffb      0x716 .\CortexM3\ARM_GCC_493\Debug\LAB2.a(LCD_Char_1.o)
 .debug_info    0x00001711      0xbec .\CortexM3\ARM_GCC_493\Debug\LAB2.a(ADC_DelSig_1.o)
 .debug_info    0x000022fd       0xcc .\CortexM3\ARM_GCC_493\Debug\LAB2.a(ADC_DelSig_1_INT.o)
 .debug_info    0x000023c9       0xd6 .\CortexM3\ARM_GCC_493\Debug\LAB2.a(MAC_unit_1_go_to_mac.o)
 .debug_info    0x0000249f      0x11f .\CortexM3\ARM_GCC_493\Debug\LAB2.a(Pin_2.o)
 .debug_info    0x000025be      0x283 .\CortexM3\ARM_GCC_493\Debug\LAB2.a(ADC_DelSig_1_Ext_CP_Clk.o)
 .debug_info    0x00002841      0x2c4 .\CortexM3\ARM_GCC_493\Debug\LAB2.a(ADC_DelSig_1_theACLK.o)
 .debug_info    0x00002b05       0x7b .\CortexM3\ARM_GCC_493\Debug\LAB2.a(CyBootAsmGnu.o)
 .debug_info    0x00002b80     0x136f .\CortexM3\ARM_GCC_493\Debug\LAB2.a(CyLib.o)
 .debug_info    0x00003eef      0xa57 .\CortexM3\ARM_GCC_493\Debug\LAB2.a(cyPm.o)
 .debug_info    0x00004946      0x608 .\CortexM3\ARM_GCC_493\Debug\LAB2.a(CyFlash.o)
 .debug_info    0x00004f4e      0x4ea .\CortexM3\ARM_GCC_493\Debug\LAB2.a(CySpc.o)

.debug_abbrev   0x00000000     0x156c
 *(.debug_abbrev)
 .debug_abbrev  0x00000000      0x19d .\CortexM3\ARM_GCC_493\Debug\main.o
 .debug_abbrev  0x0000019d       0x5d .\CortexM3\ARM_GCC_493\Debug\cymetadata.o
 .debug_abbrev  0x000001fa      0x200 .\CortexM3\ARM_GCC_493\Debug\Cm3Start.o
 .debug_abbrev  0x000003fa      0x1f0 .\CortexM3\ARM_GCC_493\Debug\LAB2.a(cyfitter_cfg.o)
 .debug_abbrev  0x000005ea      0x171 .\CortexM3\ARM_GCC_493\Debug\LAB2.a(LCD_Char_1.o)
 .debug_abbrev  0x0000075b      0x21f .\CortexM3\ARM_GCC_493\Debug\LAB2.a(ADC_DelSig_1.o)
 .debug_abbrev  0x0000097a       0x42 .\CortexM3\ARM_GCC_493\Debug\LAB2.a(ADC_DelSig_1_INT.o)
 .debug_abbrev  0x000009bc       0x81 .\CortexM3\ARM_GCC_493\Debug\LAB2.a(MAC_unit_1_go_to_mac.o)
 .debug_abbrev  0x00000a3d       0x90 .\CortexM3\ARM_GCC_493\Debug\LAB2.a(Pin_2.o)
 .debug_abbrev  0x00000acd      0x139 .\CortexM3\ARM_GCC_493\Debug\LAB2.a(ADC_DelSig_1_Ext_CP_Clk.o)
 .debug_abbrev  0x00000c06      0x121 .\CortexM3\ARM_GCC_493\Debug\LAB2.a(ADC_DelSig_1_theACLK.o)
 .debug_abbrev  0x00000d27       0x14 .\CortexM3\ARM_GCC_493\Debug\LAB2.a(CyBootAsmGnu.o)
 .debug_abbrev  0x00000d3b      0x296 .\CortexM3\ARM_GCC_493\Debug\LAB2.a(CyLib.o)
 .debug_abbrev  0x00000fd1      0x1ed .\CortexM3\ARM_GCC_493\Debug\LAB2.a(cyPm.o)
 .debug_abbrev  0x000011be      0x1ed .\CortexM3\ARM_GCC_493\Debug\LAB2.a(CyFlash.o)
 .debug_abbrev  0x000013ab      0x1c1 .\CortexM3\ARM_GCC_493\Debug\LAB2.a(CySpc.o)

.debug_line     0x00000000     0x2171
 *(.debug_line)
 .debug_line    0x00000000      0x230 .\CortexM3\ARM_GCC_493\Debug\main.o
 .debug_line    0x00000230       0x53 .\CortexM3\ARM_GCC_493\Debug\cymetadata.o
 .debug_line    0x00000283      0x249 .\CortexM3\ARM_GCC_493\Debug\Cm3Start.o
 .debug_line    0x000004cc      0x1e7 .\CortexM3\ARM_GCC_493\Debug\LAB2.a(cyfitter_cfg.o)
 .debug_line    0x000006b3      0x1e5 .\CortexM3\ARM_GCC_493\Debug\LAB2.a(LCD_Char_1.o)
 .debug_line    0x00000898      0x3e0 .\CortexM3\ARM_GCC_493\Debug\LAB2.a(ADC_DelSig_1.o)
 .debug_line    0x00000c78       0x8b .\CortexM3\ARM_GCC_493\Debug\LAB2.a(ADC_DelSig_1_INT.o)
 .debug_line    0x00000d03       0x7e .\CortexM3\ARM_GCC_493\Debug\LAB2.a(MAC_unit_1_go_to_mac.o)
 .debug_line    0x00000d81       0x94 .\CortexM3\ARM_GCC_493\Debug\LAB2.a(Pin_2.o)
 .debug_line    0x00000e15      0x19f .\CortexM3\ARM_GCC_493\Debug\LAB2.a(ADC_DelSig_1_Ext_CP_Clk.o)
 .debug_line    0x00000fb4      0x1bf .\CortexM3\ARM_GCC_493\Debug\LAB2.a(ADC_DelSig_1_theACLK.o)
 .debug_line    0x00001173       0x68 .\CortexM3\ARM_GCC_493\Debug\LAB2.a(CyBootAsmGnu.o)
 .debug_line    0x000011db      0x806 .\CortexM3\ARM_GCC_493\Debug\LAB2.a(CyLib.o)
 .debug_line    0x000019e1      0x366 .\CortexM3\ARM_GCC_493\Debug\LAB2.a(cyPm.o)
 .debug_line    0x00001d47      0x1ec .\CortexM3\ARM_GCC_493\Debug\LAB2.a(CyFlash.o)
 .debug_line    0x00001f33      0x23e .\CortexM3\ARM_GCC_493\Debug\LAB2.a(CySpc.o)

.debug_frame    0x00000000     0x15d0
 *(.debug_frame)
 .debug_frame   0x00000000       0x6c .\CortexM3\ARM_GCC_493\Debug\main.o
 .debug_frame   0x0000006c       0xac .\CortexM3\ARM_GCC_493\Debug\Cm3Start.o
 .debug_frame   0x00000118       0xe4 .\CortexM3\ARM_GCC_493\Debug\LAB2.a(cyfitter_cfg.o)
 .debug_frame   0x000001fc      0x1e4 .\CortexM3\ARM_GCC_493\Debug\LAB2.a(LCD_Char_1.o)
 .debug_frame   0x000003e0      0x290 .\CortexM3\ARM_GCC_493\Debug\LAB2.a(ADC_DelSig_1.o)
 .debug_frame   0x00000670       0x50 .\CortexM3\ARM_GCC_493\Debug\LAB2.a(ADC_DelSig_1_INT.o)
 .debug_frame   0x000006c0       0x30 .\CortexM3\ARM_GCC_493\Debug\LAB2.a(MAC_unit_1_go_to_mac.o)
 .debug_frame   0x000006f0       0x50 .\CortexM3\ARM_GCC_493\Debug\LAB2.a(Pin_2.o)
 .debug_frame   0x00000740       0xe0 .\CortexM3\ARM_GCC_493\Debug\LAB2.a(ADC_DelSig_1_Ext_CP_Clk.o)
 .debug_frame   0x00000820      0x100 .\CortexM3\ARM_GCC_493\Debug\LAB2.a(ADC_DelSig_1_theACLK.o)
 .debug_frame   0x00000920      0x728 .\CortexM3\ARM_GCC_493\Debug\LAB2.a(CyLib.o)
 .debug_frame   0x00001048      0x1f8 .\CortexM3\ARM_GCC_493\Debug\LAB2.a(cyPm.o)
 .debug_frame   0x00001240      0x174 .\CortexM3\ARM_GCC_493\Debug\LAB2.a(CyFlash.o)
 .debug_frame   0x000013b4      0x160 .\CortexM3\ARM_GCC_493\Debug\LAB2.a(CySpc.o)
 .debug_frame   0x00001514       0x20 c:/program files (x86)/cypress/psoc creator/3.3/psoc creator/import/gnu/arm/4.9.3/bin/../lib/gcc/arm-none-eabi/4.9.3/../../../../arm-none-eabi/lib/armv7-m\libg_nano.a(lib_a-errno.o)
 .debug_frame   0x00001534       0x28 c:/program files (x86)/cypress/psoc creator/3.3/psoc creator/import/gnu/arm/4.9.3/bin/../lib/gcc/arm-none-eabi/4.9.3/../../../../arm-none-eabi/lib/armv7-m\libg_nano.a(lib_a-exit.o)
 .debug_frame   0x0000155c       0x2c c:/program files (x86)/cypress/psoc creator/3.3/psoc creator/import/gnu/arm/4.9.3/bin/../lib/gcc/arm-none-eabi/4.9.3/../../../../arm-none-eabi/lib/armv7-m\libg_nano.a(lib_a-init.o)
 .debug_frame   0x00001588       0x28 c:/program files (x86)/cypress/psoc creator/3.3/psoc creator/import/gnu/arm/4.9.3/bin/../lib/gcc/arm-none-eabi/4.9.3/../../../../arm-none-eabi/lib/armv7-m\libg_nano.a(lib_a-memcpy.o)
 .debug_frame   0x000015b0       0x20 c:/program files (x86)/cypress/psoc creator/3.3/psoc creator/import/gnu/arm/4.9.3/bin/../lib/gcc/arm-none-eabi/4.9.3/../../../../arm-none-eabi/lib/armv7-m\libg_nano.a(lib_a-memset.o)

.debug_str      0x00000000     0x1eaa
 *(.debug_str)
 .debug_str     0x00000000      0x312 .\CortexM3\ARM_GCC_493\Debug\main.o
                                0x36a (size before relaxing)
 .debug_str     0x00000312       0x77 .\CortexM3\ARM_GCC_493\Debug\cymetadata.o
                                0x1d5 (size before relaxing)
 .debug_str     0x00000389      0x160 .\CortexM3\ARM_GCC_493\Debug\Cm3Start.o
                                0x2e9 (size before relaxing)
 .debug_str     0x000004e9      0x156 .\CortexM3\ARM_GCC_493\Debug\LAB2.a(cyfitter_cfg.o)
                                0x2ee (size before relaxing)
 .debug_str     0x0000063f      0x188 .\CortexM3\ARM_GCC_493\Debug\LAB2.a(LCD_Char_1.o)
                                0x396 (size before relaxing)
 .debug_str     0x000007c7      0x4c3 .\CortexM3\ARM_GCC_493\Debug\LAB2.a(ADC_DelSig_1.o)
                                0x70d (size before relaxing)
 .debug_str     0x00000c8a       0x74 .\CortexM3\ARM_GCC_493\Debug\LAB2.a(ADC_DelSig_1_INT.o)
                                0x1cc (size before relaxing)
 .debug_str     0x00000cfe       0x52 .\CortexM3\ARM_GCC_493\Debug\LAB2.a(MAC_unit_1_go_to_mac.o)
                                0x1c7 (size before relaxing)
 .debug_str     0x00000d50       0x62 .\CortexM3\ARM_GCC_493\Debug\LAB2.a(Pin_2.o)
                                0x1cd (size before relaxing)
 .debug_str     0x00000db2      0x1cf .\CortexM3\ARM_GCC_493\Debug\LAB2.a(ADC_DelSig_1_Ext_CP_Clk.o)
                                0x399 (size before relaxing)
 .debug_str     0x00000f81      0x1bd .\CortexM3\ARM_GCC_493\Debug\LAB2.a(ADC_DelSig_1_theACLK.o)
                                0x3ca (size before relaxing)
 .debug_str     0x0000113e      0x7c5 .\CortexM3\ARM_GCC_493\Debug\LAB2.a(CyLib.o)
                                0xa0e (size before relaxing)
 .debug_str     0x00001903      0x35b .\CortexM3\ARM_GCC_493\Debug\LAB2.a(cyPm.o)
                                0x706 (size before relaxing)
 .debug_str     0x00001c5e      0x19e .\CortexM3\ARM_GCC_493\Debug\LAB2.a(CyFlash.o)
                                0x380 (size before relaxing)
 .debug_str     0x00001dfc       0xae .\CortexM3\ARM_GCC_493\Debug\LAB2.a(CySpc.o)
                                0x309 (size before relaxing)

.debug_loc      0x00000000     0x2647
 *(.debug_loc)
 .debug_loc     0x00000000       0xbe .\CortexM3\ARM_GCC_493\Debug\main.o
 .debug_loc     0x000000be      0x144 .\CortexM3\ARM_GCC_493\Debug\Cm3Start.o
 .debug_loc     0x00000202      0x1d7 .\CortexM3\ARM_GCC_493\Debug\LAB2.a(cyfitter_cfg.o)
 .debug_loc     0x000003d9      0x3c6 .\CortexM3\ARM_GCC_493\Debug\LAB2.a(LCD_Char_1.o)
 .debug_loc     0x0000079f      0x6ab .\CortexM3\ARM_GCC_493\Debug\LAB2.a(ADC_DelSig_1.o)
 .debug_loc     0x00000e4a       0x42 .\CortexM3\ARM_GCC_493\Debug\LAB2.a(Pin_2.o)
 .debug_loc     0x00000e8c      0x12c .\CortexM3\ARM_GCC_493\Debug\LAB2.a(ADC_DelSig_1_Ext_CP_Clk.o)
 .debug_loc     0x00000fb8      0x14d .\CortexM3\ARM_GCC_493\Debug\LAB2.a(ADC_DelSig_1_theACLK.o)
 .debug_loc     0x00001105      0xa11 .\CortexM3\ARM_GCC_493\Debug\LAB2.a(CyLib.o)
 .debug_loc     0x00001b16      0x1e4 .\CortexM3\ARM_GCC_493\Debug\LAB2.a(cyPm.o)
 .debug_loc     0x00001cfa      0x300 .\CortexM3\ARM_GCC_493\Debug\LAB2.a(CyFlash.o)
 .debug_loc     0x00001ffa      0x64d .\CortexM3\ARM_GCC_493\Debug\LAB2.a(CySpc.o)

.debug_macinfo
 *(.debug_macinfo)

.debug_ranges   0x00000000      0x720
 *(.debug_ranges)
 .debug_ranges  0x00000000       0x20 .\CortexM3\ARM_GCC_493\Debug\main.o
 .debug_ranges  0x00000020       0x38 .\CortexM3\ARM_GCC_493\Debug\Cm3Start.o
 .debug_ranges  0x00000058       0x48 .\CortexM3\ARM_GCC_493\Debug\LAB2.a(cyfitter_cfg.o)
 .debug_ranges  0x000000a0       0x88 .\CortexM3\ARM_GCC_493\Debug\LAB2.a(LCD_Char_1.o)
 .debug_ranges  0x00000128       0xd8 .\CortexM3\ARM_GCC_493\Debug\LAB2.a(ADC_DelSig_1.o)
 .debug_ranges  0x00000200       0x28 .\CortexM3\ARM_GCC_493\Debug\LAB2.a(ADC_DelSig_1_INT.o)
 .debug_ranges  0x00000228       0x18 .\CortexM3\ARM_GCC_493\Debug\LAB2.a(MAC_unit_1_go_to_mac.o)
 .debug_ranges  0x00000240       0x28 .\CortexM3\ARM_GCC_493\Debug\LAB2.a(Pin_2.o)
 .debug_ranges  0x00000268       0x60 .\CortexM3\ARM_GCC_493\Debug\LAB2.a(ADC_DelSig_1_Ext_CP_Clk.o)
 .debug_ranges  0x000002c8       0x70 .\CortexM3\ARM_GCC_493\Debug\LAB2.a(ADC_DelSig_1_theACLK.o)
 .debug_ranges  0x00000338      0x288 .\CortexM3\ARM_GCC_493\Debug\LAB2.a(CyLib.o)
 .debug_ranges  0x000005c0       0x88 .\CortexM3\ARM_GCC_493\Debug\LAB2.a(cyPm.o)
 .debug_ranges  0x00000648       0x70 .\CortexM3\ARM_GCC_493\Debug\LAB2.a(CyFlash.o)
 .debug_ranges  0x000006b8       0x68 .\CortexM3\ARM_GCC_493\Debug\LAB2.a(CySpc.o)

.comment        0x00000000       0x70
 .comment       0x00000000       0x70 .\CortexM3\ARM_GCC_493\Debug\main.o
                                 0x71 (size before relaxing)
 .comment       0x00000000       0x71 .\CortexM3\ARM_GCC_493\Debug\cymetadata.o
 .comment       0x00000000       0x71 .\CortexM3\ARM_GCC_493\Debug\Cm3Start.o
 .comment       0x00000000       0x71 .\CortexM3\ARM_GCC_493\Debug\LAB2.a(cyfitter_cfg.o)
 .comment       0x00000000       0x71 .\CortexM3\ARM_GCC_493\Debug\LAB2.a(LCD_Char_1.o)
 .comment       0x00000000       0x71 .\CortexM3\ARM_GCC_493\Debug\LAB2.a(ADC_DelSig_1.o)
 .comment       0x00000000       0x71 .\CortexM3\ARM_GCC_493\Debug\LAB2.a(ADC_DelSig_1_INT.o)
 .comment       0x00000000       0x71 .\CortexM3\ARM_GCC_493\Debug\LAB2.a(MAC_unit_1_go_to_mac.o)
 .comment       0x00000000       0x71 .\CortexM3\ARM_GCC_493\Debug\LAB2.a(Pin_2.o)
 .comment       0x00000000       0x71 .\CortexM3\ARM_GCC_493\Debug\LAB2.a(ADC_DelSig_1_Ext_CP_Clk.o)
 .comment       0x00000000       0x71 .\CortexM3\ARM_GCC_493\Debug\LAB2.a(ADC_DelSig_1_theACLK.o)
 .comment       0x00000000       0x71 .\CortexM3\ARM_GCC_493\Debug\LAB2.a(CyLib.o)
 .comment       0x00000000       0x71 .\CortexM3\ARM_GCC_493\Debug\LAB2.a(cyPm.o)
 .comment       0x00000000       0x71 .\CortexM3\ARM_GCC_493\Debug\LAB2.a(CyFlash.o)
 .comment       0x00000000       0x71 .\CortexM3\ARM_GCC_493\Debug\LAB2.a(CySpc.o)

.debug_weaknames
 *(.debug_weaknames)

.debug_funcnames
 *(.debug_funcnames)

.debug_typenames
 *(.debug_typenames)

.debug_varnames
 *(.debug_varnames)

.note.gnu.arm.ident
 *(.note.gnu.arm.ident)

.ARM.attributes
                0x00000000       0x29
 *(.ARM.attributes)
 .ARM.attributes
                0x00000000       0x1d c:/program files (x86)/cypress/psoc creator/3.3/psoc creator/import/gnu/arm/4.9.3/bin/../lib/gcc/arm-none-eabi/4.9.3/armv7-m/crti.o
 .ARM.attributes
                0x0000001d       0x2d c:/program files (x86)/cypress/psoc creator/3.3/psoc creator/import/gnu/arm/4.9.3/bin/../lib/gcc/arm-none-eabi/4.9.3/armv7-m/crtbegin.o
 .ARM.attributes
                0x0000004a       0x1b c:/program files (x86)/cypress/psoc creator/3.3/psoc creator/import/gnu/arm/4.9.3/bin/../lib/gcc/arm-none-eabi/4.9.3/../../../../arm-none-eabi/lib/armv7-m/crt0.o
 .ARM.attributes
                0x00000065       0x33 .\CortexM3\ARM_GCC_493\Debug\main.o
 .ARM.attributes
                0x00000098       0x33 .\CortexM3\ARM_GCC_493\Debug\cymetadata.o
 .ARM.attributes
                0x000000cb       0x33 .\CortexM3\ARM_GCC_493\Debug\Cm3Start.o
 .ARM.attributes
                0x000000fe       0x33 .\CortexM3\ARM_GCC_493\Debug\LAB2.a(cyfitter_cfg.o)
 .ARM.attributes
                0x00000131       0x33 .\CortexM3\ARM_GCC_493\Debug\LAB2.a(LCD_Char_1.o)
 .ARM.attributes
                0x00000164       0x33 .\CortexM3\ARM_GCC_493\Debug\LAB2.a(ADC_DelSig_1.o)
 .ARM.attributes
                0x00000197       0x33 .\CortexM3\ARM_GCC_493\Debug\LAB2.a(ADC_DelSig_1_INT.o)
 .ARM.attributes
                0x000001ca       0x33 .\CortexM3\ARM_GCC_493\Debug\LAB2.a(MAC_unit_1_go_to_mac.o)
 .ARM.attributes
                0x000001fd       0x33 .\CortexM3\ARM_GCC_493\Debug\LAB2.a(Pin_2.o)
 .ARM.attributes
                0x00000230       0x33 .\CortexM3\ARM_GCC_493\Debug\LAB2.a(ADC_DelSig_1_Ext_CP_Clk.o)
 .ARM.attributes
                0x00000263       0x33 .\CortexM3\ARM_GCC_493\Debug\LAB2.a(ADC_DelSig_1_theACLK.o)
 .ARM.attributes
                0x00000296       0x21 .\CortexM3\ARM_GCC_493\Debug\LAB2.a(CyBootAsmGnu.o)
 .ARM.attributes
                0x000002b7       0x33 .\CortexM3\ARM_GCC_493\Debug\LAB2.a(CyLib.o)
 .ARM.attributes
                0x000002ea       0x33 .\CortexM3\ARM_GCC_493\Debug\LAB2.a(cyPm.o)
 .ARM.attributes
                0x0000031d       0x33 .\CortexM3\ARM_GCC_493\Debug\LAB2.a(CyFlash.o)
 .ARM.attributes
                0x00000350       0x33 .\CortexM3\ARM_GCC_493\Debug\LAB2.a(CySpc.o)
 .ARM.attributes
                0x00000383       0x1d c:/program files (x86)/cypress/psoc creator/3.3/psoc creator/import/gnu/arm/4.9.3/bin/../lib/gcc/arm-none-eabi/4.9.3/armv7-m\libgcc.a(_arm_addsubdf3.o)
 .ARM.attributes
                0x000003a0       0x1d c:/program files (x86)/cypress/psoc creator/3.3/psoc creator/import/gnu/arm/4.9.3/bin/../lib/gcc/arm-none-eabi/4.9.3/armv7-m\libgcc.a(_arm_cmpdf2.o)
 .ARM.attributes
                0x000003bd       0x1d c:/program files (x86)/cypress/psoc creator/3.3/psoc creator/import/gnu/arm/4.9.3/bin/../lib/gcc/arm-none-eabi/4.9.3/armv7-m\libgcc.a(_arm_addsubsf3.o)
 .ARM.attributes
                0x000003da       0x1d c:/program files (x86)/cypress/psoc creator/3.3/psoc creator/import/gnu/arm/4.9.3/bin/../lib/gcc/arm-none-eabi/4.9.3/armv7-m\libgcc.a(_arm_muldivsf3.o)
 .ARM.attributes
                0x000003f7       0x1d c:/program files (x86)/cypress/psoc creator/3.3/psoc creator/import/gnu/arm/4.9.3/bin/../lib/gcc/arm-none-eabi/4.9.3/armv7-m\libgcc.a(_arm_fixunssfsi.o)
 .ARM.attributes
                0x00000414       0x2d c:/program files (x86)/cypress/psoc creator/3.3/psoc creator/import/gnu/arm/4.9.3/bin/../lib/gcc/arm-none-eabi/4.9.3/../../../../arm-none-eabi/lib/armv7-m\libg_nano.a(lib_a-errno.o)
 .ARM.attributes
                0x00000441       0x2d c:/program files (x86)/cypress/psoc creator/3.3/psoc creator/import/gnu/arm/4.9.3/bin/../lib/gcc/arm-none-eabi/4.9.3/../../../../arm-none-eabi/lib/armv7-m\libg_nano.a(lib_a-exit.o)
 .ARM.attributes
                0x0000046e       0x2d c:/program files (x86)/cypress/psoc creator/3.3/psoc creator/import/gnu/arm/4.9.3/bin/../lib/gcc/arm-none-eabi/4.9.3/../../../../arm-none-eabi/lib/armv7-m\libg_nano.a(lib_a-impure.o)
 .ARM.attributes
                0x0000049b       0x2d c:/program files (x86)/cypress/psoc creator/3.3/psoc creator/import/gnu/arm/4.9.3/bin/../lib/gcc/arm-none-eabi/4.9.3/../../../../arm-none-eabi/lib/armv7-m\libg_nano.a(lib_a-init.o)
 .ARM.attributes
                0x000004c8       0x2d c:/program files (x86)/cypress/psoc creator/3.3/psoc creator/import/gnu/arm/4.9.3/bin/../lib/gcc/arm-none-eabi/4.9.3/../../../../arm-none-eabi/lib/armv7-m\libg_nano.a(lib_a-memcpy.o)
 .ARM.attributes
                0x000004f5       0x2d c:/program files (x86)/cypress/psoc creator/3.3/psoc creator/import/gnu/arm/4.9.3/bin/../lib/gcc/arm-none-eabi/4.9.3/../../../../arm-none-eabi/lib/armv7-m\libg_nano.a(lib_a-memset.o)
 .ARM.attributes
                0x00000522       0x2d c:/program files (x86)/cypress/psoc creator/3.3/psoc creator/import/gnu/arm/4.9.3/bin/../lib/gcc/arm-none-eabi/4.9.3/armv7-m/crtend.o
 .ARM.attributes
                0x0000054f       0x1d c:/program files (x86)/cypress/psoc creator/3.3/psoc creator/import/gnu/arm/4.9.3/bin/../lib/gcc/arm-none-eabi/4.9.3/armv7-m/crtn.o

/DISCARD/
 *(.note.GNU-stack)
OUTPUT(.\CortexM3\ARM_GCC_493\Debug\LAB2.elf elf32-littlearm)
